Component: ARM Compiler 5.06 update 6 (build 750) Tool: armlink [4d35ed]

==============================================================================

Section Cross References

    startup_stm32f10x_hd.o(STACK) refers (Special) to heapauxi.o(.text) for __use_two_region_memory
    startup_stm32f10x_hd.o(HEAP) refers (Special) to heapauxi.o(.text) for __use_two_region_memory
    startup_stm32f10x_hd.o(RESET) refers (Special) to heapauxi.o(.text) for __use_two_region_memory
    startup_stm32f10x_hd.o(RESET) refers to startup_stm32f10x_hd.o(STACK) for __initial_sp
    startup_stm32f10x_hd.o(RESET) refers to startup_stm32f10x_hd.o(.text) for Reset_Handler
    startup_stm32f10x_hd.o(RESET) refers to wdg.o(i.WWDG_IRQHandler) for WWDG_IRQHandler
    startup_stm32f10x_hd.o(RESET) refers to exti.o(i.EXTI0_IRQHandler) for EXTI0_IRQHandler
    startup_stm32f10x_hd.o(RESET) refers to exti.o(i.EXTI1_IRQHandler) for EXTI1_IRQHandler
    startup_stm32f10x_hd.o(RESET) refers to exti.o(i.EXTI2_IRQHandler) for EXTI2_IRQHandler
    startup_stm32f10x_hd.o(RESET) refers to exti.o(i.EXTI3_IRQHandler) for EXTI3_IRQHandler
    startup_stm32f10x_hd.o(RESET) refers to exti.o(i.EXTI4_IRQHandler) for EXTI4_IRQHandler
    startup_stm32f10x_hd.o(RESET) refers to dma.o(i.DMA1_Channel1_IRQHandler) for DMA1_Channel1_IRQHandler
    startup_stm32f10x_hd.o(RESET) refers to dma.o(i.DMA1_Channel2_IRQHandler) for DMA1_Channel2_IRQHandler
    startup_stm32f10x_hd.o(RESET) refers to dma.o(i.DMA1_Channel3_IRQHandler) for DMA1_Channel3_IRQHandler
    startup_stm32f10x_hd.o(RESET) refers to dma.o(i.DMA1_Channel4_IRQHandler) for DMA1_Channel4_IRQHandler
    startup_stm32f10x_hd.o(RESET) refers to dma.o(i.DMA1_Channel5_IRQHandler) for DMA1_Channel5_IRQHandler
    startup_stm32f10x_hd.o(RESET) refers to dma.o(i.DMA1_Channel6_IRQHandler) for DMA1_Channel6_IRQHandler
    startup_stm32f10x_hd.o(RESET) refers to dma.o(i.DMA1_Channel7_IRQHandler) for DMA1_Channel7_IRQHandler
    startup_stm32f10x_hd.o(RESET) refers to exti.o(i.EXTI9_5_IRQHandler) for EXTI9_5_IRQHandler
    startup_stm32f10x_hd.o(RESET) refers to timer.o(i.TIM1_UP_IRQHandler) for TIM1_UP_IRQHandler
    startup_stm32f10x_hd.o(RESET) refers to timer.o(i.TIM1_TRG_COM_IRQHandler) for TIM1_TRG_COM_IRQHandler
    startup_stm32f10x_hd.o(RESET) refers to timer.o(i.TIM1_CC_IRQHandler) for TIM1_CC_IRQHandler
    startup_stm32f10x_hd.o(RESET) refers to timer.o(i.TIM2_IRQHandler) for TIM2_IRQHandler
    startup_stm32f10x_hd.o(RESET) refers to timer.o(i.TIM3_IRQHandler) for TIM3_IRQHandler
    startup_stm32f10x_hd.o(RESET) refers to timer.o(i.TIM4_IRQHandler) for TIM4_IRQHandler
    startup_stm32f10x_hd.o(RESET) refers to usart.o(i.USART1_IRQHandler) for USART1_IRQHandler
    startup_stm32f10x_hd.o(RESET) refers to usart.o(i.USART2_IRQHandler) for USART2_IRQHandler
    startup_stm32f10x_hd.o(RESET) refers to usart.o(i.USART3_IRQHandler) for USART3_IRQHandler
    startup_stm32f10x_hd.o(RESET) refers to exti.o(i.EXTI15_10_IRQHandler) for EXTI15_10_IRQHandler
    startup_stm32f10x_hd.o(RESET) refers to timer.o(i.TIM8_UP_IRQHandler) for TIM8_UP_IRQHandler
    startup_stm32f10x_hd.o(RESET) refers to timer.o(i.TIM8_TRG_COM_IRQHandler) for TIM8_TRG_COM_IRQHandler
    startup_stm32f10x_hd.o(RESET) refers to timer.o(i.TIM8_CC_IRQHandler) for TIM8_CC_IRQHandler
    startup_stm32f10x_hd.o(RESET) refers to timer.o(i.TIM5_IRQHandler) for TIM5_IRQHandler
    startup_stm32f10x_hd.o(RESET) refers to usart.o(i.UART4_IRQHandler) for UART4_IRQHandler
    startup_stm32f10x_hd.o(RESET) refers to usart.o(i.UART5_IRQHandler) for UART5_IRQHandler
    startup_stm32f10x_hd.o(RESET) refers to timer.o(i.TIM6_IRQHandler) for TIM6_IRQHandler
    startup_stm32f10x_hd.o(RESET) refers to timer.o(i.TIM7_IRQHandler) for TIM7_IRQHandler
    startup_stm32f10x_hd.o(RESET) refers to dma.o(i.DMA2_Channel1_IRQHandler) for DMA2_Channel1_IRQHandler
    startup_stm32f10x_hd.o(RESET) refers to dma.o(i.DMA2_Channel2_IRQHandler) for DMA2_Channel2_IRQHandler
    startup_stm32f10x_hd.o(RESET) refers to dma.o(i.DMA2_Channel3_IRQHandler) for DMA2_Channel3_IRQHandler
    startup_stm32f10x_hd.o(RESET) refers to dma.o(i.DMA2_Channel4_5_IRQHandler) for DMA2_Channel4_5_IRQHandler
    startup_stm32f10x_hd.o(.text) refers (Special) to heapauxi.o(.text) for __use_two_region_memory
    startup_stm32f10x_hd.o(.text) refers to __main.o(!!!main) for __main
    startup_stm32f10x_hd.o(.text) refers to startup_stm32f10x_hd.o(HEAP) for Heap_Mem
    startup_stm32f10x_hd.o(.text) refers to startup_stm32f10x_hd.o(STACK) for Stack_Mem
    main.o(i._Z9led0_flipv) refers to led.o(.data) for led0
    main.o(i._Z9led1_flipv) refers to basic.o(i._Z6millisv) for millis()
    main.o(i._Z9led1_flipv) refers to usart.o(i._ZN4UART6printfEPKcz) for UART::printf(const char*, ...)
    main.o(i._Z9led1_flipv) refers to led.o(.data) for led1
    main.o(i._Z9led1_flipv) refers to main.o(.data) for t
    main.o(i._Z9led1_flipv) refers to usart.o(.bss) for uart1
[...]
    .text                                    0x080005d8   Section        0  _printf_oct_int_ll.o(.text)
    _printf_longlong_oct_internal            0x080005d9   Thumb Code     0  _printf_oct_int_ll.o(.text)
    .text                                    0x08000648   Section        0  _printf_hex_int_ll_ptr.o(.text)
    _printf_hex_common                       0x08000649   Thumb Code     0  _printf_hex_int_ll_ptr.o(.text)
    .text                                    0x080006dc   Section        0  __printf_flags_ss_wp.o(.text)
    .text                                    0x08000864   Section      138  lludiv10.o(.text)
    .text                                    0x080008ee   Section        0  _printf_intcommon.o(.text)
    .text                                    0x080009a0   Section        0  _printf_fp_dec.o(.text)
    _fp_digits                               0x080009a3   Thumb Code   432  _printf_fp_dec.o(.text)
    .text                                    0x08000dbe   Section        0  _printf_char.o(.text)
    .text                                    0x08000dea   Section        0  _printf_wchar.o(.text)
    .text                                    0x08000e16   Section        0  _wcrtomb.o(.text)
    .text                                    0x08000e56   Section       74  sys_stackheap_outer.o(.text)
    .text                                    0x08000ea0   Section       16  rt_ctype_table.o(.text)
    .text                                    0x08000eb0   Section        8  rt_locale_intlibspace.o(.text)
    .text                                    0x08000eb8   Section        0  _printf_fp_infnan.o(.text)
    .text                                    0x08000f38   Section        0  bigflt0.o(.text)
    .text                                    0x0800101c   Section        0  exit.o(.text)
    .text                                    0x08001030   Section        8  libspace.o(.text)
    .text                                    0x08001038   Section      128  strcmpv7m.o(.text)
    .text                                    0x080010b8   Section        2  use_no_semi.o(.text)
    .text                                    0x080010ba   Section        0  indicate_semi.o(.text)
    .text                                    0x080010bc   Section        0  sys_exit.o(.text)
    CL$$btod_d2e                             0x080010c8   Section       62  btod.o(CL$$btod_d2e)
    CL$$btod_d2e_denorm_low                  0x08001106   Section       70  btod.o(CL$$btod_d2e_denorm_low)
    CL$$btod_d2e_norm_op1                    0x0800114c   Section       96  btod.o(CL$$btod_d2e_norm_op1)
    CL$$btod_div_common                      0x080011ac   Section      824  btod.o(CL$$btod_div_common)
    CL$$btod_e2e                             0x080014e4   Section      220  btod.o(CL$$btod_e2e)
    CL$$btod_ediv                            0x080015c0   Section       42  btod.o(CL$$btod_ediv)
    CL$$btod_emul                            0x080015ea   Section       42  btod.o(CL$$btod_emul)
    CL$$btod_mult_common                     0x08001614   Section      580  btod.o(CL$$btod_mult_common)
    i.DMA1_Channel1_IRQHandler               0x08001858   Section        0  dma.o(i.DMA1_Channel1_IRQHandler)
    i.DMA1_Channel2_IRQHandler               0x08001868   Section        0  dma.o(i.DMA1_Channel2_IRQHandler)
    i.DMA1_Channel3_IRQHandler               0x08001878   Section        0  dma.o(i.DMA1_Channel3_IRQHandler)
    i.DMA1_Channel4_IRQHandler               0x08001888   Section        0  dma.o(i.DMA1_Channel4_IRQHandler)
    i.DMA1_Channel5_IRQHandler               0x08001898   Section        0  dma.o(i.DMA1_Channel5_IRQHandler)
    i.DMA1_Channel6_IRQHandler               0x080018a8   Section        0  dma.o(i.DMA1_Channel6_IRQHandler)
    i.DMA1_Channel7_IRQHandler               0x080018b8   Section        0  dma.o(i.DMA1_Channel7_IRQHandler)
    i.DMA2_Channel1_IRQHandler               0x080018c8   Section        0  dma.o(i.DMA2_Channel1_IRQHandler)
    i.DMA2_Channel2_IRQHandler               0x080018d8   Section        0  dma.o(i.DMA2_Channel2_IRQHandler)
    i.DMA2_Channel3_IRQHandler               0x080018e8   Section        0  dma.o(i.DMA2_Channel3_IRQHandler)
    i.DMA2_Channel4_5_IRQHandler             0x080018f8   Section        0  dma.o(i.DMA2_Channel4_5_IRQHandler)
    i.EXTI0_IRQHandler                       0x08001910   Section        0  exti.o(i.EXTI0_IRQHandler)
    i.EXTI15_10_IRQHandler                   0x08001930   Section        0  exti.o(i.EXTI15_10_IRQHandler)
    i.EXTI1_IRQHandler                       0x08001960   Section        0  exti.o(i.EXTI1_IRQHandler)
    i.EXTI2_IRQHandler                       0x08001980   Section        0  exti.o(i.EXTI2_IRQHandler)
    i.EXTI3_IRQHandler                       0x080019a0   Section        0  exti.o(i.EXTI3_IRQHandler)
    i.EXTI4_IRQHandler                       0x080019c0   Section        0  exti.o(i.EXTI4_IRQHandler)
    i.EXTI9_5_IRQHandler                     0x080019e0   Section        0  exti.o(i.EXTI9_5_IRQHandler)
    i.MY_NVIC_Init                           0x08001a10   Section        0  sys.o(i.MY_NVIC_Init)
    i.MY_NVIC_PriorityGroupConfig            0x08001a88   Section        0  sys.o(i.MY_NVIC_PriorityGroupConfig)
    i.MY_NVIC_SetVectorTable                 0x08001ab0   Section        0  sys.o(i.MY_NVIC_SetVectorTable)
    i.Stm32_Clock_Init                       0x08001ac4   Section        0  sys.o(i.Stm32_Clock_Init)
    i.TIM1_CC_IRQHandler                     0x08001b54   Section        0  timer.o(i.TIM1_CC_IRQHandler)
    i.TIM1_TRG_COM_IRQHandler                0x08001b64   Section        0  timer.o(i.TIM1_TRG_COM_IRQHandler)
    i.TIM1_UP_IRQHandler                     0x08001b74   Section        0  timer.o(i.TIM1_UP_IRQHandler)
    i.TIM2_IRQHandler                        0x08001b84   Section        0  timer.o(i.TIM2_IRQHandler)
    i.TIM3_IRQHandler                        0x08001b94   Section        0  timer.o(i.TIM3_IRQHandler)
    i.TIM4_IRQHandler                        0x08001ba4   Section        0  timer.o(i.TIM4_IRQHandler)
    i.TIM5_IRQHandler                        0x08001bb4   Section        0  timer.o(i.TIM5_IRQHandler)
    i.TIM6_IRQHandler                        0x08001bc4   Section        0  timer.o(i.TIM6_IRQHandler)
    i.TIM7_IRQHandler                        0x08001bd4   Section        0  timer.o(i.TIM7_IRQHandler)
    i.TIM8_CC_IRQHandler                     0x08001be4   Section        0  timer.o(i.TIM8_CC_IRQHandler)
    i.TIM8_TRG_COM_IRQHandler                0x08001bf4   Section        0  timer.o(i.TIM8_TRG_COM_IRQHandler)
    i.TIM8_UP_IRQHandler                     0x08001c04   Section        0  timer.o(i.TIM8_UP_IRQHandler)
    i.UART4_IRQHandler                       0x08001c14   Section        0  usart.o(i.UART4_IRQHandler)
    i.UART5_IRQHandler                       0x08001c24   Section        0  usart.o(i.UART5_IRQHandler)
    i.USART1_IRQHandler                      0x08001c34   Section        0  usart.o(i.USART1_IRQHandler)
    i.USART2_IRQHandler                      0x08001c44   Section        0  usart.o(i.USART2_IRQHandler)
    i.USART3_IRQHandler                      0x08001c54   Section        0  usart.o(i.USART3_IRQHandler)
    i.WWDG_IRQHandler                        0x08001c64   Section        0  wdg.o(i.WWDG_IRQHandler)
    i._Z11update_timev                       0x08001c80   Section        0  basic.o(i._Z11update_timev)
    i._Z12MYRCC_DeInitv                      0x08001c90   Section        0  sys.o(i._Z12MYRCC_DeInitv)
    i._Z16rdma1_IRQHandlerv                  0x08001cf8   Section        0  usart.o(i._Z16rdma1_IRQHandlerv)
    i._Z16rdma2_IRQHandlerv                  0x08001d10   Section        0  usart.o(i._Z16rdma2_IRQHandlerv)
    i._Z16rdma3_IRQHandlerv                  0x08001d28   Section        0  usart.o(i._Z16rdma3_IRQHandlerv)
    i._Z16tdma1_IRQHandlerv                  0x08001d40   Section        0  usart.o(i._Z16tdma1_IRQHandlerv)
    i._Z16tdma2_IRQHandlerv                  0x08001d50   Section        0  usart.o(i._Z16tdma2_IRQHandlerv)
    i._Z16tdma3_IRQHandlerv                  0x08001d60   Section        0  usart.o(i._Z16tdma3_IRQHandlerv)
    i._Z5delayt                              0x08001d70   Section        0  basic.o(i._Z5delayt)
    i._Z5put16jhj                            0x08001e20   Section        0  basic.o(i._Z5put16jhj)
    i._Z6millisv                             0x08001e3c   Section        0  basic.o(i._Z6millisv)
    i._Z7pinMode3pin7IO_mode8IO_level        0x08001e48   Section        0  basic.o(i._Z7pinMode3pin7IO_mode8IO_level)
    i._Z8key_initv                           0x08001ebc   Section        0  key.o(i._Z8key_initv)
    i._Z8led_initv                           0x08001efc   Section        0  led.o(i._Z8led_initv)
    i._Z8sys_inithh                          0x08001f20   Section        0  basic.o(i._Z8sys_inithh)
    i._Z9NVIC_inith13NVIC_priority           0x08001f8c   Section        0  basic.o(i._Z9NVIC_inith13NVIC_priority)
    i._Z9led1_flipv                          0x08001fa4   Section        0  main.o(i._Z9led1_flipv)
    i._ZN4UART10IRQHandlerEv                 0x0800202c   Section        0  usart.o(i._ZN4UART10IRQHandlerEv)
    i._ZN4UART6enableEh9recv_mode4io_tS1_j8parity_e 0x080021a4   Section        0  usart.o(i._ZN4UART6enableEh9recv_mode4io_tS1_j8parity_e)
    i._ZN4UART6printfEPKcz                   0x080025e0   Section        0  usart.o(i._ZN4UART6printfEPKcz)
    i._ZN4UARTC1EP13USART_TypeDef            0x080026d0   Section        0  usart.o(i._ZN4UARTC1EP13USART_TypeDef)
    i._ZN5timer10IRQHandlerEv                0x08002740   Section        0  timer.o(i._ZN5timer10IRQHandlerEv)
    i._ZN5timer10attach_ITREPFvvE9tim_event13NVIC_priority 0x080027c8   Section        0  timer.o(i._ZN5timer10attach_ITREPFvvE9tim_event13NVIC_priority)
    i._ZN5timer13set_frequencyEj             0x080028c4   Section        0  timer.o(i._ZN5timer13set_frequencyEj)
    i._ZN5timer4initE8tim_mode               0x080028f0   Section        0  timer.o(i._ZN5timer4initE8tim_mode)
    i._ZN5timer6enableEv                     0x08002950   Section        0  timer.o(i._ZN5timer6enableEv)
    i._ZN5timerC1EP11TIM_TypeDef             0x0800295e   Section        0  timer.o(i._ZN5timerC1EP11TIM_TypeDef)
    i._ZN6DMA_CH10IRQHandlerEv               0x08002984   Section        0  dma.o(i._ZN6DMA_CH10IRQHandlerEv)
    i._ZN6DMA_CH10attach_ITREPFvvE13NVIC_priority 0x08002a20   Section        0  dma.o(i._ZN6DMA_CH10attach_ITREPFvvE13NVIC_priority)
    i._ZN6DMA_CH4initEjj7dma_dirthh9data_sizeS1_hh12dma_priority 0x08002b44   Section        0  dma.o(i._ZN6DMA_CH4initEjj7dma_dirthh9data_sizeS1_hh12dma_priority)
    i._ZN6DMA_CH6configEjjt                  0x08002bd4   Section        0  dma.o(i._ZN6DMA_CH6configEjjt)
    i._ZN6DMA_CH6enableEv                    0x08002be2   Section        0  dma.o(i._ZN6DMA_CH6enableEv)
    i._ZN6DMA_CHC1EP19DMA_Channel_TypeDef    0x08002c06   Section        0  dma.o(i._ZN6DMA_CHC1EP19DMA_Channel_TypeDef)
    i.__ARM_fpclassify                       0x08002c0e   Section        0  fpclassify.o(i.__ARM_fpclassify)
    i.__sti___7_dma_cpp_dma1_1               0x08002c38   Section        0  dma.o(i.__sti___7_dma_cpp_dma1_1)
    __sti___7_dma_cpp_dma1_1                 0x08002c39   Thumb Code   120  dma.o(i.__sti___7_dma_cpp_dma1_1)
    i.__sti___9_timer_cpp_tim1               0x08002ce8   Section        0  timer.o(i.__sti___9_timer_cpp_tim1)
    __sti___9_timer_cpp_tim1                 0x08002ce9   Thumb Code    70  timer.o(i.__sti___9_timer_cpp_tim1)
    i.__sti___9_usart_cpp_eed3c6e7           0x08002d6c   Section        0  usart.o(i.__sti___9_usart_cpp_eed3c6e7)
    __sti___9_usart_cpp_eed3c6e7             0x08002d6d   Thumb Code    44  usart.o(i.__sti___9_usart_cpp_eed3c6e7)
    i._is_digit                              0x08002dc0   Section        0  __printf_wp.o(i._is_digit)
    i.main                                   0x08002dd0   Section        0  main.o(i.main)
    locale$$code                             0x08002ea0   Section       44  lc_numeric_c.o(locale$$code)
    locale$$code                             0x08002ecc   Section       44  lc_ctype_c.o(locale$$code)
    x$fpl$ddiv                               0x08002ef8   Section      688  ddiv.o(x$fpl$ddiv)
    ddiv_entry                               0x08002eff   Thumb Code     0  ddiv.o(x$fpl$ddiv)
    x$fpl$dfix                               0x080031a8   Section       94  dfix.o(x$fpl$dfix)
    x$fpl$dnaninf                            0x08003206   Section      156  dnaninf.o(x$fpl$dnaninf)
    x$fpl$dretinf                            0x080032a2   Section       12  dretinf.o(x$fpl$dretinf)
    x$fpl$f2d                                0x080032b0   Section       86  f2d.o(x$fpl$f2d)
    x$fpl$fadd                               0x08003308   Section      196  faddsub_clz.o(x$fpl$fadd)
    _fadd1                                   0x08003317   Thumb Code     0  faddsub_clz.o(x$fpl$fadd)
    x$fpl$fdiv                               0x080033cc   Section      388  fdiv.o(x$fpl$fdiv)
    _fdiv1                                   0x080033cd   Thumb Code     0  fdiv.o(x$fpl$fdiv)
    x$fpl$ffix                               0x08003550   Section       54  ffix.o(x$fpl$ffix)
    x$fpl$ffixu                              0x08003588   Section       62  ffixu.o(x$fpl$ffixu)
    x$fpl$fflt                               0x080035c8   Section       48  fflt_clz.o(x$fpl$fflt)
    x$fpl$ffltu                              0x080035f8   Section       38  fflt_clz.o(x$fpl$ffltu)
    x$fpl$fmul                               0x08003620   Section      258  fmul.o(x$fpl$fmul)
    x$fpl$fnaninf                            0x08003722   Section      140  fnaninf.o(x$fpl$fnaninf)
    x$fpl$fretinf                            0x080037ae   Section       10  fretinf.o(x$fpl$fretinf)
    x$fpl$frsb                               0x080037b8   Section       20  faddsub_clz.o(x$fpl$frsb)
    x$fpl$fsub                               0x080037cc   Section      234  faddsub_clz.o(x$fpl$fsub)
    _fsub1                                   0x080037db   Thumb Code     0  faddsub_clz.o(x$fpl$fsub)
    x$fpl$printf1                            0x080038b6   Section        4  printf1.o(x$fpl$printf1)
    x$fpl$usenofp                            0x080038ba   Section        0  usenofp.o(x$fpl$usenofp)
    .constdata                               0x080038bc   Section        8  _printf_wctomb.o(.constdata)
    initial_mbstate                          0x080038bc   Data           8  _printf_wctomb.o(.constdata)
    .constdata                               0x080038c4   Section       40  _printf_hex_int_ll_ptr.o(.constdata)
    uc_hextab                                0x080038c4   Data          20  _printf_hex_int_ll_ptr.o(.constdata)
    lc_hextab                                0x080038d8   Data          20  _printf_hex_int_ll_ptr.o(.constdata)
    .constdata                               0x080038ec   Section       17  __printf_flags_ss_wp.o(.constdata)
    maptable                                 0x080038ec   Data          17  __printf_flags_ss_wp.o(.constdata)
    .constdata                               0x08003900   Section      148  bigflt0.o(.constdata)
    tenpwrs_x                                0x08003900   Data          60  bigflt0.o(.constdata)
    tenpwrs_i                                0x0800393c   Data          64  bigflt0.o(.constdata)
    locale$$data                             0x080039b4   Section       28  lc_numeric_c.o(locale$$data)
    __lcnum_c_name                           0x080039b8   Data           2  lc_numeric_c.o(locale$$data)
    __lcnum_c_start                          0x080039c0   Data           0  lc_numeric_c.o(locale$$data)
    __lcnum_c_point                          0x080039cc   Data           0  lc_numeric_c.o(locale$$data)
    __lcnum_c_thousands                      0x080039ce   Data           0  lc_numeric_c.o(locale$$data)
    __lcnum_c_grouping                       0x080039cf   Data           0  lc_numeric_c.o(locale$$data)
    locale$$data                             0x080039d0   Section      272  lc_ctype_c.o(locale$$data)
    __lcnum_c_end                            0x080039d0   Data           0  lc_numeric_c.o(locale$$data)
    __lcctype_c_name                         0x080039d4   Data           2  lc_ctype_c.o(locale$$data)
    __lcctype_c_start                        0x080039dc   Data           0  lc_ctype_c.o(locale$$data)
    .init_array                              0x08003ae0   Section        4  dma.o(.init_array)
    __lcctype_c_end                          0x08003ae0   Data           0  lc_ctype_c.o(locale$$data)
    .init_array                              0x08003ae4   Section        4  timer.o(.init_array)
    .init_array                              0x08003ae8   Section        4  usart.o(.init_array)
    .init_array                              0x08003aec   Section        0  init_aeabi.o(.init_array)
    .data                                    0x20000000   Section        8  main.o(.data)
    .data                                    0x20000008   Section       14  basic.o(.data)
    .data                                    0x20000016   Section        1  wdg.o(.data)
    .data                                    0x20000018   Section       16  led.o(.data)
    .data                                    0x20000028   Section       32  key.o(.data)
    .data                                    0x20000048   Section      116  usart.o(.data)
    UART::printf(const char*, ...)::ap       0x200000b8   Data           4  usart.o(.data)
    .bss                                     0x200000bc   Section       64  exti.o(.bss)
    .bss                                     0x200000fc   Section      144  dma.o(.bss)
    .bss                                     0x2000018c   Section      224  timer.o(.bss)
    .bss                                     0x2000026c   Section     2160  usart.o(.bss)
    .bss                                     0x20000adc   Section       96  libspace.o(.bss)
    HEAP                                     0x20000b40   Section        0  startup_stm32f10x_hd.o(HEAP)
    STACK                                    0x20000b40   Section     1024  startup_stm32f10x_hd.o(STACK)
    Heap_Mem                                 0x20000b40   Data           0  startup_stm32f10x_hd.o(HEAP)
    Stack_Mem                                0x20000b40   Data        1024  startup_stm32f10x_hd.o(STACK)
    __initial_sp                             0x20000f40   Data           0  startup_stm32f10x_hd.o(STACK)

    Global Symbols

    Symbol Name                              Value     Ov Type        Size  Object(Section)

    BuildAttributes$$THM_ISAv4$P$D$K$B$S$PE$A:L22UL41UL21$X:L11$S22US41US21$IEEE1$IW$USESV6$~STKCKD$USESV7$~SHL$OTIME$ROPI$IEEEJ$EBA8$UX$STANDARDLIB$REQ8$PRES8$EABIv2 0x00000000   Number         0  anon$$obj.o ABSOLUTE
    __ARM_use_no_argv                        0x00000000   Number         0  main.o ABSOLUTE
    _printf_flags                            0x00000000   Number         0  printf_stubs.o ABSOLUTE
    _printf_return_value                     0x00000000   Number         0  printf_stubs.o ABSOLUTE
    _printf_sizespec                         0x00000000   Number         0  printf_stubs.o ABSOLUTE
    _printf_widthprec                        0x00000000   Number         0  printf_stubs.o ABSOLUTE
    __ARM_exceptions_init                     - Undefined Weak Reference
    __alloca_initialize                       - Undefined Weak Reference
    __arm_preinit_                            - Undefined Weak Reference
    __cxa_finalize                            - Undefined Weak Reference
    __sigvec_lookup                           - Undefined Weak Reference
    _atexit_init                              - Undefined Weak Reference
    _call_atexit_fns                          - Undefined Weak Reference
    _clock_init                               - Undefined Weak Reference
    _fp_trap_init                             - Undefined Weak Reference
    _fp_trap_shutdown                         - Undefined Weak Reference
    _get_lc_collate                           - Undefined Weak Reference
    _get_lc_monetary                          - Undefined Weak Reference
    _get_lc_time                              - Undefined Weak Reference
    _getenv_init                              - Undefined Weak Reference
    _handle_redirection                       - Undefined Weak Reference
    _init_alloc                               - Undefined Weak Reference
    _init_user_alloc                          - Undefined Weak Reference
    _initio                                   - Undefined Weak Reference
    _printf_fp_hex                            - Undefined Weak Reference
    _printf_mbtowc                            - Undefined Weak Reference
    _printf_wc                                - Undefined Weak Reference
    _rand_init                                - Undefined Weak Reference
    _signal_finish                            - Undefined Weak Reference
    _signal_init                              - Undefined Weak Reference
    _terminate_alloc                          - Undefined Weak Reference
    _terminate_user_alloc                     - Undefined Weak Reference
    _terminateio                              - Undefined Weak Reference
    __Vectors_Size                           0x00000130   Number         0  startup_stm32f10x_hd.o ABSOLUTE
    __Vectors                                0x08000000   Data           4  startup_stm32f10x_hd.o(RESET)
    __Vectors_End                            0x08000130   Data           0  startup_stm32f10x_hd.o(RESET)
    __main                                   0x08000131   Thumb Code     8  __main.o(!!!main)
    __scatterload                            0x08000139   Thumb Code     0  __scatter.o(!!!scatter)
    __scatterload_rt2                        0x08000139   Thumb Code    44  __scatter.o(!!!scatter)
    __scatterload_rt2_thumb_only             0x08000139   Thumb Code     0  __scatter.o(!!!scatter)
    __scatterload_null                       0x08000147   Thumb Code     0  __scatter.o(!!!scatter)
    __scatterload_copy                       0x0800016d   Thumb Code    26  __scatter_copy.o(!!handler_copy)
    __scatterload_zeroinit                   0x08000189   Thumb Code    28  __scatter_zi.o(!!handler_zi)
    _printf_n                                0x080001a5   Thumb Code     0  _printf_n.o(.ARM.Collect$$_printf_percent$$00000001)
    _printf_percent                          0x080001a5   Thumb Code     0  _printf_percent.o(.ARM.Collect$$_printf_percent$$00000000)
    _printf_p                                0x080001ab   Thumb Code     0  _printf_p.o(.ARM.Collect$$_printf_percent$$00000002)
    _printf_f                                0x080001b1   Thumb Code     0  _printf_f.o(.ARM.Collect$$_printf_percent$$00000003)
    _printf_e                                0x080001b7   Thumb Code     0  _printf_e.o(.ARM.Collect$$_printf_percent$$00000004)
    _printf_g                                0x080001bd   Thumb Code     0  _printf_g.o(.ARM.Collect$$_printf_percent$$00000005)
    _printf_a                                0x080001c3   Thumb Code     0  _printf_a.o(.ARM.Collect$$_printf_percent$$00000006)
    _printf_ll                               0x080001c9   Thumb Code     0  _printf_ll.o(.ARM.Collect$$_printf_percent$$00000007)
    _printf_i                                0x080001d3   Thumb Code     0  _printf_i.o(.ARM.Collect$$_printf_percent$$00000008)
    _printf_d                                0x080001d9   Thumb Code     0  _printf_d.o(.ARM.Collect$$_printf_percent$$00000009)
    _printf_u                                0x080001df   Thumb Code     0  _printf_u.o(.ARM.Collect$$_printf_percent$$0000000A)
    _printf_o                                0x080001e5   Thumb Code     0  _printf_o.o(.ARM.Collect$$_printf_percent$$0000000B)
    _printf_x                                0x080001eb   Thumb Code     0  _printf_x.o(.ARM.Collect$$_printf_percent$$0000000C)
    _printf_lli                              0x080001f1   Thumb Code     0  _printf_lli.o(.ARM.Collect$$_printf_percent$$0000000D)
    _printf_lld                              0x080001f7   Thumb Code     0  _printf_lld.o(.ARM.Collect$$_printf_percent$$0000000E)
    _printf_llu                              0x080001fd   Thumb Code     0  _printf_llu.o(.ARM.Collect$$_printf_percent$$0000000F)
    _printf_llo                              0x08000203   Thumb Code     0  _printf_llo.o(.ARM.Collect$$_printf_percent$$00000010)
    _printf_llx                              0x08000209   Thumb Code     0  _printf_llx.o(.ARM.Collect$$_printf_percent$$00000011)
    _printf_l                                0x0800020f   Thumb Code     0  _printf_l.o(.ARM.Collect$$_printf_percent$$00000012)
    _printf_c                                0x08000219   Thumb Code     0  _printf_c.o(.ARM.Collect$$_printf_percent$$00000013)
    _printf_s                                0x0800021f   Thumb Code     0  _printf_s.o(.ARM.Collect$$_printf_percent$$00000014)
    _printf_lc                               0x08000225   Thumb Code     0  _printf_lc.o(.ARM.Collect$$_printf_percent$$00000015)
    _printf_ls                               0x0800022b   Thumb Code     0  _printf_ls.o(.ARM.Collect$$_printf_percent$$00000016)
    _printf_percent_end                      0x08000231   Thumb Code     0  _printf_percent_end.o(.ARM.Collect$$_printf_percent$$00000017)
    __rt_lib_init                            0x08000235   Thumb Code     0  libinit.o(.ARM.Collect$$libinit$$00000000)
    __rt_lib_init_fp_1                       0x08000237   Thumb Code     0  libinit2.o(.ARM.Collect$$libinit$$00000002)
    __rt_lib_init_heap_1                     0x08000237   Thumb Code     0  libinit2.o(.ARM.Collect$$libinit$$0000000A)
    __rt_lib_init_lc_common                  0x08000237   Thumb Code     0  libinit2.o(.ARM.Collect$$libinit$$0000000F)
    __rt_lib_init_preinit_1                  0x08000237   Thumb Code     0  libinit2.o(.ARM.Collect$$libinit$$00000004)
    __rt_lib_init_rand_1                     0x08000237   Thumb Code     0  libinit2.o(.ARM.Collect$$libinit$$0000000E)
    __rt_lib_init_user_alloc_1               0x08000237   Thumb Code     0  libinit2.o(.ARM.Collect$$libinit$$0000000C)
    __rt_lib_init_lc_collate_1               0x0800023d   Thumb Code     0  libinit2.o(.ARM.Collect$$libinit$$00000011)
    __rt_lib_init_lc_ctype_2                 0x0800023d   Thumb Code     0  libinit2.o(.ARM.Collect$$libinit$$00000012)
    __rt_lib_init_lc_ctype_1                 0x08000249   Thumb Code     0  libinit2.o(.ARM.Collect$$libinit$$00000013)
    __rt_lib_init_lc_monetary_1              0x08000249   Thumb Code     0  libinit2.o(.ARM.Collect$$libinit$$00000015)
    __rt_lib_init_lc_numeric_2               0x08000249   Thumb Code     0  libinit2.o(.ARM.Collect$$libinit$$00000016)
    __rt_lib_init_alloca_1                   0x08000253   Thumb Code     0  libinit2.o(.ARM.Collect$$libinit$$0000002E)
    __rt_lib_init_argv_1                     0x08000253   Thumb Code     0  libinit2.o(.ARM.Collect$$libinit$$0000002C)
    __rt_lib_init_atexit_1                   0x08000253   Thumb Code     0  libinit2.o(.ARM.Collect$$libinit$$0000001B)
    __rt_lib_init_clock_1                    0x08000253   Thumb Code     0  libinit2.o(.ARM.Collect$$libinit$$00000021)
    __rt_lib_init_cpp_2                      0x08000253   Thumb Code     0  libinit2.o(.ARM.Collect$$libinit$$00000031)
    __rt_lib_init_exceptions_1               0x08000253   Thumb Code     0  libinit2.o(.ARM.Collect$$libinit$$00000030)
    __rt_lib_init_fp_trap_1                  0x08000253   Thumb Code     0  libinit2.o(.ARM.Collect$$libinit$$0000001F)
    __rt_lib_init_getenv_1                   0x08000253   Thumb Code     0  libinit2.o(.ARM.Collect$$libinit$$00000023)
    __rt_lib_init_lc_numeric_1               0x08000253   Thumb Code     0  libinit2.o(.ARM.Collect$$libinit$$00000017)
    __rt_lib_init_lc_time_1                  0x08000253   Thumb Code     0  libinit2.o(.ARM.Collect$$libinit$$00000019)
    __rt_lib_init_signal_1                   0x08000253   Thumb Code     0  libinit2.o(.ARM.Collect$$libinit$$0000001D)
    __rt_lib_init_stdio_1                    0x08000253   Thumb Code     0  libinit2.o(.ARM.Collect$$libinit$$00000025)
    __rt_lib_init_cpp_1                      0x08000257   Thumb Code     0  libinit2.o(.ARM.Collect$$libinit$$00000032)
    __rt_lib_init_return                     0x08000257   Thumb Code     0  libinit2.o(.ARM.Collect$$libinit$$00000033)
    __rt_lib_shutdown                        0x08000259   Thumb Code     0  libshutdown.o(.ARM.Collect$$libshutdown$$00000000)
    __rt_lib_shutdown_cpp_1                  0x0800025b   Thumb Code     0  libshutdown2.o(.ARM.Collect$$libshutdown$$00000002)
    __rt_lib_shutdown_fp_trap_1              0x0800025b   Thumb Code     0  libshutdown2.o(.ARM.Collect$$libshutdown$$00000007)
    __rt_lib_shutdown_heap_1                 0x0800025b   Thumb Code     0  libshutdown2.o(.ARM.Collect$$libshutdown$$0000000F)
    __rt_lib_shutdown_return                 0x0800025b   Thumb Code     0  libshutdown2.o(.ARM.Collect$$libshutdown$$00000010)
    __rt_lib_shutdown_signal_1               0x0800025b   Thumb Code     0  libshutdown2.o(.ARM.Collect$$libshutdown$$0000000A)
    __rt_lib_shutdown_stdio_1                0x0800025b   Thumb Code     0  libshutdown2.o(.ARM.Collect$$libshutdown$$00000004)
    __rt_lib_shutdown_user_alloc_1           0x0800025b   Thumb Code     0  libshutdown2.o(.ARM.Collect$$libshutdown$$0000000C)
    __rt_entry                               0x0800025d   Thumb Code     0  __rtentry.o(.ARM.Collect$$rtentry$$00000000)
    __rt_entry_presh_1                       0x0800025d   Thumb Code     0  __rtentry2.o(.ARM.Collect$$rtentry$$00000002)
    __rt_entry_sh                            0x0800025d   Thumb Code     0  __rtentry4.o(.ARM.Collect$$rtentry$$00000004)
    __rt_entry_li                            0x08000263   Thumb Code     0  __rtentry2.o(.ARM.Collect$$rtentry$$0000000A)
    __rt_entry_postsh_1                      0x08000263   Thumb Code     0  __rtentry2.o(.ARM.Collect$$rtentry$$00000009)
    __rt_entry_main                          0x08000267   Thumb Code     0  __rtentry2.o(.ARM.Collect$$rtentry$$0000000D)
    __rt_entry_postli_1                      0x08000267   Thumb Code     0  __rtentry2.o(.ARM.Collect$$rtentry$$0000000C)
    __rt_exit                                0x0800026f   Thumb Code     0  rtexit.o(.ARM.Collect$$rtexit$$00000000)
    __rt_exit_ls                             0x08000271   Thumb Code     0  rtexit2.o(.ARM.Collect$$rtexit$$00000003)
    __rt_exit_prels_1                        0x08000271   Thumb Code     0  rtexit2.o(.ARM.Collect$$rtexit$$00000002)
    __rt_exit_exit                           0x08000275   Thumb Code     0  rtexit2.o(.ARM.Collect$$rtexit$$00000004)
    Reset_Handler                            0x0800027d   Thumb Code     4  startup_stm32f10x_hd.o(.text)
    NMI_Handler                              0x08000281   Thumb Code     2  startup_stm32f10x_hd.o(.text)
    HardFault_Handler                        0x08000283   Thumb Code     2  startup_stm32f10x_hd.o(.text)
    MemManage_Handler                        0x08000285   Thumb Code     2  startup_stm32f10x_hd.o(.text)
    BusFault_Handler                         0x08000287   Thumb Code     2  startup_stm32f10x_hd.o(.text)
    UsageFault_Handler                       0x08000289   Thumb Code     2  startup_stm32f10x_hd.o(.text)
    SVC_Handler                              0x0800028b   Thumb Code     2  startup_stm32f10x_hd.o(.text)
    DebugMon_Handler                         0x0800028d   Thumb Code     2  startup_stm32f10x_hd.o(.text)
    PendSV_Handler                           0x0800028f   Thumb Code     2  startup_stm32f10x_hd.o(.text)
    SysTick_Handler                          0x08000291   Thumb Code     2  startup_stm32f10x_hd.o(.text)
    ADC1_2_IRQHandler                        0x08000293   Thumb Code     0  startup_stm32f10x_hd.o(.text)
    ADC3_IRQHandler                          0x08000293   Thumb Code     0  startup_stm32f10x_hd.o(.text)
    CAN1_RX1_IRQHandler                      0x08000293   Thumb Code     0  startup_stm32f10x_hd.o(.text)
    CAN1_SCE_IRQHandler                      0x08000293   Thumb Code     0  startup_stm32f10x_hd.o(.text)
    FLASH_IRQHandler                         0x08000293   Thumb Code     0  startup_stm32f10x_hd.o(.text)
    FSMC_IRQHandler                          0x08000293   Thumb Code     0  startup_stm32f10x_hd.o(.text)
    I2C1_ER_IRQHandler                       0x08000293   Thumb Code     0  startup_stm32f10x_hd.o(.text)
    I2C1_EV_IRQHandler                       0x08000293   Thumb Code     0  startup_stm32f10x_hd.o(.text)
    I2C2_ER_IRQHandler                       0x08000293   Thumb Code     0  startup_stm32f10x_hd.o(.text)
    I2C2_EV_IRQHandler                       0x08000293   Thumb Code     0  startup_stm32f10x_hd.o(.text)
    PVD_IRQHandler                           0x08000293   Thumb Code     0  startup_stm32f10x_hd.o(.text)
    RCC_IRQHandler                           0x08000293   Thumb Code     0  startup_stm32f10x_hd.o(.text)
    RTCAlarm_IRQHandler                      0x08000293   Thumb Code     0  startup_stm32f10x_hd.o(.text)
    RTC_IRQHandler                           0x08000293   Thumb Code     0  startup_stm32f10x_hd.o(.text)
    SDIO_IRQHandler                          0x08000293   Thumb Code     0  startup_stm32f10x_hd.o(.text)
    SPI1_IRQHandler                          0x08000293   Thumb Code     0  startup_stm32f10x_hd.o(.text)
    SPI2_IRQHandler                          0x08000293   Thumb Code     0  startup_stm32f10x_hd.o(.text)
    SPI3_IRQHandler                          0x08000293   Thumb Code     0  startup_stm32f10x_hd.o(.text)
    TAMPER_IRQHandler                        0x08000293   Thumb Code     0  startup_stm32f10x_hd.o(.text)
    TIM1_BRK_IRQHandler                      0x08000293   Thumb Code     0  startup_stm32f10x_hd.o(.text)
    TIM8_BRK_IRQHandler                      0x08000293   Thumb Code     0  startup_stm32f10x_hd.o(.text)
    USBWakeUp_IRQHandler                     0x08000293   Thumb Code     0  startup_stm32f10x_hd.o(.text)
    USB_HP_CAN1_TX_IRQHandler                0x08000293   Thumb Code     0  startup_stm32f10x_hd.o(.text)
    USB_LP_CAN1_RX0_IRQHandler               0x08000293   Thumb Code     0  startup_stm32f10x_hd.o(.text)
    __user_initial_stackheap                 0x08000295   Thumb Code     0  startup_stm32f10x_hd.o(.text)
    __c89vsprintf                            0x080002b1   Thumb Code    32  c89vsprintf.o(.text)
    __use_two_region_memory                  0x080002d5   Thumb Code     2  heapauxi.o(.text)
    __rt_heap_escrow$2region                 0x080002d7   Thumb Code     2  heapauxi.o(.text)
    __rt_heap_expand$2region                 0x080002d9   Thumb Code     2  heapauxi.o(.text)
    __cpp_initialize__aeabi_                 0x080002dd   Thumb Code    26  init_aeabi.o(.text)
    _printf_pre_padding                      0x08000301   Thumb Code    44  _printf_pad.o(.text)
    _printf_post_padding                     0x0800032d   Thumb Code    34  _printf_pad.o(.text)
    _printf_truncate_signed                  0x0800034f   Thumb Code    18  _printf_truncate.o(.text)
    _printf_truncate_unsigned                0x08000361   Thumb Code    18  _printf_truncate.o(.text)
    _printf_str                              0x08000373   Thumb Code    82  _printf_str.o(.text)
    _printf_int_dec                          0x080003c5   Thumb Code   104  _printf_dec.o(.text)
    _printf_charcount                        0x0800043d   Thumb Code    40  _printf_charcount.o(.text)
    _printf_char_common                      0x0800046f   Thumb Code    32  _printf_char_common.o(.text)
    _sputc                                   0x08000495   Thumb Code    10  _sputc.o(.text)
    _printf_wctomb                           0x080004a1   Thumb Code   182  _printf_wctomb.o(.text)
    _printf_longlong_dec                     0x0800055d   Thumb Code   108  _printf_longlong_dec.o(.text)
    _printf_longlong_oct                     0x080005d9   Thumb Code    66  _printf_oct_int_ll.o(.text)
    _printf_int_oct                          0x0800061b   Thumb Code    24  _printf_oct_int_ll.o(.text)
    _printf_ll_oct                           0x08000633   Thumb Code    12  _printf_oct_int_ll.o(.text)
    _printf_longlong_hex                     0x08000649   Thumb Code    86  _printf_hex_int_ll_ptr.o(.text)
    _printf_int_hex                          0x0800069f   Thumb Code    28  _printf_hex_int_ll_ptr.o(.text)
    _printf_ll_hex                           0x080006bb   Thumb Code    12  _printf_hex_int_ll_ptr.o(.text)
    _printf_hex_ptr                          0x080006c7   Thumb Code    18  _printf_hex_int_ll_ptr.o(.text)
    __printf                                 0x080006dd   Thumb Code   388  __printf_flags_ss_wp.o(.text)
    _ll_udiv10                               0x08000865   Thumb Code   138  lludiv10.o(.text)
    _printf_int_common                       0x080008ef   Thumb Code   178  _printf_intcommon.o(.text)
    __lib_sel_fp_printf                      0x080009a1   Thumb Code     2  _printf_fp_dec.o(.text)
    _printf_fp_dec_real                      0x08000b53   Thumb Code   620  _printf_fp_dec.o(.text)
    _printf_cs_common                        0x08000dbf   Thumb Code    20  _printf_char.o(.text)
    _printf_char                             0x08000dd3   Thumb Code    16  _printf_char.o(.text)
    _printf_string                           0x08000de3   Thumb Code     8  _printf_char.o(.text)
    _printf_lcs_common                       0x08000deb   Thumb Code    20  _printf_wchar.o(.text)
    _printf_wchar                            0x08000dff   Thumb Code    16  _printf_wchar.o(.text)
    _printf_wstring                          0x08000e0f   Thumb Code     8  _printf_wchar.o(.text)
    _wcrtomb                                 0x08000e17   Thumb Code    64  _wcrtomb.o(.text)
    __user_setup_stackheap                   0x08000e57   Thumb Code    74  sys_stackheap_outer.o(.text)
    __rt_ctype_table                         0x08000ea1   Thumb Code    16  rt_ctype_table.o(.text)
    __rt_locale                              0x08000eb1   Thumb Code     8  rt_locale_intlibspace.o(.text)
    _printf_fp_infnan                        0x08000eb9   Thumb Code   112  _printf_fp_infnan.o(.text)
    _btod_etento                             0x08000f39   Thumb Code   224  bigflt0.o(.text)
    exit                                     0x0800101d   Thumb Code    18  exit.o(.text)
    __user_libspace                          0x08001031   Thumb Code     8  libspace.o(.text)
    __user_perproc_libspace                  0x08001031   Thumb Code     0  libspace.o(.text)
    __user_perthread_libspace                0x08001031   Thumb Code     0  libspace.o(.text)
    strcmp                                   0x08001039   Thumb Code   128  strcmpv7m.o(.text)
    __I$use$semihosting                      0x080010b9   Thumb Code     0  use_no_semi.o(.text)
    __use_no_semihosting_swi                 0x080010b9   Thumb Code     2  use_no_semi.o(.text)
    __semihosting_library_function           0x080010bb   Thumb Code     0  indicate_semi.o(.text)
    _sys_exit                                0x080010bd   Thumb Code     8  sys_exit.o(.text)
    _btod_d2e                                0x080010c9   Thumb Code    62  btod.o(CL$$btod_d2e)
    _d2e_denorm_low                          0x08001107   Thumb Code    70  btod.o(CL$$btod_d2e_denorm_low)
    _d2e_norm_op1                            0x0800114d   Thumb Code    96  btod.o(CL$$btod_d2e_norm_op1)
    __btod_div_common                        0x080011ad   Thumb Code   696  btod.o(CL$$btod_div_common)
    _e2e                                     0x080014e5   Thumb Code   220  btod.o(CL$$btod_e2e)
    _btod_ediv                               0x080015c1   Thumb Code    42  btod.o(CL$$btod_ediv)
    _btod_emul                               0x080015eb   Thumb Code    42  btod.o(CL$$btod_emul)
    __btod_mult_common                       0x08001615   Thumb Code   580  btod.o(CL$$btod_mult_common)
    DMA1_Channel1_IRQHandler                 0x08001859   Thumb Code    10  dma.o(i.DMA1_Channel1_IRQHandler)
    DMA1_Channel2_IRQHandler                 0x08001869   Thumb Code    10  dma.o(i.DMA1_Channel2_IRQHandler)
    DMA1_Channel3_IRQHandler                 0x08001879   Thumb Code    10  dma.o(i.DMA1_Channel3_IRQHandler)
    DMA1_Channel4_IRQHandler                 0x08001889   Thumb Code    10  dma.o(i.DMA1_Channel4_IRQHandler)
    DMA1_Channel5_IRQHandler                 0x08001899   Thumb Code    10  dma.o(i.DMA1_Channel5_IRQHandler)
    DMA1_Channel6_IRQHandler                 0x080018a9   Thumb Code    10  dma.o(i.DMA1_Channel6_IRQHandler)
    DMA1_Channel7_IRQHandler                 0x080018b9   Thumb Code    10  dma.o(i.DMA1_Channel7_IRQHandler)
    DMA2_Channel1_IRQHandler                 0x080018c9   Thumb Code    10  dma.o(i.DMA2_Channel1_IRQHandler)
    DMA2_Channel2_IRQHandler                 0x080018d9   Thumb Code    10  dma.o(i.DMA2_Channel2_IRQHandler)
    DMA2_Channel3_IRQHandler                 0x080018e9   Thumb Code    10  dma.o(i.DMA2_Channel3_IRQHandler)
    DMA2_Channel4_5_IRQHandler               0x080018f9   Thumb Code    16  dma.o(i.DMA2_Channel4_5_IRQHandler)
    EXTI0_IRQHandler                         0x08001911   Thumb Code    22  exti.o(i.EXTI0_IRQHandler)
    EXTI15_10_IRQHandler                     0x08001931   Thumb Code    40  exti.o(i.EXTI15_10_IRQHandler)
    EXTI1_IRQHandler                         0x08001961   Thumb Code    22  exti.o(i.EXTI1_IRQHandler)
    EXTI2_IRQHandler                         0x08001981   Thumb Code    22  exti.o(i.EXTI2_IRQHandler)
    EXTI3_IRQHandler                         0x080019a1   Thumb Code    22  exti.o(i.EXTI3_IRQHandler)
    EXTI4_IRQHandler                         0x080019c1   Thumb Code    22  exti.o(i.EXTI4_IRQHandler)
    EXTI9_5_IRQHandler                       0x080019e1   Thumb Code    40  exti.o(i.EXTI9_5_IRQHandler)
    MY_NVIC_Init                             0x08001a11   Thumb Code   116  sys.o(i.MY_NVIC_Init)
    MY_NVIC_PriorityGroupConfig              0x08001a89   Thumb Code    32  sys.o(i.MY_NVIC_PriorityGroupConfig)
    MY_NVIC_SetVectorTable                   0x08001ab1   Thumb Code    12  sys.o(i.MY_NVIC_SetVectorTable)
    Stm32_Clock_Init                         0x08001ac5   Thumb Code   134  sys.o(i.Stm32_Clock_Init)
    TIM1_CC_IRQHandler                       0x08001b55   Thumb Code    10  timer.o(i.TIM1_CC_IRQHandler)
    TIM1_TRG_COM_IRQHandler                  0x08001b65   Thumb Code    10  timer.o(i.TIM1_TRG_COM_IRQHandler)
    TIM1_UP_IRQHandler                       0x08001b75   Thumb Code    10  timer.o(i.TIM1_UP_IRQHandler)
    TIM2_IRQHandler                          0x08001b85   Thumb Code    10  timer.o(i.TIM2_IRQHandler)
    TIM3_IRQHandler                          0x08001b95   Thumb Code    10  timer.o(i.TIM3_IRQHandler)
    TIM4_IRQHandler                          0x08001ba5   Thumb Code    10  timer.o(i.TIM4_IRQHandler)
    TIM5_IRQHandler                          0x08001bb5   Thumb Code    10  timer.o(i.TIM5_IRQHandler)
    TIM6_IRQHandler                          0x08001bc5   Thumb Code    10  timer.o(i.TIM6_IRQHandler)
    TIM7_IRQHandler                          0x08001bd5   Thumb Code    10  timer.o(i.TIM7_IRQHandler)
    TIM8_CC_IRQHandler                       0x08001be5   Thumb Code    10  timer.o(i.TIM8_CC_IRQHandler)
    TIM8_TRG_COM_IRQHandler                  0x08001bf5   Thumb Code    10  timer.o(i.TIM8_TRG_COM_IRQHandler)
    TIM8_UP_IRQHandler                       0x08001c05   Thumb Code    10  timer.o(i.TIM8_UP_IRQHandler)
    UART4_IRQHandler                         0x08001c15   Thumb Code    10  usart.o(i.UART4_IRQHandler)
    UART5_IRQHandler                         0x08001c25   Thumb Code    10  usart.o(i.UART5_IRQHandler)
    USART1_IRQHandler                        0x08001c35   Thumb Code    10  usart.o(i.USART1_IRQHandler)
    USART2_IRQHandler                        0x08001c45   Thumb Code    10  usart.o(i.USART2_IRQHandler)
    USART3_IRQHandler                        0x08001c55   Thumb Code    10  usart.o(i.USART3_IRQHandler)
    WWDG_IRQHandler                          0x08001c65   Thumb Code    18  wdg.o(i.WWDG_IRQHandler)
    update_time()                            0x08001c81   Thumb Code    12  basic.o(i._Z11update_timev)
    MYRCC_DeInit()                           0x08001c91   Thumb Code    90  sys.o(i._Z12MYRCC_DeInitv)
    rdma1_IRQHandler()                       0x08001cf9   Thumb Code    18  usart.o(i._Z16rdma1_IRQHandlerv)
    rdma2_IRQHandler()                       0x08001d11   Thumb Code    18  usart.o(i._Z16rdma2_IRQHandlerv)
    rdma3_IRQHandler()                       0x08001d29   Thumb Code    18  usart.o(i._Z16rdma3_IRQHandlerv)
    tdma1_IRQHandler()                       0x08001d41   Thumb Code    10  usart.o(i._Z16tdma1_IRQHandlerv)
    tdma2_IRQHandler()                       0x08001d51   Thumb Code    10  usart.o(i._Z16tdma2_IRQHandlerv)
    tdma3_IRQHandler()                       0x08001d61   Thumb Code    10  usart.o(i._Z16tdma3_IRQHandlerv)
    delay(unsigned short)                    0x08001d71   Thumb Code   168  basic.o(i._Z5delayt)
    put16(unsigned, unsigned char, unsigned) 0x08001e21   Thumb Code    26  basic.o(i._Z5put16jhj)
    millis()                                 0x08001e3d   Thumb Code     6  basic.o(i._Z6millisv)
    pinMode(pin, IO_mode, IO_level)          0x08001e49   Thumb Code   110  basic.o(i._Z7pinMode3pin7IO_mode8IO_level)
    key_init()                               0x08001ebd   Thumb Code    58  key.o(i._Z8key_initv)
    led_init()                               0x08001efd   Thumb Code    28  led.o(i._Z8led_initv)
    sys_init(unsigned char, unsigned char)   0x08001f21   Thumb Code    88  basic.o(i._Z8sys_inithh)
    NVIC_init(unsigned char, NVIC_priority)  0x08001f8d   Thumb Code    24  basic.o(i._Z9NVIC_inith13NVIC_priority)
    led1_flip()                              0x08001fa5   Thumb Code   104  main.o(i._Z9led1_flipv)
    UART::IRQHandler()                       0x0800202d   Thumb Code   376  usart.o(i._ZN4UART10IRQHandlerEv)
    UART::enable(unsigned char, recv_mode, io_t, io_t, unsigned, parity_e) 0x080021a5   Thumb Code  1010  usart.o(i._ZN4UART6enableEh9recv_mode4io_tS1_j8parity_e)
    UART::printf(const char*, ...)           0x080025e1   Thumb Code   236  usart.o(i._ZN4UART6printfEPKcz)
    UART::UART(USART_TypeDef*)               0x080026d1   Thumb Code    76  usart.o(i._ZN4UARTC1EP13USART_TypeDef)
    UART::UART__sub_object(USART_TypeDef*)   0x080026d1   Thumb Code     0  usart.o(i._ZN4UARTC1EP13USART_TypeDef)
    timer::IRQHandler()                      0x08002741   Thumb Code   134  timer.o(i._ZN5timer10IRQHandlerEv)
    timer::attach_ITR(void(*)(), tim_event, NVIC_priority) 0x080027c9   Thumb Code   242  timer.o(i._ZN5timer10attach_ITREPFvvE9tim_event13NVIC_priority)
    timer::set_frequency(unsigned)           0x080028c5   Thumb Code    38  timer.o(i._ZN5timer13set_frequencyEj)
    timer::init(tim_mode)                    0x080028f1   Thumb Code    84  timer.o(i._ZN5timer4initE8tim_mode)
    timer::enable()                          0x08002951   Thumb Code    14  timer.o(i._ZN5timer6enableEv)
    timer::timer(TIM_TypeDef*)               0x0800295f   Thumb Code    36  timer.o(i._ZN5timerC1EP11TIM_TypeDef)
    timer::timer__sub_object(TIM_TypeDef*)   0x0800295f   Thumb Code     0  timer.o(i._ZN5timerC1EP11TIM_TypeDef)
    DMA_CH::IRQHandler()                     0x08002985   Thumb Code   146  dma.o(i._ZN6DMA_CH10IRQHandlerEv)
    DMA_CH::attach_ITR(void(*)(), NVIC_priority) 0x08002a21   Thumb Code   278  dma.o(i._ZN6DMA_CH10attach_ITREPFvvE13NVIC_priority)
    DMA_CH::init(unsigned, unsigned, dma_dir, unsigned short, unsigned char, unsigned char, data_size, data_size, unsigned char, unsigned char, dma_priority) 0x08002b45   Thumb Code   134  dma.o(i._ZN6DMA_CH4initEjj7dma_dirthh9data_sizeS1_hh12dma_priority)
    DMA_CH::config(unsigned, unsigned, unsigned short) 0x08002bd5   Thumb Code    14  dma.o(i._ZN6DMA_CH6configEjjt)
    DMA_CH::enable()                         0x08002be3   Thumb Code    36  dma.o(i._ZN6DMA_CH6enableEv)
    DMA_CH::DMA_CH(DMA_Channel_TypeDef*)     0x08002c07   Thumb Code     8  dma.o(i._ZN6DMA_CHC1EP19DMA_Channel_TypeDef)
    DMA_CH::DMA_CH__sub_object(DMA_Channel_TypeDef*) 0x08002c07   Thumb Code     0  dma.o(i._ZN6DMA_CHC1EP19DMA_Channel_TypeDef)
    __ARM_fpclassify                         0x08002c0f   Thumb Code    40  fpclassify.o(i.__ARM_fpclassify)
    _is_digit                                0x08002dc1   Thumb Code    14  __printf_wp.o(i._is_digit)
    main                                     0x08002dd1   Thumb Code   182  main.o(i.main)
    _get_lc_numeric                          0x08002ea1   Thumb Code    44  lc_numeric_c.o(locale$$code)
    _get_lc_ctype                            0x08002ecd   Thumb Code    44  lc_ctype_c.o(locale$$code)
    __aeabi_ddiv                             0x08002ef9   Thumb Code     0  ddiv.o(x$fpl$ddiv)
    _ddiv                                    0x08002ef9   Thumb Code   552  ddiv.o(x$fpl$ddiv)
    __aeabi_d2iz                             0x080031a9   Thumb Code     0  dfix.o(x$fpl$dfix)
    _dfix                                    0x080031a9   Thumb Code    94  dfix.o(x$fpl$dfix)
    __fpl_dnaninf                            0x08003207   Thumb Code   156  dnaninf.o(x$fpl$dnaninf)
    __fpl_dretinf                            0x080032a3   Thumb Code    12  dretinf.o(x$fpl$dretinf)
    __aeabi_f2d                              0x080032b1   Thumb Code     0  f2d.o(x$fpl$f2d)
    _f2d                                     0x080032b1   Thumb Code    86  f2d.o(x$fpl$f2d)
    __aeabi_fadd                             0x08003309   Thumb Code     0  faddsub_clz.o(x$fpl$fadd)
    _fadd                                    0x08003309   Thumb Code   196  faddsub_clz.o(x$fpl$fadd)
    __aeabi_fdiv                             0x080033cd   Thumb Code     0  fdiv.o(x$fpl$fdiv)
    _fdiv                                    0x080033cd   Thumb Code   384  fdiv.o(x$fpl$fdiv)
    __aeabi_f2iz                             0x08003551   Thumb Code     0  ffix.o(x$fpl$ffix)
    _ffix                                    0x08003551   Thumb Code    54  ffix.o(x$fpl$ffix)
    __aeabi_f2uiz                            0x08003589   Thumb Code     0  ffixu.o(x$fpl$ffixu)
    _ffixu                                   0x08003589   Thumb Code    62  ffixu.o(x$fpl$ffixu)
    __aeabi_i2f                              0x080035c9   Thumb Code     0  fflt_clz.o(x$fpl$fflt)
    _fflt                                    0x080035c9   Thumb Code    48  fflt_clz.o(x$fpl$fflt)
    __aeabi_ui2f                             0x080035f9   Thumb Code     0  fflt_clz.o(x$fpl$ffltu)
    _ffltu                                   0x080035f9   Thumb Code    38  fflt_clz.o(x$fpl$ffltu)
    __aeabi_fmul                             0x08003621   Thumb Code     0  fmul.o(x$fpl$fmul)
    _fmul                                    0x08003621   Thumb Code   258  fmul.o(x$fpl$fmul)
    __fpl_fnaninf                            0x08003723   Thumb Code   140  fnaninf.o(x$fpl$fnaninf)
    __fpl_fretinf                            0x080037af   Thumb Code    10  fretinf.o(x$fpl$fretinf)
    __aeabi_frsub                            0x080037b9   Thumb Code     0  faddsub_clz.o(x$fpl$frsb)
    _frsb                                    0x080037b9   Thumb Code    20  faddsub_clz.o(x$fpl$frsb)
    __aeabi_fsub                             0x080037cd   Thumb Code     0  faddsub_clz.o(x$fpl$fsub)
    _fsub                                    0x080037cd   Thumb Code   234  faddsub_clz.o(x$fpl$fsub)
    _printf_fp_dec                           0x080038b7   Thumb Code     4  printf1.o(x$fpl$printf1)
    __I$use$fp                               0x080038ba   Number         0  usenofp.o(x$fpl$usenofp)
    Region$$Table$$Base                      0x08003994   Number         0  anon$$obj.o(Region$$Table)
    Region$$Table$$Limit                     0x080039b4   Number         0  anon$$obj.o(Region$$Table)
    __ctype                                  0x080039dd   Data           0  lc_ctype_c.o(locale$$data)
    SHT$$INIT_ARRAY$$Base                    0x08003ae0   Number         0  dma.o(.init_array)
    SHT$$INIT_ARRAY$$Limit                   0x08003aec   Number         0  init_aeabi.o(.init_array)
    buf_len                                  0x20000000   Data           1  main.o(.data)
    t                                        0x20000004   Data           4  main.o(.data)
    default_priority                         0x20000008   Data           3  basic.o(.data)
    default_priority_H                       0x2000000b   Data           3  basic.o(.data)
    sys_ms                                   0x20000010   Data           4  basic.o(.data)
    sys_clock                                0x20000014   Data           1  basic.o(.data)
    sys_clock_pll                            0x20000015   Data           1  basic.o(.data)
    wwdg_cnt                                 0x20000016   Data           1  wdg.o(.data)
    led0                                     0x20000018   Data           8  led.o(.data)
    led1                                     0x20000020   Data           8  led.o(.data)
    key                                      0x20000028   Data          32  key.o(.data)
    uart1_pin                                0x20000048   Data          32  usart.o(.data)
    uart2_pin                                0x20000068   Data          32  usart.o(.data)
    uart3_pin                                0x20000088   Data          48  usart.o(.data)
    itr                                      0x200000bc   Data          64  exti.o(.bss)
    dma1_1                                   0x200000fc   Data          12  dma.o(.bss)
    dma1_2                                   0x20000108   Data          12  dma.o(.bss)
    dma1_3                                   0x20000114   Data          12  dma.o(.bss)
    dma1_4                                   0x20000120   Data          12  dma.o(.bss)
    dma1_5                                   0x2000012c   Data          12  dma.o(.bss)
    dma1_6                                   0x20000138   Data          12  dma.o(.bss)
    dma1_7                                   0x20000144   Data          12  dma.o(.bss)
    dma2_1                                   0x20000150   Data          12  dma.o(.bss)
    dma2_2                                   0x2000015c   Data          12  dma.o(.bss)
    dma2_3                                   0x20000168   Data          12  dma.o(.bss)
    dma2_4                                   0x20000174   Data          12  dma.o(.bss)
    dma2_5                                   0x20000180   Data          12  dma.o(.bss)
    tim1                                     0x2000018c   Data          28  timer.o(.bss)
    tim2                                     0x200001a8   Data          28  timer.o(.bss)
    tim3                                     0x200001c4   Data          28  timer.o(.bss)
    tim4                                     0x200001e0   Data          28  timer.o(.bss)
    tim5                                     0x200001fc   Data          28  timer.o(.bss)
    tim6                                     0x20000218   Data          28  timer.o(.bss)
    tim7                                     0x20000234   Data          28  timer.o(.bss)
    tim8                                     0x20000250   Data          28  timer.o(.bss)
    uart1                                    0x2000026c   Data         432  usart.o(.bss)
    uart2                                    0x2000041c   Data         432  usart.o(.bss)
    uart3                                    0x200005cc   Data         432  usart.o(.bss)
    uart4                                    0x2000077c   Data         432  usart.o(.bss)
    uart5                                    0x2000092c   Data         432  usart.o(.bss)
    __libspace_start                         0x20000adc   Data          96  libspace.o(.bss)
    __temporary_stack_top$libspace           0x20000b3c   Data           0  libspace.o(.bss)



==============================================================================

Memory Map of the image

  Image Entry point : 0x08000131

  Load Region LR_IROM1 (Base: 0x08000000, Size: 0x00003ba8, Max: 0x00080000, ABSOLUTE)

    Execution Region ER_IROM1 (Exec base: 0x08000000, Load base: 0x08000000, Size: 0x00003aec, Max: 0x00080000, ABSOLUTE)

    Exec Addr    Load Addr    Size         Type   Attr      Idx    E Section Name        Object

    0x08000000   0x08000000   0x00000130   Data   RO            3    RESET               startup_stm32f10x_hd.o
    0x08000130   0x08000130   0x00000008   Code   RO          947  * !!!main             c_w.l(__main.o)
    0x08000138   0x08000138   0x00000034   Code   RO         1317    !!!scatter          c_w.l(__scatter.o)
    0x0800016c   0x0800016c   0x0000001a   Code   RO         1319    !!handler_copy      c_w.l(__scatter_copy.o)
    0x08000186   0x08000186   0x00000002   PAD
    0x08000188   0x08000188   0x0000001c   Code   RO         1321    !!handler_zi        c_w.l(__scatter_zi.o)
    0x080001a4   0x080001a4   0x00000000   Code   RO         1077    .ARM.Collect$$_printf_percent$$00000000  c_w.l(_printf_percent.o)
    0x080001a4   0x080001a4   0x00000006   Code   RO         1066    .ARM.Collect$$_printf_percent$$00000001  c_w.l(_printf_n.o)
    0x080001aa   0x080001aa   0x00000006   Code   RO         1068    .ARM.Collect$$_printf_percent$$00000002  c_w.l(_printf_p.o)
    0x080001b0   0x080001b0   0x00000006   Code   RO         1073    .ARM.Collect$$_printf_percent$$00000003  c_w.l(_printf_f.o)
    0x080001b6   0x080001b6   0x00000006   Code   RO         1074    .ARM.Collect$$_printf_percent$$00000004  c_w.l(_printf_e.o)
    0x080001bc   0x080001bc   0x00000006   Code   RO         1075    .ARM.Collect$$_printf_percent$$00000005  c_w.l(_printf_g.o)
    0x080001c2   0x080001c2   0x00000006   Code   RO         1076    .ARM.Collect$$_printf_percent$$00000006  c_w.l(_printf_a.o)
    0x080001c8   0x080001c8   0x0000000a   Code   RO         1081    .ARM.Collect$$_printf_percent$$00000007  c_w.l(_printf_ll.o)
    0x080001d2   0x080001d2   0x00000006   Code   RO         1070    .ARM.Collect$$_printf_percent$$00000008  c_w.l(_printf_i.o)
    0x080001d8   0x080001d8   0x00000006   Code   RO         1071    .ARM.Collect$$_printf_percent$$00000009  c_w.l(_printf_d.o)
    0x080001de   0x080001de   0x00000006   Code   RO         1072    .ARM.Collect$$_printf_percent$$0000000A  c_w.l(_printf_u.o)
    0x080001e4   0x080001e4   0x00000006   Code   RO         1069    .ARM.Collect$$_printf_percent$$0000000B  c_w.l(_printf_o.o)
    0x080001ea   0x080001ea   0x00000006   Code   RO         1067    .ARM.Collect$$_printf_percent$$0000000C  c_w.l(_printf_x.o)
    0x080001f0   0x080001f0   0x00000006   Code   RO         1078    .ARM.Collect$$_printf_percent$$0000000D  c_w.l(_printf_lli.o)
    0x080001f6   0x080001f6   0x00000006   Code   RO         1079    .ARM.Collect$$_printf_percent$$0000000E  c_w.l(_printf_lld.o)
    0x080001fc   0x080001fc   0x00000006   Code   RO         1080    .ARM.Collect$$_printf_percent$$0000000F  c_w.l(_printf_llu.o)
    0x08000202   0x08000202   0x00000006   Code   RO         1085    .ARM.Collect$$_printf_percent$$00000010  c_w.l(_printf_llo.o)
    0x08000208   0x08000208   0x00000006   Code   RO         1086    .ARM.Collect$$_printf_percent$$00000011  c_w.l(_printf_llx.o)
    0x0800020e   0x0800020e   0x0000000a   Code   RO         1082    .ARM.Collect$$_printf_percent$$00000012  c_w.l(_printf_l.o)
    0x08000218   0x08000218   0x00000006   Code   RO         1064    .ARM.Collect$$_printf_percent$$00000013  c_w.l(_printf_c.o)
    0x0800021e   0x0800021e   0x00000006   Code   RO         1065    .ARM.Collect$$_printf_percent$$00000014  c_w.l(_printf_s.o)
    0x08000224   0x08000224   0x00000006   Code   RO         1083    .ARM.Collect$$_printf_percent$$00000015  c_w.l(_printf_lc.o)
    0x0800022a   0x0800022a   0x00000006   Code   RO         1084    .ARM.Collect$$_printf_percent$$00000016  c_w.l(_printf_ls.o)
    0x08000230   0x08000230   0x00000004   Code   RO         1172    .ARM.Collect$$_printf_percent$$00000017  c_w.l(_printf_percent_end.o)
    0x08000234   0x08000234   0x00000002   Code   RO         1231    .ARM.Collect$$libinit$$00000000  c_w.l(libinit.o)
    0x08000236   0x08000236   0x00000000   Code   RO         1088    .ARM.Collect$$libinit$$00000002  c_w.l(libinit2.o)
    0x08000236   0x08000236   0x00000000   Code   RO         1090    .ARM.Collect$$libinit$$00000004  c_w.l(libinit2.o)
    0x08000236   0x08000236   0x00000000   Code   RO         1093    .ARM.Collect$$libinit$$0000000A  c_w.l(libinit2.o)
    0x08000236   0x08000236   0x00000000   Code   RO         1095    .ARM.Collect$$libinit$$0000000C  c_w.l(libinit2.o)
    0x08000236   0x08000236   0x00000000   Code   RO         1097    .ARM.Collect$$libinit$$0000000E  c_w.l(libinit2.o)
    0x08000236   0x08000236   0x00000006   Code   RO         1098    .ARM.Collect$$libinit$$0000000F  c_w.l(libinit2.o)
    0x0800023c   0x0800023c   0x00000000   Code   RO         1100    .ARM.Collect$$libinit$$00000011  c_w.l(libinit2.o)
    0x0800023c   0x0800023c   0x0000000c   Code   RO         1101    .ARM.Collect$$libinit$$00000012  c_w.l(libinit2.o)
    0x08000248   0x08000248   0x00000000   Code   RO         1102    .ARM.Collect$$libinit$$00000013  c_w.l(libinit2.o)
    0x08000248   0x08000248   0x00000000   Code   RO         1104    .ARM.Collect$$libinit$$00000015  c_w.l(libinit2.o)
    0x08000248   0x08000248   0x0000000a   Code   RO         1105    .ARM.Collect$$libinit$$00000016  c_w.l(libinit2.o)
    0x08000252   0x08000252   0x00000000   Code   RO         1106    .ARM.Collect$$libinit$$00000017  c_w.l(libinit2.o)
    0x08000252   0x08000252   0x00000000   Code   RO         1108    .ARM.Collect$$libinit$$00000019  c_w.l(libinit2.o)
    0x08000252   0x08000252   0x00000000   Code   RO         1110    .ARM.Collect$$libinit$$0000001B  c_w.l(libinit2.o)
    0x08000252   0x08000252   0x00000000   Code   RO         1112    .ARM.Collect$$libinit$$0000001D  c_w.l(libinit2.o)
    0x08000252   0x08000252   0x00000000   Code   RO         1114    .ARM.Collect$$libinit$$0000001F  c_w.l(libinit2.o)
    0x08000252   0x08000252   0x00000000   Code   RO         1116    .ARM.Collect$$libinit$$00000021  c_w.l(libinit2.o)
    0x08000252   0x08000252   0x00000000   Code   RO         1118    .ARM.Collect$$libinit$$00000023  c_w.l(libinit2.o)
    0x08000252   0x08000252   0x00000000   Code   RO         1120    .ARM.Collect$$libinit$$00000025  c_w.l(libinit2.o)
    0x08000252   0x08000252   0x00000000   Code   RO         1124    .ARM.Collect$$libinit$$0000002C  c_w.l(libinit2.o)
    0x08000252   0x08000252   0x00000000   Code   RO         1126    .ARM.Collect$$libinit$$0000002E  c_w.l(libinit2.o)
    0x08000252   0x08000252   0x00000000   Code   RO         1128    .ARM.Collect$$libinit$$00000030  c_w.l(libinit2.o)
    0x08000252   0x08000252   0x00000004   Code   RO         1129    .ARM.Collect$$libinit$$00000031  c_w.l(libinit2.o)
    0x08000256   0x08000256   0x00000000   Code   RO         1130    .ARM.Collect$$libinit$$00000032  c_w.l(libinit2.o)
    0x08000256   0x08000256   0x00000002   Code   RO         1131    .ARM.Collect$$libinit$$00000033  c_w.l(libinit2.o)
    0x08000258   0x08000258   0x00000002   Code   RO         1278    .ARM.Collect$$libshutdown$$00000000  c_w.l(libshutdown.o)
    0x0800025a   0x0800025a   0x00000000   Code   RO         1284    .ARM.Collect$$libshutdown$$00000002  c_w.l(libshutdown2.o)
    0x0800025a   0x0800025a   0x00000000   Code   RO         1286    .ARM.Collect$$libshutdown$$00000004  c_w.l(libshutdown2.o)
    0x0800025a   0x0800025a   0x00000000   Code   RO         1289    .ARM.Collect$$libshutdown$$00000007  c_w.l(libshutdown2.o)
    0x0800025a   0x0800025a   0x00000000   Code   RO         1292    .ARM.Collect$$libshutdown$$0000000A  c_w.l(libshutdown2.o)
    0x0800025a   0x0800025a   0x00000000   Code   RO         1294    .ARM.Collect$$libshutdown$$0000000C  c_w.l(libshutdown2.o)
    0x0800025a   0x0800025a   0x00000000   Code   RO         1297    .ARM.Collect$$libshutdown$$0000000F  c_w.l(libshutdown2.o)
    0x0800025a   0x0800025a   0x00000002   Code   RO         1298    .ARM.Collect$$libshutdown$$00000010  c_w.l(libshutdown2.o)
    0x0800025c   0x0800025c   0x00000000   Code   RO          995    .ARM.Collect$$rtentry$$00000000  c_w.l(__rtentry.o)
    0x0800025c   0x0800025c   0x00000000   Code   RO         1146    .ARM.Collect$$rtentry$$00000002  c_w.l(__rtentry2.o)
    0x0800025c   0x0800025c   0x00000006   Code   RO         1158    .ARM.Collect$$rtentry$$00000004  c_w.l(__rtentry4.o)
    0x08000262   0x08000262   0x00000000   Code   RO         1148    .ARM.Collect$$rtentry$$00000009  c_w.l(__rtentry2.o)
    0x08000262   0x08000262   0x00000004   Code   RO         1149    .ARM.Collect$$rtentry$$0000000A  c_w.l(__rtentry2.o)
    0x08000266   0x08000266   0x00000000   Code   RO         1151    .ARM.Collect$$rtentry$$0000000C  c_w.l(__rtentry2.o)
    0x08000266   0x08000266   0x00000008   Code   RO         1152    .ARM.Collect$$rtentry$$0000000D  c_w.l(__rtentry2.o)
    0x0800026e   0x0800026e   0x00000002   Code   RO         1241    .ARM.Collect$$rtexit$$00000000  c_w.l(rtexit.o)
    0x08000270   0x08000270   0x00000000   Code   RO         1258    .ARM.Collect$$rtexit$$00000002  c_w.l(rtexit2.o)
    0x08000270   0x08000270   0x00000004   Code   RO         1259    .ARM.Collect$$rtexit$$00000003  c_w.l(rtexit2.o)
    0x08000274   0x08000274   0x00000006   Code   RO         1260    .ARM.Collect$$rtexit$$00000004  c_w.l(rtexit2.o)
    0x0800027a   0x0800027a   0x00000002   PAD
    0x0800027c   0x0800027c   0x00000034   Code   RO            4    .text               startup_stm32f10x_hd.o
    0x080002b0   0x080002b0   0x00000024   Code   RO          943    .text               c_w.l(c89vsprintf.o)
    0x080002d4   0x080002d4   0x00000006   Code   RO          945    .text               c_w.l(heapauxi.o)
    0x080002da   0x080002da   0x00000002   PAD
    0x080002dc   0x080002dc   0x00000024   Code   RO          952    .text               c_w.l(init_aeabi.o)
    0x08000300   0x08000300   0x0000004e   Code   RO          998    .text               c_w.l(_printf_pad.o)
    0x0800034e   0x0800034e   0x00000024   Code   RO         1000    .text               c_w.l(_printf_truncate.o)
    0x08000372   0x08000372   0x00000052   Code   RO         1002    .text               c_w.l(_printf_str.o)
    0x080003c4   0x080003c4   0x00000078   Code   RO         1004    .text               c_w.l(_printf_dec.o)
    0x0800043c   0x0800043c   0x00000028   Code   RO         1006    .text               c_w.l(_printf_charcount.o)
    0x08000464   0x08000464   0x00000030   Code   RO         1008    .text               c_w.l(_printf_char_common.o)
    0x08000494   0x08000494   0x0000000a   Code   RO         1010    .text               c_w.l(_sputc.o)
    0x0800049e   0x0800049e   0x00000002   PAD
    0x080004a0   0x080004a0   0x000000bc   Code   RO         1012    .text               c_w.l(_printf_wctomb.o)
    0x0800055c   0x0800055c   0x0000007c   Code   RO         1015    .text               c_w.l(_printf_longlong_dec.o)
    0x080005d8   0x080005d8   0x00000070   Code   RO         1021    .text               c_w.l(_printf_oct_int_ll.o)
    0x08000648   0x08000648   0x00000094   Code   RO         1041    .text               c_w.l(_printf_hex_int_ll_ptr.o)
    0x080006dc   0x080006dc   0x00000188   Code   RO         1061    .text               c_w.l(__printf_flags_ss_wp.o)
    0x08000864   0x08000864   0x0000008a   Code   RO         1160    .text               c_w.l(lludiv10.o)
    0x080008ee   0x080008ee   0x000000b2   Code   RO         1162    .text               c_w.l(_printf_intcommon.o)
    0x080009a0   0x080009a0   0x0000041e   Code   RO         1164    .text               c_w.l(_printf_fp_dec.o)
    0x08000dbe   0x08000dbe   0x0000002c   Code   RO         1168    .text               c_w.l(_printf_char.o)
    0x08000dea   0x08000dea   0x0000002c   Code   RO         1170    .text               c_w.l(_printf_wchar.o)
    0x08000e16   0x08000e16   0x00000040   Code   RO         1173    .text               c_w.l(_wcrtomb.o)
    0x08000e56   0x08000e56   0x0000004a   Code   RO         1181    .text               c_w.l(sys_stackheap_outer.o)
    0x08000ea0   0x08000ea0   0x00000010   Code   RO         1183    .text               c_w.l(rt_ctype_table.o)
    0x08000eb0   0x08000eb0   0x00000008   Code   RO         1188    .text               c_w.l(rt_locale_intlibspace.o)
    0x08000eb8   0x08000eb8   0x00000080   Code   RO         1190    .text               c_w.l(_printf_fp_infnan.o)
    0x08000f38   0x08000f38   0x000000e4   Code   RO         1192    .text               c_w.l(bigflt0.o)
    0x0800101c   0x0800101c   0x00000012   Code   RO         1220    .text               c_w.l(exit.o)
    0x0800102e   0x0800102e   0x00000002   PAD
    0x08001030   0x08001030   0x00000008   Code   RO         1238    .text               c_w.l(libspace.o)
    0x08001038   0x08001038   0x00000080   Code   RO         1252    .text               c_w.l(strcmpv7m.o)
    0x080010b8   0x080010b8   0x00000002   Code   RO         1254    .text               c_w.l(use_no_semi.o)
    0x080010ba   0x080010ba   0x00000000   Code   RO         1256    .text               c_w.l(indicate_semi.o)
    0x080010ba   0x080010ba   0x00000002   PAD
    0x080010bc   0x080010bc   0x0000000c   Code   RO         1270    .text               c_w.l(sys_exit.o)
    0x080010c8   0x080010c8   0x0000003e   Code   RO         1195    CL$$btod_d2e        c_w.l(btod.o)
    0x08001106   0x08001106   0x00000046   Code   RO         1197    CL$$btod_d2e_denorm_low  c_w.l(btod.o)
    0x0800114c   0x0800114c   0x00000060   Code   RO         1196    CL$$btod_d2e_norm_op1  c_w.l(btod.o)
    0x080011ac   0x080011ac   0x00000338   Code   RO         1205    CL$$btod_div_common  c_w.l(btod.o)
    0x080014e4   0x080014e4   0x000000dc   Code   RO         1202    CL$$btod_e2e        c_w.l(btod.o)
    0x080015c0   0x080015c0   0x0000002a   Code   RO         1199    CL$$btod_ediv       c_w.l(btod.o)
    0x080015ea   0x080015ea   0x0000002a   Code   RO         1198    CL$$btod_emul       c_w.l(btod.o)
    0x08001614   0x08001614   0x00000244   Code   RO         1204    CL$$btod_mult_common  c_w.l(btod.o)
    0x08001858   0x08001858   0x00000010   Code   RO          382    i.DMA1_Channel1_IRQHandler  dma.o
    0x08001868   0x08001868   0x00000010   Code   RO          383    i.DMA1_Channel2_IRQHandler  dma.o
    0x08001878   0x08001878   0x00000010   Code   RO          384    i.DMA1_Channel3_IRQHandler  dma.o
    0x08001888   0x08001888   0x00000010   Code   RO          385    i.DMA1_Channel4_IRQHandler  dma.o
    0x08001898   0x08001898   0x00000010   Code   RO          386    i.DMA1_Channel5_IRQHandler  dma.o
    0x080018a8   0x080018a8   0x00000010   Code   RO          387    i.DMA1_Channel6_IRQHandler  dma.o
    0x080018b8   0x080018b8   0x00000010   Code   RO          388    i.DMA1_Channel7_IRQHandler  dma.o
    0x080018c8   0x080018c8   0x00000010   Code   RO          389    i.DMA2_Channel1_IRQHandler  dma.o
    0x080018d8   0x080018d8   0x00000010   Code   RO          390    i.DMA2_Channel2_IRQHandler  dma.o
    0x080018e8   0x080018e8   0x00000010   Code   RO          391    i.DMA2_Channel3_IRQHandler  dma.o
    0x080018f8   0x080018f8   0x00000018   Code   RO          392    i.DMA2_Channel4_5_IRQHandler  dma.o
    0x08001910   0x08001910   0x00000020   Code   RO          273    i.EXTI0_IRQHandler  exti.o
    0x08001930   0x08001930   0x00000030   Code   RO          274    i.EXTI15_10_IRQHandler  exti.o
    0x08001960   0x08001960   0x00000020   Code   RO          275    i.EXTI1_IRQHandler  exti.o
    0x08001980   0x08001980   0x00000020   Code   RO          276    i.EXTI2_IRQHandler  exti.o
    0x080019a0   0x080019a0   0x00000020   Code   RO          277    i.EXTI3_IRQHandler  exti.o
    0x080019c0   0x080019c0   0x00000020   Code   RO          278    i.EXTI4_IRQHandler  exti.o
    0x080019e0   0x080019e0   0x00000030   Code   RO          279    i.EXTI9_5_IRQHandler  exti.o
    0x08001a10   0x08001a10   0x00000078   Code   RO          104    i.MY_NVIC_Init      sys.o
    0x08001a88   0x08001a88   0x00000028   Code   RO          105    i.MY_NVIC_PriorityGroupConfig  sys.o
    0x08001ab0   0x08001ab0   0x00000014   Code   RO          106    i.MY_NVIC_SetVectorTable  sys.o
    0x08001ac4   0x08001ac4   0x00000090   Code   RO          107    i.Stm32_Clock_Init  sys.o
    0x08001b54   0x08001b54   0x00000010   Code   RO          535    i.TIM1_CC_IRQHandler  timer.o
    0x08001b64   0x08001b64   0x00000010   Code   RO          536    i.TIM1_TRG_COM_IRQHandler  timer.o
    0x08001b74   0x08001b74   0x00000010   Code   RO          537    i.TIM1_UP_IRQHandler  timer.o
    0x08001b84   0x08001b84   0x00000010   Code   RO          538    i.TIM2_IRQHandler   timer.o
    0x08001b94   0x08001b94   0x00000010   Code   RO          539    i.TIM3_IRQHandler   timer.o
    0x08001ba4   0x08001ba4   0x00000010   Code   RO          540    i.TIM4_IRQHandler   timer.o
    0x08001bb4   0x08001bb4   0x00000010   Code   RO          541    i.TIM5_IRQHandler   timer.o
    0x08001bc4   0x08001bc4   0x00000010   Code   RO          542    i.TIM6_IRQHandler   timer.o
    0x08001bd4   0x08001bd4   0x00000010   Code   RO          543    i.TIM7_IRQHandler   timer.o
    0x08001be4   0x08001be4   0x00000010   Code   RO          544    i.TIM8_CC_IRQHandler  timer.o
    0x08001bf4   0x08001bf4   0x00000010   Code   RO          545    i.TIM8_TRG_COM_IRQHandler  timer.o
    0x08001c04   0x08001c04   0x00000010   Code   RO          546    i.TIM8_UP_IRQHandler  timer.o
    0x08001c14   0x08001c14   0x00000010   Code   RO          776    i.UART4_IRQHandler  usart.o
    0x08001c24   0x08001c24   0x00000010   Code   RO          777    i.UART5_IRQHandler  usart.o
    0x08001c34   0x08001c34   0x00000010   Code   RO          778    i.USART1_IRQHandler  usart.o
    0x08001c44   0x08001c44   0x00000010   Code   RO          779    i.USART2_IRQHandler  usart.o
    0x08001c54   0x08001c54   0x00000010   Code   RO          780    i.USART3_IRQHandler  usart.o
    0x08001c64   0x08001c64   0x0000001c   Code   RO          338    i.WWDG_IRQHandler   wdg.o
    0x08001c80   0x08001c80   0x00000010   Code   RO          193    i._Z11update_timev  basic.o
    0x08001c90   0x08001c90   0x00000068   Code   RO          111    i._Z12MYRCC_DeInitv  sys.o
    0x08001cf8   0x08001cf8   0x00000018   Code   RO          781    i._Z16rdma1_IRQHandlerv  usart.o
    0x08001d10   0x08001d10   0x00000018   Code   RO          782    i._Z16rdma2_IRQHandlerv  usart.o
    0x08001d28   0x08001d28   0x00000018   Code   RO          783    i._Z16rdma3_IRQHandlerv  usart.o
    0x08001d40   0x08001d40   0x00000010   Code   RO          784    i._Z16tdma1_IRQHandlerv  usart.o
    0x08001d50   0x08001d50   0x00000010   Code   RO          785    i._Z16tdma2_IRQHandlerv  usart.o
    0x08001d60   0x08001d60   0x00000010   Code   RO          786    i._Z16tdma3_IRQHandlerv  usart.o
    0x08001d70   0x08001d70   0x000000b0   Code   RO          195    i._Z5delayt         basic.o
    0x08001e20   0x08001e20   0x0000001a   Code   RO          255    i._Z5put16jhj       basic.o
    0x08001e3a   0x08001e3a   0x00000002   PAD
    0x08001e3c   0x08001e3c   0x0000000c   Code   RO          196    i._Z6millisv        basic.o
    0x08001e48   0x08001e48   0x00000074   Code   RO          197    i._Z7pinMode3pin7IO_mode8IO_level  basic.o
    0x08001ebc   0x08001ebc   0x00000040   Code   RO          757    i._Z8key_initv      key.o
    0x08001efc   0x08001efc   0x00000024   Code   RO          738    i._Z8led_initv      led.o
    0x08001f20   0x08001f20   0x0000006c   Code   RO          199    i._Z8sys_inithh     basic.o
    0x08001f8c   0x08001f8c   0x00000018   Code   RO          200    i._Z9NVIC_inith13NVIC_priority  basic.o
    0x08001fa4   0x08001fa4   0x00000088   Code   RO           11    i._Z9led1_flipv     main.o
    0x0800202c   0x0800202c   0x00000178   Code   RO          787    i._ZN4UART10IRQHandlerEv  usart.o
    0x080021a4   0x080021a4   0x0000043c   Code   RO          792    i._ZN4UART6enableEh9recv_mode4io_tS1_j8parity_e  usart.o
    0x080025e0   0x080025e0   0x000000f0   Code   RO          793    i._ZN4UART6printfEPKcz  usart.o
    0x080026d0   0x080026d0   0x00000070   Code   RO          796    i._ZN4UARTC1EP13USART_TypeDef  usart.o
    0x08002740   0x08002740   0x00000086   Code   RO          547    i._ZN5timer10IRQHandlerEv  timer.o
    0x080027c6   0x080027c6   0x00000002   PAD
    0x080027c8   0x080027c8   0x000000fc   Code   RO          548    i._ZN5timer10attach_ITREPFvvE9tim_event13NVIC_priority  timer.o
    0x080028c4   0x080028c4   0x0000002c   Code   RO          551    i._ZN5timer13set_frequencyEj  timer.o
    0x080028f0   0x080028f0   0x00000060   Code   RO          556    i._ZN5timer4initE8tim_mode  timer.o
    0x08002950   0x08002950   0x0000000e   Code   RO          557    i._ZN5timer6enableEv  timer.o
    0x0800295e   0x0800295e   0x00000024   Code   RO          560    i._ZN5timerC1EP11TIM_TypeDef  timer.o
    0x08002982   0x08002982   0x00000002   PAD
    0x08002984   0x08002984   0x0000009c   Code   RO          393    i._ZN6DMA_CH10IRQHandlerEv  dma.o
    0x08002a20   0x08002a20   0x00000124   Code   RO          394    i._ZN6DMA_CH10attach_ITREPFvvE13NVIC_priority  dma.o
    0x08002b44   0x08002b44   0x00000090   Code   RO          397    i._ZN6DMA_CH4initEjj7dma_dirthh9data_sizeS1_hh12dma_priority  dma.o
    0x08002bd4   0x08002bd4   0x0000000e   Code   RO          398    i._ZN6DMA_CH6configEjjt  dma.o
    0x08002be2   0x08002be2   0x00000024   Code   RO          400    i._ZN6DMA_CH6enableEv  dma.o
    0x08002c06   0x08002c06   0x00000008   Code   RO          402    i._ZN6DMA_CHC1EP19DMA_Channel_TypeDef  dma.o
    0x08002c0e   0x08002c0e   0x00000028   Code   RO         1234    i.__ARM_fpclassify  m_ws.l(fpclassify.o)
    0x08002c36   0x08002c36   0x00000002   PAD
    0x08002c38   0x08002c38   0x000000b0   Code   RO          403    i.__sti___7_dma_cpp_dma1_1  dma.o
    0x08002ce8   0x08002ce8   0x00000084   Code   RO          561    i.__sti___9_timer_cpp_tim1  timer.o
    0x08002d6c   0x08002d6c   0x00000054   Code   RO          797    i.__sti___9_usart_cpp_eed3c6e7  usart.o
    0x08002dc0   0x08002dc0   0x0000000e   Code   RO         1054    i._is_digit         c_w.l(__printf_wp.o)
    0x08002dce   0x08002dce   0x00000002   PAD
    0x08002dd0   0x08002dd0   0x000000d0   Code   RO           12    i.main              main.o
    0x08002ea0   0x08002ea0   0x0000002c   Code   RO         1218    locale$$code        c_w.l(lc_numeric_c.o)
    0x08002ecc   0x08002ecc   0x0000002c   Code   RO         1246    locale$$code        c_w.l(lc_ctype_c.o)
    0x08002ef8   0x08002ef8   0x000002b0   Code   RO          958    x$fpl$ddiv          fz_ws.l(ddiv.o)
    0x080031a8   0x080031a8   0x0000005e   Code   RO          961    x$fpl$dfix          fz_ws.l(dfix.o)
    0x08003206   0x08003206   0x0000009c   Code   RO         1132    x$fpl$dnaninf       fz_ws.l(dnaninf.o)
    0x080032a2   0x080032a2   0x0000000c   Code   RO         1134    x$fpl$dretinf       fz_ws.l(dretinf.o)
    0x080032ae   0x080032ae   0x00000002   PAD
    0x080032b0   0x080032b0   0x00000056   Code   RO          965    x$fpl$f2d           fz_ws.l(f2d.o)
    0x08003306   0x08003306   0x00000002   PAD
    0x08003308   0x08003308   0x000000c4   Code   RO          967    x$fpl$fadd          fz_ws.l(faddsub_clz.o)
    0x080033cc   0x080033cc   0x00000184   Code   RO          974    x$fpl$fdiv          fz_ws.l(fdiv.o)
    0x08003550   0x08003550   0x00000036   Code   RO          977    x$fpl$ffix          fz_ws.l(ffix.o)
    0x08003586   0x08003586   0x00000002   PAD
    0x08003588   0x08003588   0x0000003e   Code   RO          981    x$fpl$ffixu         fz_ws.l(ffixu.o)
    0x080035c6   0x080035c6   0x00000002   PAD
    0x080035c8   0x080035c8   0x00000030   Code   RO          986    x$fpl$fflt          fz_ws.l(fflt_clz.o)
    0x080035f8   0x080035f8   0x00000026   Code   RO          985    x$fpl$ffltu         fz_ws.l(fflt_clz.o)
    0x0800361e   0x0800361e   0x00000002   PAD
    0x08003620   0x08003620   0x00000102   Code   RO          991    x$fpl$fmul          fz_ws.l(fmul.o)
    0x08003722   0x08003722   0x0000008c   Code   RO         1138    x$fpl$fnaninf       fz_ws.l(fnaninf.o)
    0x080037ae   0x080037ae   0x0000000a   Code   RO         1140    x$fpl$fretinf       fz_ws.l(fretinf.o)
    0x080037b8   0x080037b8   0x00000014   Code   RO          968    x$fpl$frsb          fz_ws.l(faddsub_clz.o)
    0x080037cc   0x080037cc   0x000000ea   Code   RO          969    x$fpl$fsub          fz_ws.l(faddsub_clz.o)
    0x080038b6   0x080038b6   0x00000004   Code   RO         1142    x$fpl$printf1       fz_ws.l(printf1.o)
    0x080038ba   0x080038ba   0x00000000   Code   RO         1144    x$fpl$usenofp       fz_ws.l(usenofp.o)
    0x080038ba   0x080038ba   0x00000002   PAD
    0x080038bc   0x080038bc   0x00000008   Data   RO         1013    .constdata          c_w.l(_printf_wctomb.o)
    0x080038c4   0x080038c4   0x00000028   Data   RO         1042    .constdata          c_w.l(_printf_hex_int_ll_ptr.o)
    0x080038ec   0x080038ec   0x00000011   Data   RO         1062    .constdata          c_w.l(__printf_flags_ss_wp.o)
    0x080038fd   0x080038fd   0x00000003   PAD
    0x08003900   0x08003900   0x00000094   Data   RO         1193    .constdata          c_w.l(bigflt0.o)
    0x08003994   0x08003994   0x00000020   Data   RO         1315    Region$$Table       anon$$obj.o
    0x080039b4   0x080039b4   0x0000001c   Data   RO         1217    locale$$data        c_w.l(lc_numeric_c.o)
    0x080039d0   0x080039d0   0x00000110   Data   RO         1245    locale$$data        c_w.l(lc_ctype_c.o)
    0x08003ae0   0x08003ae0   0x00000004   Data   RO          427    .init_array         dma.o
    0x08003ae4   0x08003ae0   0x00000004   Data   RO          590    .init_array         timer.o
    0x08003ae8   0x08003ae0   0x00000004   Data   RO          822    .init_array         usart.o
    0x08003aec   0x08003ae0   0x00000000   Data   RO          950    .init_array         c_w.l(init_aeabi.o)


    Execution Region RW_IRAM1 (Exec base: 0x20000000, Load base: 0x08003aec, Size: 0x00000f40, Max: 0x00010000, ABSOLUTE)

    Exec Addr    Load Addr    Size         Type   Attr      Idx    E Section Name        Object

    0x20000000   0x08003aec   0x00000008   Data   RW           17    .data               main.o
    0x20000008   0x08003af4   0x0000000e   Data   RW          209    .data               basic.o
    0x20000016   0x08003b02   0x00000001   Data   RW          348    .data               wdg.o
    0x20000017   0x08003b03   0x00000001   PAD
    0x20000018   0x08003b04   0x00000010   Data   RW          740    .data               led.o
    0x20000028   0x08003b14   0x00000020   Data   RW          759    .data               key.o
    0x20000048   0x08003b34   0x00000074   Data   RW          821    .data               usart.o
    0x200000bc        -       0x00000040   Zero   RW          289    .bss                exti.o
    0x200000fc        -       0x00000090   Zero   RW          426    .bss                dma.o
    0x2000018c        -       0x000000e0   Zero   RW          589    .bss                timer.o
    0x2000026c        -       0x00000870   Zero   RW          820    .bss                usart.o
    0x20000adc        -       0x00000060   Zero   RW         1239    .bss                c_w.l(libspace.o)
    0x20000b3c   0x08003ba8   0x00000004   PAD
    0x20000b40        -       0x00000000   Zero   RW            2    HEAP                startup_stm32f10x_hd.o
    0x20000b40        -       0x00000400   Zero   RW            1    STACK               startup_stm32f10x_hd.o


==============================================================================

Image component sizes


      Code (inc. data)   RO Data    RW Data    ZI Data      Debug   Object Name

       478         44          0         14          0       5531   basic.o
      1010        158          4          0        144      10525   dma.o
       256         66          0          0         64       3845   exti.o
        64          6          0         32          0        969   key.o
        36          8          0         16          0        679   led.o
       344         58          0          8          0     210855   main.o
        52         18        304          0       1024        804   startup_stm32f10x_hd.o
       428         44          0          0          0       2836   sys.o
       900        162          4          0        224      11042   timer.o
      2096        226          4        116       2160      13722   usart.o
        28         10          0          1          0        641   wdg.o

    ----------------------------------------------------------------------
      5698        800        348        188       3616     261449   Object Totals
         0          0         32          0          0          0   (incl. Generated)
         6          0          0          1          0          0   (incl. Padding)

    ----------------------------------------------------------------------

      Code (inc. data)   RO Data    RW Data    ZI Data      Debug   Library Member Name

         8          0          0          0          0         68   __main.o
       392          4         17          0          0         92   __printf_flags_ss_wp.o
        14          0          0          0          0         68   __printf_wp.o
         0          0          0          0          0          0   __rtentry.o
        12          0          0          0          0          0   __rtentry2.o
         6          0          0          0          0          0   __rtentry4.o
        52          8          0          0          0          0   __scatter.o
        26          0          0          0          0          0   __scatter_copy.o
        28          0          0          0          0          0   __scatter_zi.o
         6          0          0          0          0          0   _printf_a.o
         6          0          0          0          0          0   _printf_c.o
        44          0          0          0          0        108   _printf_char.o
        48          6          0          0          0         96   _printf_char_common.o
        40          0          0          0          0         68   _printf_charcount.o
         6          0          0          0          0          0   _printf_d.o
       120         16          0          0          0         92   _printf_dec.o
         6          0          0          0          0          0   _printf_e.o
         6          0          0          0          0          0   _printf_f.o
      1054          0          0          0          0        216   _printf_fp_dec.o
       128         16          0          0          0         84   _printf_fp_infnan.o
         6          0          0          0          0          0   _printf_g.o
       148          4         40          0          0        160   _printf_hex_int_ll_ptr.o
         6          0          0          0          0          0   _printf_i.o
       178          0          0          0          0         88   _printf_intcommon.o
        10          0          0          0          0          0   _printf_l.o
         6          0          0          0          0          0   _printf_lc.o
        10          0          0          0          0          0   _printf_ll.o
         6          0          0          0          0          0   _printf_lld.o
         6          0          0          0          0          0   _printf_lli.o
         6          0          0          0          0          0   _printf_llo.o
         6          0          0          0          0          0   _printf_llu.o
         6          0          0          0          0          0   _printf_llx.o
       124         16          0          0          0         92   _printf_longlong_dec.o
         6          0          0          0          0          0   _printf_ls.o
         6          0          0          0          0          0   _printf_n.o
         6          0          0          0          0          0   _printf_o.o
       112         10          0          0          0        124   _printf_oct_int_ll.o
         6          0          0          0          0          0   _printf_p.o
        78          0          0          0          0        108   _printf_pad.o
         0          0          0          0          0          0   _printf_percent.o
         4          0          0          0          0          0   _printf_percent_end.o
         6          0          0          0          0          0   _printf_s.o
        82          0          0          0          0         80   _printf_str.o
        36          0          0          0          0         84   _printf_truncate.o
         6          0          0          0          0          0   _printf_u.o
        44          0          0          0          0        108   _printf_wchar.o
       188          6          8          0          0         92   _printf_wctomb.o
         6          0          0          0          0          0   _printf_x.o
        10          0          0          0          0         68   _sputc.o
        64          0          0          0          0         92   _wcrtomb.o
       228          4        148          0          0         96   bigflt0.o
      1936        128          0          0          0        672   btod.o
        36          4          0          0          0         76   c89vsprintf.o
        18          0          0          0          0         80   exit.o
         6          0          0          0          0        152   heapauxi.o
         0          0          0          0          0          0   indicate_semi.o
        36         10          0          0          0         80   init_aeabi.o
        44         10        272          0          0         76   lc_ctype_c.o
        44         10         28          0          0         76   lc_numeric_c.o
         2          0          0          0          0          0   libinit.o
        34          0          0          0          0          0   libinit2.o
         2          0          0          0          0          0   libshutdown.o
         2          0          0          0          0          0   libshutdown2.o
         8          4          0          0         96         68   libspace.o
       138          0          0          0          0         80   lludiv10.o
        16          4          0          0          0         76   rt_ctype_table.o
         8          4          0          0          0         68   rt_locale_intlibspace.o
         2          0          0          0          0          0   rtexit.o
        10          0          0          0          0          0   rtexit2.o
       128          0          0          0          0         68   strcmpv7m.o
        12          4          0          0          0         68   sys_exit.o
        74          0          0          0          0         80   sys_stackheap_outer.o
         2          0          0          0          0         68   use_no_semi.o
       688        140          0          0          0        208   ddiv.o
        94          4          0          0          0         92   dfix.o
       156          4          0          0          0         92   dnaninf.o
        12          0          0          0          0         68   dretinf.o
        86          4          0          0          0         84   f2d.o
       450          8          0          0          0        236   faddsub_clz.o
       388         76          0          0          0         96   fdiv.o
        54          4          0          0          0         84   ffix.o
        62          4          0          0          0         84   ffixu.o
        86          0          0          0          0        136   fflt_clz.o
       258          4          0          0          0         84   fmul.o
       140          4          0          0          0         84   fnaninf.o
        10          0          0          0          0         68   fretinf.o
         4          0          0          0          0         68   printf1.o
         0          0          0          0          0          0   usenofp.o
        40          0          0          0          0         68   fpclassify.o

    ----------------------------------------------------------------------
      8522        520        516          0        100       5424   Library Totals
        28          0          3          0          4          0   (incl. Padding)

    ----------------------------------------------------------------------

      Code (inc. data)   RO Data    RW Data    ZI Data      Debug   Library Name

      5966        268        513          0         96       3872   c_w.l
      2488        252          0          0          0       1484   fz_ws.l
        40          0          0          0          0         68   m_ws.l

    ----------------------------------------------------------------------
      8522        520        516          0        100       5424   Library Totals

    ----------------------------------------------------------------------

==============================================================================


      Code (inc. data)   RO Data    RW Data    ZI Data      Debug   

     14220       1320        864        188       3716     260057   Grand Totals
     14220       1320        864        188       3716     260057   ELF Image Totals
     14220       1320        864        188          0          0   ROM Totals

==============================================================================

    Total RO  Size (Code + RO Data)                15084 (  14.73kB)
    Total RW  Size (RW Data + ZI Data)              3904 (   3.81kB)
    Total ROM Size (Code + RO Data + RW Data)      15272 (  14.91kB)

==============================================================================

