Component: ARM Compiler 5.06 update 6 (build 750) Tool: armlink [4d35ed]

==============================================================================

Section Cross References

    startup_stm32f10x_hd.o(STACK) refers (Special) to heapauxi.o(.text) for __use_two_region_memory
    startup_stm32f10x_hd.o(HEAP) refers (Special) to heapauxi.o(.text) for __use_two_region_memory
    startup_stm32f10x_hd.o(RESET) refers (Special) to heapauxi.o(.text) for __use_two_region_memory
    startup_stm32f10x_hd.o(RESET) refers to startup_stm32f10x_hd.o(STACK) for __initial_sp
    startup_stm32f10x_hd.o(RESET) refers to startup_stm32f10x_hd.o(.text) for Reset_Handler
    startup_stm32f10x_hd.o(RESET) refers to basic.o(i.SysTick_Handler) for SysTick_Handler
    startup_stm32f10x_hd.o(RESET) refers to wdg.o(i.WWDG_IRQHandler) for WWDG_IRQHandler
    startup_stm32f10x_hd.o(RESET) refers to exti.o(i.EXTI0_IRQHandler) for EXTI0_IRQHandler
    startup_stm32f10x_hd.o(RESET) refers to exti.o(i.EXTI1_IRQHandler) for EXTI1_IRQHandler
    startup_stm32f10x_hd.o(RESET) refers to exti.o(i.EXTI2_IRQHandler) for EXTI2_IRQHandler
    startup_stm32f10x_hd.o(RESET) refers to exti.o(i.EXTI3_IRQHandler) for EXTI3_IRQHandler
    startup_stm32f10x_hd.o(RESET) refers to exti.o(i.EXTI4_IRQHandler) for EXTI4_IRQHandler
    startup_stm32f10x_hd.o(RESET) refers to dma.o(i.DMA1_Channel1_IRQHandler) for DMA1_Channel1_IRQHandler
    startup_stm32f10x_hd.o(RESET) refers to dma.o(i.DMA1_Channel2_IRQHandler) for DMA1_Channel2_IRQHandler
    startup_stm32f10x_hd.o(RESET) refers to dma.o(i.DMA1_Channel3_IRQHandler) for DMA1_Channel3_IRQHandler
    startup_stm32f10x_hd.o(RESET) refers to dma.o(i.DMA1_Channel4_IRQHandler) for DMA1_Channel4_IRQHandler
    startup_stm32f10x_hd.o(RESET) refers to dma.o(i.DMA1_Channel5_IRQHandler) for DMA1_Channel5_IRQHandler
    startup_stm32f10x_hd.o(RESET) refers to dma.o(i.DMA1_Channel6_IRQHandler) for DMA1_Channel6_IRQHandler
    startup_stm32f10x_hd.o(RESET) refers to dma.o(i.DMA1_Channel7_IRQHandler) for DMA1_Channel7_IRQHandler
    startup_stm32f10x_hd.o(RESET) refers to exti.o(i.EXTI9_5_IRQHandler) for EXTI9_5_IRQHandler
    startup_stm32f10x_hd.o(RESET) refers to timer.o(i.TIM1_UP_IRQHandler) for TIM1_UP_IRQHandler
    startup_stm32f10x_hd.o(RESET) refers to timer.o(i.TIM1_TRG_COM_IRQHandler) for TIM1_TRG_COM_IRQHandler
    startup_stm32f10x_hd.o(RESET) refers to timer.o(i.TIM1_CC_IRQHandler) for TIM1_CC_IRQHandler
    startup_stm32f10x_hd.o(RESET) refers to timer.o(i.TIM2_IRQHandler) for TIM2_IRQHandler
    startup_stm32f10x_hd.o(RESET) refers to timer.o(i.TIM3_IRQHandler) for TIM3_IRQHandler
    startup_stm32f10x_hd.o(RESET) refers to timer.o(i.TIM4_IRQHandler) for TIM4_IRQHandler
    startup_stm32f10x_hd.o(RESET) refers to usart.o(i.USART1_IRQHandler) for USART1_IRQHandler
    startup_stm32f10x_hd.o(RESET) refers to usart.o(i.USART2_IRQHandler) for USART2_IRQHandler
    startup_stm32f10x_hd.o(RESET) refers to usart.o(i.USART3_IRQHandler) for USART3_IRQHandler
    startup_stm32f10x_hd.o(RESET) refers to exti.o(i.EXTI15_10_IRQHandler) for EXTI15_10_IRQHandler
    startup_stm32f10x_hd.o(RESET) refers to timer.o(i.TIM8_UP_IRQHandler) for TIM8_UP_IRQHandler
    startup_stm32f10x_hd.o(RESET) refers to timer.o(i.TIM8_TRG_COM_IRQHandler) for TIM8_TRG_COM_IRQHandler
    startup_stm32f10x_hd.o(RESET) refers to timer.o(i.TIM8_CC_IRQHandler) for TIM8_CC_IRQHandler
    startup_stm32f10x_hd.o(RESET) refers to timer.o(i.TIM5_IRQHandler) for TIM5_IRQHandler
    startup_stm32f10x_hd.o(RESET) refers to usart.o(i.UART4_IRQHandler) for UART4_IRQHandler
    startup_stm32f10x_hd.o(RESET) refers to usart.o(i.UART5_IRQHandler) for UART5_IRQHandler
    startup_stm32f10x_hd.o(RESET) refers to timer.o(i.TIM6_IRQHandler) for TIM6_IRQHandler
    startup_stm32f10x_hd.o(RESET) refers to timer.o(i.TIM7_IRQHandler) for TIM7_IRQHandler
    startup_stm32f10x_hd.o(RESET) refers to dma.o(i.DMA2_Channel1_IRQHandler) for DMA2_Channel1_IRQHandler
    startup_stm32f10x_hd.o(RESET) refers to dma.o(i.DMA2_Channel2_IRQHandler) for DMA2_Channel2_IRQHandler
    startup_stm32f10x_hd.o(RESET) refers to dma.o(i.DMA2_Channel3_IRQHandler) for DMA2_Channel3_IRQHandler
    startup_stm32f10x_hd.o(RESET) refers to dma.o(i.DMA2_Channel4_5_IRQHandler) for DMA2_Channel4_5_IRQHandler
    startup_stm32f10x_hd.o(.text) refers (Special) to heapauxi.o(.text) for __use_two_region_memory
    startup_stm32f10x_hd.o(.text) refers to __main.o(!!!main) for __main
    startup_stm32f10x_hd.o(.text) refers to startup_stm32f10x_hd.o(HEAP) for Heap_Mem
    startup_stm32f10x_hd.o(.text) refers to startup_stm32f10x_hd.o(STACK) for Stack_Mem
    main.o(i._Z4tonej) refers to pwm.o(i._Z12pwm_set_freqj) for pwm_set_freq(unsigned)
    main.o(i._Z4tonej) refers to pwm.o(i._Z7pwm1outf) for pwm1out(float)
    main.o(i._Z4tonej) refers to pwm.o(i._Z7pwm2outf) for pwm2out(float)
    main.o(i._Z4tonej) refers to pwm.o(i._Z7pwm3outf) for pwm3out(float)
[...]
    i.EXTI15_10_IRQHandler                   0x080019dc   Section        0  exti.o(i.EXTI15_10_IRQHandler)
    i.EXTI1_IRQHandler                       0x08001a0c   Section        0  exti.o(i.EXTI1_IRQHandler)
    i.EXTI2_IRQHandler                       0x08001a2c   Section        0  exti.o(i.EXTI2_IRQHandler)
    i.EXTI3_IRQHandler                       0x08001a4c   Section        0  exti.o(i.EXTI3_IRQHandler)
    i.EXTI4_IRQHandler                       0x08001a6c   Section        0  exti.o(i.EXTI4_IRQHandler)
    i.EXTI9_5_IRQHandler                     0x08001a8c   Section        0  exti.o(i.EXTI9_5_IRQHandler)
    i.MY_NVIC_Init                           0x08001abc   Section        0  sys.o(i.MY_NVIC_Init)
    i.MY_NVIC_PriorityGroupConfig            0x08001b34   Section        0  sys.o(i.MY_NVIC_PriorityGroupConfig)
    i.MY_NVIC_SetVectorTable                 0x08001b5c   Section        0  sys.o(i.MY_NVIC_SetVectorTable)
    i.Stm32_Clock_Init                       0x08001b70   Section        0  sys.o(i.Stm32_Clock_Init)
    i.SysTick_Handler                        0x08001c00   Section        0  basic.o(i.SysTick_Handler)
    i.TIM1_CC_IRQHandler                     0x08001c10   Section        0  timer.o(i.TIM1_CC_IRQHandler)
    i.TIM1_TRG_COM_IRQHandler                0x08001c20   Section        0  timer.o(i.TIM1_TRG_COM_IRQHandler)
    i.TIM1_UP_IRQHandler                     0x08001c30   Section        0  timer.o(i.TIM1_UP_IRQHandler)
    i.TIM2_IRQHandler                        0x08001c40   Section        0  timer.o(i.TIM2_IRQHandler)
    i.TIM3_IRQHandler                        0x08001c50   Section        0  timer.o(i.TIM3_IRQHandler)
    i.TIM4_IRQHandler                        0x08001c60   Section        0  timer.o(i.TIM4_IRQHandler)
    i.TIM5_IRQHandler                        0x08001c70   Section        0  timer.o(i.TIM5_IRQHandler)
    i.TIM6_IRQHandler                        0x08001c80   Section        0  timer.o(i.TIM6_IRQHandler)
    i.TIM7_IRQHandler                        0x08001c90   Section        0  timer.o(i.TIM7_IRQHandler)
    i.TIM8_CC_IRQHandler                     0x08001ca0   Section        0  timer.o(i.TIM8_CC_IRQHandler)
    i.TIM8_TRG_COM_IRQHandler                0x08001cb0   Section        0  timer.o(i.TIM8_TRG_COM_IRQHandler)
    i.TIM8_UP_IRQHandler                     0x08001cc0   Section        0  timer.o(i.TIM8_UP_IRQHandler)
    i.UART4_IRQHandler                       0x08001cd0   Section        0  usart.o(i.UART4_IRQHandler)
    i.UART5_IRQHandler                       0x08001ce0   Section        0  usart.o(i.UART5_IRQHandler)
    i.USART1_IRQHandler                      0x08001cf0   Section        0  usart.o(i.USART1_IRQHandler)
    i.USART2_IRQHandler                      0x08001d00   Section        0  usart.o(i.USART2_IRQHandler)
    i.USART3_IRQHandler                      0x08001d10   Section        0  usart.o(i.USART3_IRQHandler)
    i.WWDG_IRQHandler                        0x08001d20   Section        0  wdg.o(i.WWDG_IRQHandler)
    i._Z12MYRCC_DeInitv                      0x08001d3c   Section        0  sys.o(i._Z12MYRCC_DeInitv)
    i._Z16rdma1_IRQHandlerv                  0x08001da4   Section        0  usart.o(i._Z16rdma1_IRQHandlerv)
    i._Z16rdma2_IRQHandlerv                  0x08001dbc   Section        0  usart.o(i._Z16rdma2_IRQHandlerv)
    i._Z16rdma3_IRQHandlerv                  0x08001dd4   Section        0  usart.o(i._Z16rdma3_IRQHandlerv)
    i._Z16tdma1_IRQHandlerv                  0x08001dec   Section        0  usart.o(i._Z16tdma1_IRQHandlerv)
    i._Z16tdma2_IRQHandlerv                  0x08001dfc   Section        0  usart.o(i._Z16tdma2_IRQHandlerv)
    i._Z16tdma3_IRQHandlerv                  0x08001e0c   Section        0  usart.o(i._Z16tdma3_IRQHandlerv)
    i._Z3mapfffff                            0x08001e1c   Section        0  servo.o(i._Z3mapfffff)
    i._Z5delayj                              0x08001e64   Section        0  basic.o(i._Z5delayj)
    i._Z5put16jhj                            0x08001e7c   Section        0  basic.o(i._Z5put16jhj)
    i._Z6microsv                             0x08001e98   Section        0  basic.o(i._Z6microsv)
    i._Z6millisv                             0x08001ec4   Section        0  basic.o(i._Z6millisv)
    i._Z7pinMode3pin7IO_mode8IO_level        0x08001ed0   Section        0  basic.o(i._Z7pinMode3pin7IO_mode8IO_level)
    i._Z8delay_usj                           0x08001f40   Section        0  basic.o(i._Z8delay_usj)
    i._Z8key_initv                           0x08001f84   Section        0  key.o(i._Z8key_initv)
    i._Z8led_initv                           0x08001fc4   Section        0  led.o(i._Z8led_initv)
    i._Z8sys_inithh                          0x08001fe8   Section        0  basic.o(i._Z8sys_inithh)
    i._Z9NVIC_inith13NVIC_priority           0x08002064   Section        0  basic.o(i._Z9NVIC_inith13NVIC_priority)
    i._Z9led1_flipv                          0x0800207c   Section        0  main.o(i._Z9led1_flipv)
    i._ZN4UART10IRQHandlerEv                 0x080020cc   Section        0  usart.o(i._ZN4UART10IRQHandlerEv)
    i._ZN4UART6enableEh9recv_mode4io_tS1_j8parity_e 0x08002244   Section        0  usart.o(i._ZN4UART6enableEh9recv_mode4io_tS1_j8parity_e)
    i._ZN4UART6printfEPKcz                   0x080026cc   Section        0  usart.o(i._ZN4UART6printfEPKcz)
    i._ZN4UARTC1EP13USART_TypeDef            0x080027bc   Section        0  usart.o(i._ZN4UARTC1EP13USART_TypeDef)
    i._ZN5Servo4initER5timer7TIM_CHxh        0x0800282c   Section        0  servo.o(i._ZN5Servo4initER5timer7TIM_CHxh)
    i._ZN5timer10IRQHandlerEv                0x080028d0   Section        0  timer.o(i._ZN5timer10IRQHandlerEv)
    i._ZN5timer10attach_ITREPFvvE9tim_event13NVIC_priority 0x08002954   Section        0  timer.o(i._ZN5timer10attach_ITREPFvvE9tim_event13NVIC_priority)
    i._ZN5timer13set_frequencyEj             0x08002a50   Section        0  timer.o(i._ZN5timer13set_frequencyEj)
    i._ZN5timer13set_frequencyEtt            0x08002a7c   Section        0  timer.o(i._ZN5timer13set_frequencyEtt)
    i._ZN5timer14enable_channelE7TIM_CHx     0x08002a86   Section        0  timer.o(i._ZN5timer14enable_channelE7TIM_CHx)
    i._ZN5timer16set_channel_modeE7TIM_CHx16tim_channel_modehh 0x08002a9c   Section        0  timer.o(i._ZN5timer16set_channel_modeE7TIM_CHx16tim_channel_modehh)
    i._ZN5timer4initE8tim_mode               0x08002dbc   Section        0  timer.o(i._ZN5timer4initE8tim_mode)
    i._ZN5timer6enableEv                     0x08002e1c   Section        0  timer.o(i._ZN5timer6enableEv)
    i._ZN5timerC1EP11TIM_TypeDef             0x08002e2a   Section        0  timer.o(i._ZN5timerC1EP11TIM_TypeDef)
    i._ZN6DMA_CH10IRQHandlerEv               0x08002e50   Section        0  dma.o(i._ZN6DMA_CH10IRQHandlerEv)
    i._ZN6DMA_CH10attach_ITREPFvvE13NVIC_priority 0x08002eec   Section        0  dma.o(i._ZN6DMA_CH10attach_ITREPFvvE13NVIC_priority)
    i._ZN6DMA_CH4initEjj7dma_dirthh9data_sizeS1_hh12dma_priority 0x08003010   Section        0  dma.o(i._ZN6DMA_CH4initEjj7dma_dirthh9data_sizeS1_hh12dma_priority)
    i._ZN6DMA_CH6configEjjt                  0x080030a0   Section        0  dma.o(i._ZN6DMA_CH6configEjjt)
    i._ZN6DMA_CH6enableEv                    0x080030ae   Section        0  dma.o(i._ZN6DMA_CH6enableEv)
    i._ZN6DMA_CHC1EP19DMA_Channel_TypeDef    0x080030d2   Section        0  dma.o(i._ZN6DMA_CHC1EP19DMA_Channel_TypeDef)
    i.__ARM_fpclassify                       0x080030da   Section        0  fpclassify.o(i.__ARM_fpclassify)
    i.__sti___7_dma_cpp_dma1_1               0x08003104   Section        0  dma.o(i.__sti___7_dma_cpp_dma1_1)
    __sti___7_dma_cpp_dma1_1                 0x08003105   Thumb Code   120  dma.o(i.__sti___7_dma_cpp_dma1_1)
    i.__sti___9_timer_cpp_tim1               0x080031b4   Section        0  timer.o(i.__sti___9_timer_cpp_tim1)
    __sti___9_timer_cpp_tim1                 0x080031b5   Thumb Code    70  timer.o(i.__sti___9_timer_cpp_tim1)
    i.__sti___9_usart_cpp_eed3c6e7           0x08003238   Section        0  usart.o(i.__sti___9_usart_cpp_eed3c6e7)
    __sti___9_usart_cpp_eed3c6e7             0x08003239   Thumb Code    44  usart.o(i.__sti___9_usart_cpp_eed3c6e7)
    i._is_digit                              0x0800328c   Section        0  __printf_wp.o(i._is_digit)
    i.main                                   0x0800329c   Section        0  main.o(i.main)
    locale$$code                             0x0800339c   Section       44  lc_numeric_c.o(locale$$code)
    locale$$code                             0x080033c8   Section       44  lc_ctype_c.o(locale$$code)
    x$fpl$ddiv                               0x080033f4   Section      688  ddiv.o(x$fpl$ddiv)
    ddiv_entry                               0x080033fb   Thumb Code     0  ddiv.o(x$fpl$ddiv)
    x$fpl$dfix                               0x080036a4   Section       94  dfix.o(x$fpl$dfix)
    x$fpl$dnaninf                            0x08003702   Section      156  dnaninf.o(x$fpl$dnaninf)
    x$fpl$dretinf                            0x0800379e   Section       12  dretinf.o(x$fpl$dretinf)
    x$fpl$f2d                                0x080037ac   Section       86  f2d.o(x$fpl$f2d)
    x$fpl$fadd                               0x08003804   Section      196  faddsub_clz.o(x$fpl$fadd)
    _fadd1                                   0x08003813   Thumb Code     0  faddsub_clz.o(x$fpl$fadd)
    x$fpl$fdiv                               0x080038c8   Section      388  fdiv.o(x$fpl$fdiv)
    _fdiv1                                   0x080038c9   Thumb Code     0  fdiv.o(x$fpl$fdiv)
    x$fpl$ffix                               0x08003a4c   Section       54  ffix.o(x$fpl$ffix)
    x$fpl$ffixu                              0x08003a84   Section       62  ffixu.o(x$fpl$ffixu)
    x$fpl$fflt                               0x08003ac4   Section       48  fflt_clz.o(x$fpl$fflt)
    x$fpl$ffltu                              0x08003af4   Section       38  fflt_clz.o(x$fpl$ffltu)
    x$fpl$fmul                               0x08003b1c   Section      258  fmul.o(x$fpl$fmul)
    x$fpl$fnaninf                            0x08003c1e   Section      140  fnaninf.o(x$fpl$fnaninf)
    x$fpl$fretinf                            0x08003caa   Section       10  fretinf.o(x$fpl$fretinf)
    x$fpl$frsb                               0x08003cb4   Section       20  faddsub_clz.o(x$fpl$frsb)
    x$fpl$fsub                               0x08003cc8   Section      234  faddsub_clz.o(x$fpl$fsub)
    _fsub1                                   0x08003cd7   Thumb Code     0  faddsub_clz.o(x$fpl$fsub)
    x$fpl$printf1                            0x08003db2   Section        4  printf1.o(x$fpl$printf1)
    x$fpl$usenofp                            0x08003db6   Section        0  usenofp.o(x$fpl$usenofp)
    .constdata                               0x08003db8   Section        8  _printf_wctomb.o(.constdata)
    initial_mbstate                          0x08003db8   Data           8  _printf_wctomb.o(.constdata)
    .constdata                               0x08003dc0   Section       40  _printf_hex_int_ll_ptr.o(.constdata)
    uc_hextab                                0x08003dc0   Data          20  _printf_hex_int_ll_ptr.o(.constdata)
    lc_hextab                                0x08003dd4   Data          20  _printf_hex_int_ll_ptr.o(.constdata)
    .constdata                               0x08003de8   Section       17  __printf_flags_ss_wp.o(.constdata)
    maptable                                 0x08003de8   Data          17  __printf_flags_ss_wp.o(.constdata)
    .constdata                               0x08003dfc   Section      148  bigflt0.o(.constdata)
    tenpwrs_x                                0x08003dfc   Data          60  bigflt0.o(.constdata)
    tenpwrs_i                                0x08003e38   Data          64  bigflt0.o(.constdata)
    locale$$data                             0x08003eb0   Section       28  lc_numeric_c.o(locale$$data)
    __lcnum_c_name                           0x08003eb4   Data           2  lc_numeric_c.o(locale$$data)
    __lcnum_c_start                          0x08003ebc   Data           0  lc_numeric_c.o(locale$$data)
    __lcnum_c_point                          0x08003ec8   Data           0  lc_numeric_c.o(locale$$data)
    __lcnum_c_thousands                      0x08003eca   Data           0  lc_numeric_c.o(locale$$data)
    __lcnum_c_grouping                       0x08003ecb   Data           0  lc_numeric_c.o(locale$$data)
    locale$$data                             0x08003ecc   Section      272  lc_ctype_c.o(locale$$data)
    __lcnum_c_end                            0x08003ecc   Data           0  lc_numeric_c.o(locale$$data)
    __lcctype_c_name                         0x08003ed0   Data           2  lc_ctype_c.o(locale$$data)
    __lcctype_c_start                        0x08003ed8   Data           0  lc_ctype_c.o(locale$$data)
    .init_array                              0x08003fdc   Section        4  dma.o(.init_array)
    __lcctype_c_end                          0x08003fdc   Data           0  lc_ctype_c.o(locale$$data)
    .init_array                              0x08003fe0   Section        4  timer.o(.init_array)
    .init_array                              0x08003fe4   Section        4  usart.o(.init_array)
    .init_array                              0x08003fe8   Section        0  init_aeabi.o(.init_array)
    .data                                    0x20000000   Section       96  main.o(.data)
    .data                                    0x20000060   Section       14  basic.o(.data)
    .data                                    0x2000006e   Section        1  wdg.o(.data)
    .data                                    0x20000070   Section      480  timer.o(.data)
    .data                                    0x20000250   Section       16  led.o(.data)
    .data                                    0x20000260   Section       32  key.o(.data)
    .data                                    0x20000280   Section      116  usart.o(.data)
    UART::printf(const char*, ...)::ap       0x200002f0   Data           4  usart.o(.data)
    .bss                                     0x200002f4   Section       64  exti.o(.bss)
    .bss                                     0x20000334   Section      144  dma.o(.bss)
    .bss                                     0x200003c4   Section      224  timer.o(.bss)
    .bss                                     0x200004a4   Section     2160  usart.o(.bss)
    .bss                                     0x20000d14   Section       96  libspace.o(.bss)
    HEAP                                     0x20000d78   Section        0  startup_stm32f10x_hd.o(HEAP)
    STACK                                    0x20000d78   Section     1024  startup_stm32f10x_hd.o(STACK)
    Heap_Mem                                 0x20000d78   Data           0  startup_stm32f10x_hd.o(HEAP)
    Stack_Mem                                0x20000d78   Data        1024  startup_stm32f10x_hd.o(STACK)
    __initial_sp                             0x20001178   Data           0  startup_stm32f10x_hd.o(STACK)

    Global Symbols

    Symbol Name                              Value     Ov Type        Size  Object(Section)

    BuildAttributes$$THM_ISAv4$P$D$K$B$S$PE$A:L22UL41UL21$X:L11$S22US41US21$IEEE1$IW$USESV6$~STKCKD$USESV7$~SHL$OTIME$ROPI$IEEEJ$EBA8$UX$STANDARDLIB$REQ8$PRES8$EABIv2 0x00000000   Number         0  anon$$obj.o ABSOLUTE
    __ARM_use_no_argv                        0x00000000   Number         0  main.o ABSOLUTE
    _printf_flags                            0x00000000   Number         0  printf_stubs.o ABSOLUTE
    _printf_return_value                     0x00000000   Number         0  printf_stubs.o ABSOLUTE
    _printf_sizespec                         0x00000000   Number         0  printf_stubs.o ABSOLUTE
    _printf_widthprec                        0x00000000   Number         0  printf_stubs.o ABSOLUTE
    __ARM_exceptions_init                     - Undefined Weak Reference
    __alloca_initialize                       - Undefined Weak Reference
    __arm_preinit_                            - Undefined Weak Reference
    __cxa_finalize                            - Undefined Weak Reference
    __sigvec_lookup                           - Undefined Weak Reference
    _atexit_init                              - Undefined Weak Reference
    _call_atexit_fns                          - Undefined Weak Reference
    _clock_init                               - Undefined Weak Reference
    _fp_trap_init                             - Undefined Weak Reference
    _fp_trap_shutdown                         - Undefined Weak Reference
    _get_lc_collate                           - Undefined Weak Reference
    _get_lc_monetary                          - Undefined Weak Reference
    _get_lc_time                              - Undefined Weak Reference
    _getenv_init                              - Undefined Weak Reference
    _handle_redirection                       - Undefined Weak Reference
    _init_alloc                               - Undefined Weak Reference
    _init_user_alloc                          - Undefined Weak Reference
    _initio                                   - Undefined Weak Reference
    _printf_fp_hex                            - Undefined Weak Reference
    _printf_mbtowc                            - Undefined Weak Reference
    _printf_wc                                - Undefined Weak Reference
    _rand_init                                - Undefined Weak Reference
    _signal_finish                            - Undefined Weak Reference
    _signal_init                              - Undefined Weak Reference
    _terminate_alloc                          - Undefined Weak Reference
    _terminate_user_alloc                     - Undefined Weak Reference
    _terminateio                              - Undefined Weak Reference
    __Vectors_Size                           0x00000130   Number         0  startup_stm32f10x_hd.o ABSOLUTE
    __Vectors                                0x08000000   Data           4  startup_stm32f10x_hd.o(RESET)
    __Vectors_End                            0x08000130   Data           0  startup_stm32f10x_hd.o(RESET)
    __main                                   0x08000131   Thumb Code     8  __main.o(!!!main)
    __scatterload                            0x08000139   Thumb Code     0  __scatter.o(!!!scatter)
    __scatterload_rt2                        0x08000139   Thumb Code    44  __scatter.o(!!!scatter)
    __scatterload_rt2_thumb_only             0x08000139   Thumb Code     0  __scatter.o(!!!scatter)
    __scatterload_null                       0x08000147   Thumb Code     0  __scatter.o(!!!scatter)
    __decompress                             0x0800016d   Thumb Code   100  __dclz77c.o(!!dclz77c)
    __decompress2                            0x0800016d   Thumb Code     0  __dclz77c.o(!!dclz77c)
    __scatterload_zeroinit                   0x080001d1   Thumb Code    28  __scatter_zi.o(!!handler_zi)
    _printf_n                                0x080001ed   Thumb Code     0  _printf_n.o(.ARM.Collect$$_printf_percent$$00000001)
    _printf_percent                          0x080001ed   Thumb Code     0  _printf_percent.o(.ARM.Collect$$_printf_percent$$00000000)
    _printf_p                                0x080001f3   Thumb Code     0  _printf_p.o(.ARM.Collect$$_printf_percent$$00000002)
    _printf_f                                0x080001f9   Thumb Code     0  _printf_f.o(.ARM.Collect$$_printf_percent$$00000003)
    _printf_e                                0x080001ff   Thumb Code     0  _printf_e.o(.ARM.Collect$$_printf_percent$$00000004)
    _printf_g                                0x08000205   Thumb Code     0  _printf_g.o(.ARM.Collect$$_printf_percent$$00000005)
    _printf_a                                0x0800020b   Thumb Code     0  _printf_a.o(.ARM.Collect$$_printf_percent$$00000006)
    _printf_ll                               0x08000211   Thumb Code     0  _printf_ll.o(.ARM.Collect$$_printf_percent$$00000007)
    _printf_i                                0x0800021b   Thumb Code     0  _printf_i.o(.ARM.Collect$$_printf_percent$$00000008)
    _printf_d                                0x08000221   Thumb Code     0  _printf_d.o(.ARM.Collect$$_printf_percent$$00000009)
    _printf_u                                0x08000227   Thumb Code     0  _printf_u.o(.ARM.Collect$$_printf_percent$$0000000A)
    _printf_o                                0x0800022d   Thumb Code     0  _printf_o.o(.ARM.Collect$$_printf_percent$$0000000B)
    _printf_x                                0x08000233   Thumb Code     0  _printf_x.o(.ARM.Collect$$_printf_percent$$0000000C)
    _printf_lli                              0x08000239   Thumb Code     0  _printf_lli.o(.ARM.Collect$$_printf_percent$$0000000D)
    _printf_lld                              0x0800023f   Thumb Code     0  _printf_lld.o(.ARM.Collect$$_printf_percent$$0000000E)
    _printf_llu                              0x08000245   Thumb Code     0  _printf_llu.o(.ARM.Collect$$_printf_percent$$0000000F)
    _printf_llo                              0x0800024b   Thumb Code     0  _printf_llo.o(.ARM.Collect$$_printf_percent$$00000010)
    _printf_llx                              0x08000251   Thumb Code     0  _printf_llx.o(.ARM.Collect$$_printf_percent$$00000011)
    _printf_l                                0x08000257   Thumb Code     0  _printf_l.o(.ARM.Collect$$_printf_percent$$00000012)
    _printf_c                                0x08000261   Thumb Code     0  _printf_c.o(.ARM.Collect$$_printf_percent$$00000013)
    _printf_s                                0x08000267   Thumb Code     0  _printf_s.o(.ARM.Collect$$_printf_percent$$00000014)
    _printf_lc                               0x0800026d   Thumb Code     0  _printf_lc.o(.ARM.Collect$$_printf_percent$$00000015)
    _printf_ls                               0x08000273   Thumb Code     0  _printf_ls.o(.ARM.Collect$$_printf_percent$$00000016)
    _printf_percent_end                      0x08000279   Thumb Code     0  _printf_percent_end.o(.ARM.Collect$$_printf_percent$$00000017)
    __rt_lib_init                            0x0800027d   Thumb Code     0  libinit.o(.ARM.Collect$$libinit$$00000000)
    __rt_lib_init_fp_1                       0x0800027f   Thumb Code     0  libinit2.o(.ARM.Collect$$libinit$$00000002)
    __rt_lib_init_heap_1                     0x0800027f   Thumb Code     0  libinit2.o(.ARM.Collect$$libinit$$0000000A)
    __rt_lib_init_lc_common                  0x0800027f   Thumb Code     0  libinit2.o(.ARM.Collect$$libinit$$0000000F)
    __rt_lib_init_preinit_1                  0x0800027f   Thumb Code     0  libinit2.o(.ARM.Collect$$libinit$$00000004)
    __rt_lib_init_rand_1                     0x0800027f   Thumb Code     0  libinit2.o(.ARM.Collect$$libinit$$0000000E)
    __rt_lib_init_user_alloc_1               0x0800027f   Thumb Code     0  libinit2.o(.ARM.Collect$$libinit$$0000000C)
    __rt_lib_init_lc_collate_1               0x08000285   Thumb Code     0  libinit2.o(.ARM.Collect$$libinit$$00000011)
    __rt_lib_init_lc_ctype_2                 0x08000285   Thumb Code     0  libinit2.o(.ARM.Collect$$libinit$$00000012)
    __rt_lib_init_lc_ctype_1                 0x08000291   Thumb Code     0  libinit2.o(.ARM.Collect$$libinit$$00000013)
    __rt_lib_init_lc_monetary_1              0x08000291   Thumb Code     0  libinit2.o(.ARM.Collect$$libinit$$00000015)
    __rt_lib_init_lc_numeric_2               0x08000291   Thumb Code     0  libinit2.o(.ARM.Collect$$libinit$$00000016)
    __rt_lib_init_alloca_1                   0x0800029b   Thumb Code     0  libinit2.o(.ARM.Collect$$libinit$$0000002E)
    __rt_lib_init_argv_1                     0x0800029b   Thumb Code     0  libinit2.o(.ARM.Collect$$libinit$$0000002C)
    __rt_lib_init_atexit_1                   0x0800029b   Thumb Code     0  libinit2.o(.ARM.Collect$$libinit$$0000001B)
    __rt_lib_init_clock_1                    0x0800029b   Thumb Code     0  libinit2.o(.ARM.Collect$$libinit$$00000021)
    __rt_lib_init_cpp_2                      0x0800029b   Thumb Code     0  libinit2.o(.ARM.Collect$$libinit$$00000031)
    __rt_lib_init_exceptions_1               0x0800029b   Thumb Code     0  libinit2.o(.ARM.Collect$$libinit$$00000030)
    __rt_lib_init_fp_trap_1                  0x0800029b   Thumb Code     0  libinit2.o(.ARM.Collect$$libinit$$0000001F)
    __rt_lib_init_getenv_1                   0x0800029b   Thumb Code     0  libinit2.o(.ARM.Collect$$libinit$$00000023)
    __rt_lib_init_lc_numeric_1               0x0800029b   Thumb Code     0  libinit2.o(.ARM.Collect$$libinit$$00000017)
    __rt_lib_init_lc_time_1                  0x0800029b   Thumb Code     0  libinit2.o(.ARM.Collect$$libinit$$00000019)
    __rt_lib_init_signal_1                   0x0800029b   Thumb Code     0  libinit2.o(.ARM.Collect$$libinit$$0000001D)
    __rt_lib_init_stdio_1                    0x0800029b   Thumb Code     0  libinit2.o(.ARM.Collect$$libinit$$00000025)
    __rt_lib_init_cpp_1                      0x0800029f   Thumb Code     0  libinit2.o(.ARM.Collect$$libinit$$00000032)
    __rt_lib_init_return                     0x0800029f   Thumb Code     0  libinit2.o(.ARM.Collect$$libinit$$00000033)
    __rt_lib_shutdown                        0x080002a1   Thumb Code     0  libshutdown.o(.ARM.Collect$$libshutdown$$00000000)
    __rt_lib_shutdown_cpp_1                  0x080002a3   Thumb Code     0  libshutdown2.o(.ARM.Collect$$libshutdown$$00000002)
    __rt_lib_shutdown_fp_trap_1              0x080002a3   Thumb Code     0  libshutdown2.o(.ARM.Collect$$libshutdown$$00000007)
    __rt_lib_shutdown_heap_1                 0x080002a3   Thumb Code     0  libshutdown2.o(.ARM.Collect$$libshutdown$$0000000F)
    __rt_lib_shutdown_return                 0x080002a3   Thumb Code     0  libshutdown2.o(.ARM.Collect$$libshutdown$$00000010)
    __rt_lib_shutdown_signal_1               0x080002a3   Thumb Code     0  libshutdown2.o(.ARM.Collect$$libshutdown$$0000000A)
    __rt_lib_shutdown_stdio_1                0x080002a3   Thumb Code     0  libshutdown2.o(.ARM.Collect$$libshutdown$$00000004)
    __rt_lib_shutdown_user_alloc_1           0x080002a3   Thumb Code     0  libshutdown2.o(.ARM.Collect$$libshutdown$$0000000C)
    __rt_entry                               0x080002a5   Thumb Code     0  __rtentry.o(.ARM.Collect$$rtentry$$00000000)
    __rt_entry_presh_1                       0x080002a5   Thumb Code     0  __rtentry2.o(.ARM.Collect$$rtentry$$00000002)
    __rt_entry_sh                            0x080002a5   Thumb Code     0  __rtentry4.o(.ARM.Collect$$rtentry$$00000004)
    __rt_entry_li                            0x080002ab   Thumb Code     0  __rtentry2.o(.ARM.Collect$$rtentry$$0000000A)
    __rt_entry_postsh_1                      0x080002ab   Thumb Code     0  __rtentry2.o(.ARM.Collect$$rtentry$$00000009)
    __rt_entry_main                          0x080002af   Thumb Code     0  __rtentry2.o(.ARM.Collect$$rtentry$$0000000D)
    __rt_entry_postli_1                      0x080002af   Thumb Code     0  __rtentry2.o(.ARM.Collect$$rtentry$$0000000C)
    __rt_exit                                0x080002b7   Thumb Code     0  rtexit.o(.ARM.Collect$$rtexit$$00000000)
    __rt_exit_ls                             0x080002b9   Thumb Code     0  rtexit2.o(.ARM.Collect$$rtexit$$00000003)
    __rt_exit_prels_1                        0x080002b9   Thumb Code     0  rtexit2.o(.ARM.Collect$$rtexit$$00000002)
    __rt_exit_exit                           0x080002bd   Thumb Code     0  rtexit2.o(.ARM.Collect$$rtexit$$00000004)
    Reset_Handler                            0x080002c5   Thumb Code     4  startup_stm32f10x_hd.o(.text)
    NMI_Handler                              0x080002c9   Thumb Code     2  startup_stm32f10x_hd.o(.text)
    HardFault_Handler                        0x080002cb   Thumb Code     2  startup_stm32f10x_hd.o(.text)
    MemManage_Handler                        0x080002cd   Thumb Code     2  startup_stm32f10x_hd.o(.text)
    BusFault_Handler                         0x080002cf   Thumb Code     2  startup_stm32f10x_hd.o(.text)
    UsageFault_Handler                       0x080002d1   Thumb Code     2  startup_stm32f10x_hd.o(.text)
    SVC_Handler                              0x080002d3   Thumb Code     2  startup_stm32f10x_hd.o(.text)
    DebugMon_Handler                         0x080002d5   Thumb Code     2  startup_stm32f10x_hd.o(.text)
    PendSV_Handler                           0x080002d7   Thumb Code     2  startup_stm32f10x_hd.o(.text)
    ADC1_2_IRQHandler                        0x080002db   Thumb Code     0  startup_stm32f10x_hd.o(.text)
    ADC3_IRQHandler                          0x080002db   Thumb Code     0  startup_stm32f10x_hd.o(.text)
    CAN1_RX1_IRQHandler                      0x080002db   Thumb Code     0  startup_stm32f10x_hd.o(.text)
    CAN1_SCE_IRQHandler                      0x080002db   Thumb Code     0  startup_stm32f10x_hd.o(.text)
    FLASH_IRQHandler                         0x080002db   Thumb Code     0  startup_stm32f10x_hd.o(.text)
    FSMC_IRQHandler                          0x080002db   Thumb Code     0  startup_stm32f10x_hd.o(.text)
    I2C1_ER_IRQHandler                       0x080002db   Thumb Code     0  startup_stm32f10x_hd.o(.text)
    I2C1_EV_IRQHandler                       0x080002db   Thumb Code     0  startup_stm32f10x_hd.o(.text)
    I2C2_ER_IRQHandler                       0x080002db   Thumb Code     0  startup_stm32f10x_hd.o(.text)
    I2C2_EV_IRQHandler                       0x080002db   Thumb Code     0  startup_stm32f10x_hd.o(.text)
    PVD_IRQHandler                           0x080002db   Thumb Code     0  startup_stm32f10x_hd.o(.text)
    RCC_IRQHandler                           0x080002db   Thumb Code     0  startup_stm32f10x_hd.o(.text)
    RTCAlarm_IRQHandler                      0x080002db   Thumb Code     0  startup_stm32f10x_hd.o(.text)
    RTC_IRQHandler                           0x080002db   Thumb Code     0  startup_stm32f10x_hd.o(.text)
    SDIO_IRQHandler                          0x080002db   Thumb Code     0  startup_stm32f10x_hd.o(.text)
    SPI1_IRQHandler                          0x080002db   Thumb Code     0  startup_stm32f10x_hd.o(.text)
    SPI2_IRQHandler                          0x080002db   Thumb Code     0  startup_stm32f10x_hd.o(.text)
    SPI3_IRQHandler                          0x080002db   Thumb Code     0  startup_stm32f10x_hd.o(.text)
    TAMPER_IRQHandler                        0x080002db   Thumb Code     0  startup_stm32f10x_hd.o(.text)
    TIM1_BRK_IRQHandler                      0x080002db   Thumb Code     0  startup_stm32f10x_hd.o(.text)
    TIM8_BRK_IRQHandler                      0x080002db   Thumb Code     0  startup_stm32f10x_hd.o(.text)
    USBWakeUp_IRQHandler                     0x080002db   Thumb Code     0  startup_stm32f10x_hd.o(.text)
    USB_HP_CAN1_TX_IRQHandler                0x080002db   Thumb Code     0  startup_stm32f10x_hd.o(.text)
    USB_LP_CAN1_RX0_IRQHandler               0x080002db   Thumb Code     0  startup_stm32f10x_hd.o(.text)
    __user_initial_stackheap                 0x080002dd   Thumb Code     0  startup_stm32f10x_hd.o(.text)
    __c89vsprintf                            0x080002f9   Thumb Code    32  c89vsprintf.o(.text)
    __aeabi_memcpy4                          0x0800031d   Thumb Code     0  rt_memcpy_w.o(.text)
    __aeabi_memcpy8                          0x0800031d   Thumb Code     0  rt_memcpy_w.o(.text)
    __rt_memcpy_w                            0x0800031d   Thumb Code   100  rt_memcpy_w.o(.text)
    _memcpy_lastbytes_aligned                0x08000365   Thumb Code     0  rt_memcpy_w.o(.text)
    __use_two_region_memory                  0x08000381   Thumb Code     2  heapauxi.o(.text)
    __rt_heap_escrow$2region                 0x08000383   Thumb Code     2  heapauxi.o(.text)
    __rt_heap_expand$2region                 0x08000385   Thumb Code     2  heapauxi.o(.text)
    __cpp_initialize__aeabi_                 0x08000389   Thumb Code    26  init_aeabi.o(.text)
    _printf_pre_padding                      0x080003ad   Thumb Code    44  _printf_pad.o(.text)
    _printf_post_padding                     0x080003d9   Thumb Code    34  _printf_pad.o(.text)
    _printf_truncate_signed                  0x080003fb   Thumb Code    18  _printf_truncate.o(.text)
    _printf_truncate_unsigned                0x0800040d   Thumb Code    18  _printf_truncate.o(.text)
    _printf_str                              0x0800041f   Thumb Code    82  _printf_str.o(.text)
    _printf_int_dec                          0x08000471   Thumb Code   104  _printf_dec.o(.text)
    _printf_charcount                        0x080004e9   Thumb Code    40  _printf_charcount.o(.text)
    _printf_char_common                      0x0800051b   Thumb Code    32  _printf_char_common.o(.text)
    _sputc                                   0x08000541   Thumb Code    10  _sputc.o(.text)
    _printf_wctomb                           0x0800054d   Thumb Code   182  _printf_wctomb.o(.text)
    _printf_longlong_dec                     0x08000609   Thumb Code   108  _printf_longlong_dec.o(.text)
    _printf_longlong_oct                     0x08000685   Thumb Code    66  _printf_oct_int_ll.o(.text)
    _printf_int_oct                          0x080006c7   Thumb Code    24  _printf_oct_int_ll.o(.text)
    _printf_ll_oct                           0x080006df   Thumb Code    12  _printf_oct_int_ll.o(.text)
    _printf_longlong_hex                     0x080006f5   Thumb Code    86  _printf_hex_int_ll_ptr.o(.text)
    _printf_int_hex                          0x0800074b   Thumb Code    28  _printf_hex_int_ll_ptr.o(.text)
    _printf_ll_hex                           0x08000767   Thumb Code    12  _printf_hex_int_ll_ptr.o(.text)
    _printf_hex_ptr                          0x08000773   Thumb Code    18  _printf_hex_int_ll_ptr.o(.text)
    __printf                                 0x08000789   Thumb Code   388  __printf_flags_ss_wp.o(.text)
    _ll_udiv10                               0x08000911   Thumb Code   138  lludiv10.o(.text)
    _printf_int_common                       0x0800099b   Thumb Code   178  _printf_intcommon.o(.text)
    __lib_sel_fp_printf                      0x08000a4d   Thumb Code     2  _printf_fp_dec.o(.text)
    _printf_fp_dec_real                      0x08000bff   Thumb Code   620  _printf_fp_dec.o(.text)
    _printf_cs_common                        0x08000e6b   Thumb Code    20  _printf_char.o(.text)
    _printf_char                             0x08000e7f   Thumb Code    16  _printf_char.o(.text)
    _printf_string                           0x08000e8f   Thumb Code     8  _printf_char.o(.text)
    _printf_lcs_common                       0x08000e97   Thumb Code    20  _printf_wchar.o(.text)
    _printf_wchar                            0x08000eab   Thumb Code    16  _printf_wchar.o(.text)
    _printf_wstring                          0x08000ebb   Thumb Code     8  _printf_wchar.o(.text)
    _wcrtomb                                 0x08000ec3   Thumb Code    64  _wcrtomb.o(.text)
    __user_setup_stackheap                   0x08000f03   Thumb Code    74  sys_stackheap_outer.o(.text)
    __rt_ctype_table                         0x08000f4d   Thumb Code    16  rt_ctype_table.o(.text)
    __rt_locale                              0x08000f5d   Thumb Code     8  rt_locale_intlibspace.o(.text)
    _printf_fp_infnan                        0x08000f65   Thumb Code   112  _printf_fp_infnan.o(.text)
    _btod_etento                             0x08000fe5   Thumb Code   224  bigflt0.o(.text)
    exit                                     0x080010c9   Thumb Code    18  exit.o(.text)
    __user_libspace                          0x080010dd   Thumb Code     8  libspace.o(.text)
    __user_perproc_libspace                  0x080010dd   Thumb Code     0  libspace.o(.text)
    __user_perthread_libspace                0x080010dd   Thumb Code     0  libspace.o(.text)
    strcmp                                   0x080010e5   Thumb Code   128  strcmpv7m.o(.text)
    __I$use$semihosting                      0x08001165   Thumb Code     0  use_no_semi.o(.text)
    __use_no_semihosting_swi                 0x08001165   Thumb Code     2  use_no_semi.o(.text)
    __semihosting_library_function           0x08001167   Thumb Code     0  indicate_semi.o(.text)
    _sys_exit                                0x08001169   Thumb Code     8  sys_exit.o(.text)
    _btod_d2e                                0x08001175   Thumb Code    62  btod.o(CL$$btod_d2e)
    _d2e_denorm_low                          0x080011b3   Thumb Code    70  btod.o(CL$$btod_d2e_denorm_low)
    _d2e_norm_op1                            0x080011f9   Thumb Code    96  btod.o(CL$$btod_d2e_norm_op1)
    __btod_div_common                        0x08001259   Thumb Code   696  btod.o(CL$$btod_div_common)
    _e2e                                     0x08001591   Thumb Code   220  btod.o(CL$$btod_e2e)
    _btod_ediv                               0x0800166d   Thumb Code    42  btod.o(CL$$btod_ediv)
    _btod_emul                               0x08001697   Thumb Code    42  btod.o(CL$$btod_emul)
    __btod_mult_common                       0x080016c1   Thumb Code   580  btod.o(CL$$btod_mult_common)
    DMA1_Channel1_IRQHandler                 0x08001905   Thumb Code    10  dma.o(i.DMA1_Channel1_IRQHandler)
    DMA1_Channel2_IRQHandler                 0x08001915   Thumb Code    10  dma.o(i.DMA1_Channel2_IRQHandler)
    DMA1_Channel3_IRQHandler                 0x08001925   Thumb Code    10  dma.o(i.DMA1_Channel3_IRQHandler)
    DMA1_Channel4_IRQHandler                 0x08001935   Thumb Code    10  dma.o(i.DMA1_Channel4_IRQHandler)
    DMA1_Channel5_IRQHandler                 0x08001945   Thumb Code    10  dma.o(i.DMA1_Channel5_IRQHandler)
    DMA1_Channel6_IRQHandler                 0x08001955   Thumb Code    10  dma.o(i.DMA1_Channel6_IRQHandler)
    DMA1_Channel7_IRQHandler                 0x08001965   Thumb Code    10  dma.o(i.DMA1_Channel7_IRQHandler)
    DMA2_Channel1_IRQHandler                 0x08001975   Thumb Code    10  dma.o(i.DMA2_Channel1_IRQHandler)
    DMA2_Channel2_IRQHandler                 0x08001985   Thumb Code    10  dma.o(i.DMA2_Channel2_IRQHandler)
    DMA2_Channel3_IRQHandler                 0x08001995   Thumb Code    10  dma.o(i.DMA2_Channel3_IRQHandler)
    DMA2_Channel4_5_IRQHandler               0x080019a5   Thumb Code    16  dma.o(i.DMA2_Channel4_5_IRQHandler)
    EXTI0_IRQHandler                         0x080019bd   Thumb Code    22  exti.o(i.EXTI0_IRQHandler)
    EXTI15_10_IRQHandler                     0x080019dd   Thumb Code    40  exti.o(i.EXTI15_10_IRQHandler)
    EXTI1_IRQHandler                         0x08001a0d   Thumb Code    22  exti.o(i.EXTI1_IRQHandler)
    EXTI2_IRQHandler                         0x08001a2d   Thumb Code    22  exti.o(i.EXTI2_IRQHandler)
    EXTI3_IRQHandler                         0x08001a4d   Thumb Code    22  exti.o(i.EXTI3_IRQHandler)
    EXTI4_IRQHandler                         0x08001a6d   Thumb Code    22  exti.o(i.EXTI4_IRQHandler)
    EXTI9_5_IRQHandler                       0x08001a8d   Thumb Code    40  exti.o(i.EXTI9_5_IRQHandler)
    MY_NVIC_Init                             0x08001abd   Thumb Code   116  sys.o(i.MY_NVIC_Init)
    MY_NVIC_PriorityGroupConfig              0x08001b35   Thumb Code    32  sys.o(i.MY_NVIC_PriorityGroupConfig)
    MY_NVIC_SetVectorTable                   0x08001b5d   Thumb Code    12  sys.o(i.MY_NVIC_SetVectorTable)
    Stm32_Clock_Init                         0x08001b71   Thumb Code   134  sys.o(i.Stm32_Clock_Init)
    SysTick_Handler                          0x08001c01   Thumb Code    12  basic.o(i.SysTick_Handler)
    TIM1_CC_IRQHandler                       0x08001c11   Thumb Code    10  timer.o(i.TIM1_CC_IRQHandler)
    TIM1_TRG_COM_IRQHandler                  0x08001c21   Thumb Code    10  timer.o(i.TIM1_TRG_COM_IRQHandler)
    TIM1_UP_IRQHandler                       0x08001c31   Thumb Code    10  timer.o(i.TIM1_UP_IRQHandler)
    TIM2_IRQHandler                          0x08001c41   Thumb Code    10  timer.o(i.TIM2_IRQHandler)
    TIM3_IRQHandler                          0x08001c51   Thumb Code    10  timer.o(i.TIM3_IRQHandler)
    TIM4_IRQHandler                          0x08001c61   Thumb Code    10  timer.o(i.TIM4_IRQHandler)
    TIM5_IRQHandler                          0x08001c71   Thumb Code    10  timer.o(i.TIM5_IRQHandler)
    TIM6_IRQHandler                          0x08001c81   Thumb Code    10  timer.o(i.TIM6_IRQHandler)
    TIM7_IRQHandler                          0x08001c91   Thumb Code    10  timer.o(i.TIM7_IRQHandler)
    TIM8_CC_IRQHandler                       0x08001ca1   Thumb Code    10  timer.o(i.TIM8_CC_IRQHandler)
    TIM8_TRG_COM_IRQHandler                  0x08001cb1   Thumb Code    10  timer.o(i.TIM8_TRG_COM_IRQHandler)
    TIM8_UP_IRQHandler                       0x08001cc1   Thumb Code    10  timer.o(i.TIM8_UP_IRQHandler)
    UART4_IRQHandler                         0x08001cd1   Thumb Code    10  usart.o(i.UART4_IRQHandler)
    UART5_IRQHandler                         0x08001ce1   Thumb Code    10  usart.o(i.UART5_IRQHandler)
    USART1_IRQHandler                        0x08001cf1   Thumb Code    10  usart.o(i.USART1_IRQHandler)
    USART2_IRQHandler                        0x08001d01   Thumb Code    10  usart.o(i.USART2_IRQHandler)
    USART3_IRQHandler                        0x08001d11   Thumb Code    10  usart.o(i.USART3_IRQHandler)
    WWDG_IRQHandler                          0x08001d21   Thumb Code    18  wdg.o(i.WWDG_IRQHandler)
    MYRCC_DeInit()                           0x08001d3d   Thumb Code    90  sys.o(i._Z12MYRCC_DeInitv)
    rdma1_IRQHandler()                       0x08001da5   Thumb Code    18  usart.o(i._Z16rdma1_IRQHandlerv)
    rdma2_IRQHandler()                       0x08001dbd   Thumb Code    18  usart.o(i._Z16rdma2_IRQHandlerv)
    rdma3_IRQHandler()                       0x08001dd5   Thumb Code    18  usart.o(i._Z16rdma3_IRQHandlerv)
    tdma1_IRQHandler()                       0x08001ded   Thumb Code    10  usart.o(i._Z16tdma1_IRQHandlerv)
    tdma2_IRQHandler()                       0x08001dfd   Thumb Code    10  usart.o(i._Z16tdma2_IRQHandlerv)
    tdma3_IRQHandler()                       0x08001e0d   Thumb Code    10  usart.o(i._Z16tdma3_IRQHandlerv)
    map(float, float, float, float, float)   0x08001e1d   Thumb Code    72  servo.o(i._Z3mapfffff)
    delay(unsigned)                          0x08001e65   Thumb Code    18  basic.o(i._Z5delayj)
    put16(unsigned, unsigned char, unsigned) 0x08001e7d   Thumb Code    26  basic.o(i._Z5put16jhj)
    micros()                                 0x08001e99   Thumb Code    34  basic.o(i._Z6microsv)
    millis()                                 0x08001ec5   Thumb Code     6  basic.o(i._Z6millisv)
    pinMode(pin, IO_mode, IO_level)          0x08001ed1   Thumb Code   108  basic.o(i._Z7pinMode3pin7IO_mode8IO_level)
    delay_us(unsigned)                       0x08001f41   Thumb Code    64  basic.o(i._Z8delay_usj)
    key_init()                               0x08001f85   Thumb Code    58  key.o(i._Z8key_initv)
    led_init()                               0x08001fc5   Thumb Code    28  led.o(i._Z8led_initv)
    sys_init(unsigned char, unsigned char)   0x08001fe9   Thumb Code   102  basic.o(i._Z8sys_inithh)
    NVIC_init(unsigned char, NVIC_priority)  0x08002065   Thumb Code    24  basic.o(i._Z9NVIC_inith13NVIC_priority)
    led1_flip()                              0x0800207d   Thumb Code    76  main.o(i._Z9led1_flipv)
    UART::IRQHandler()                       0x080020cd   Thumb Code   376  usart.o(i._ZN4UART10IRQHandlerEv)
    UART::enable(unsigned char, recv_mode, io_t, io_t, unsigned, parity_e) 0x08002245   Thumb Code  1158  usart.o(i._ZN4UART6enableEh9recv_mode4io_tS1_j8parity_e)
    UART::printf(const char*, ...)           0x080026cd   Thumb Code   236  usart.o(i._ZN4UART6printfEPKcz)
    UART::UART(USART_TypeDef*)               0x080027bd   Thumb Code    76  usart.o(i._ZN4UARTC1EP13USART_TypeDef)
    UART::UART__sub_object(USART_TypeDef*)   0x080027bd   Thumb Code     0  usart.o(i._ZN4UARTC1EP13USART_TypeDef)
    Servo::init(timer&, TIM_CHx, unsigned char) 0x0800282d   Thumb Code   146  servo.o(i._ZN5Servo4initER5timer7TIM_CHxh)
    timer::IRQHandler()                      0x080028d1   Thumb Code   132  timer.o(i._ZN5timer10IRQHandlerEv)
    timer::attach_ITR(void(*)(), tim_event, NVIC_priority) 0x08002955   Thumb Code   242  timer.o(i._ZN5timer10attach_ITREPFvvE9tim_event13NVIC_priority)
    timer::set_frequency(unsigned)           0x08002a51   Thumb Code    38  timer.o(i._ZN5timer13set_frequencyEj)
    timer::set_frequency(unsigned short, unsigned short) 0x08002a7d   Thumb Code    10  timer.o(i._ZN5timer13set_frequencyEtt)
    timer::enable_channel(TIM_CHx)           0x08002a87   Thumb Code    22  timer.o(i._ZN5timer14enable_channelE7TIM_CHx)
    timer::set_channel_mode(TIM_CHx, tim_channel_mode, unsigned char, unsigned char) 0x08002a9d   Thumb Code   758  timer.o(i._ZN5timer16set_channel_modeE7TIM_CHx16tim_channel_modehh)
    timer::init(tim_mode)                    0x08002dbd   Thumb Code    84  timer.o(i._ZN5timer4initE8tim_mode)
    timer::enable()                          0x08002e1d   Thumb Code    14  timer.o(i._ZN5timer6enableEv)
    timer::timer(TIM_TypeDef*)               0x08002e2b   Thumb Code    36  timer.o(i._ZN5timerC1EP11TIM_TypeDef)
    timer::timer__sub_object(TIM_TypeDef*)   0x08002e2b   Thumb Code     0  timer.o(i._ZN5timerC1EP11TIM_TypeDef)
    DMA_CH::IRQHandler()                     0x08002e51   Thumb Code   146  dma.o(i._ZN6DMA_CH10IRQHandlerEv)
    DMA_CH::attach_ITR(void(*)(), NVIC_priority) 0x08002eed   Thumb Code   278  dma.o(i._ZN6DMA_CH10attach_ITREPFvvE13NVIC_priority)
    DMA_CH::init(unsigned, unsigned, dma_dir, unsigned short, unsigned char, unsigned char, data_size, data_size, unsigned char, unsigned char, dma_priority) 0x08003011   Thumb Code   134  dma.o(i._ZN6DMA_CH4initEjj7dma_dirthh9data_sizeS1_hh12dma_priority)
    DMA_CH::config(unsigned, unsigned, unsigned short) 0x080030a1   Thumb Code    14  dma.o(i._ZN6DMA_CH6configEjjt)
    DMA_CH::enable()                         0x080030af   Thumb Code    36  dma.o(i._ZN6DMA_CH6enableEv)
    DMA_CH::DMA_CH(DMA_Channel_TypeDef*)     0x080030d3   Thumb Code     8  dma.o(i._ZN6DMA_CHC1EP19DMA_Channel_TypeDef)
    DMA_CH::DMA_CH__sub_object(DMA_Channel_TypeDef*) 0x080030d3   Thumb Code     0  dma.o(i._ZN6DMA_CHC1EP19DMA_Channel_TypeDef)
    __ARM_fpclassify                         0x080030db   Thumb Code    40  fpclassify.o(i.__ARM_fpclassify)
    _is_digit                                0x0800328d   Thumb Code    14  __printf_wp.o(i._is_digit)
    main                                     0x0800329d   Thumb Code   212  main.o(i.main)
    _get_lc_numeric                          0x0800339d   Thumb Code    44  lc_numeric_c.o(locale$$code)
    _get_lc_ctype                            0x080033c9   Thumb Code    44  lc_ctype_c.o(locale$$code)
    __aeabi_ddiv                             0x080033f5   Thumb Code     0  ddiv.o(x$fpl$ddiv)
    _ddiv                                    0x080033f5   Thumb Code   552  ddiv.o(x$fpl$ddiv)
    __aeabi_d2iz                             0x080036a5   Thumb Code     0  dfix.o(x$fpl$dfix)
    _dfix                                    0x080036a5   Thumb Code    94  dfix.o(x$fpl$dfix)
    __fpl_dnaninf                            0x08003703   Thumb Code   156  dnaninf.o(x$fpl$dnaninf)
    __fpl_dretinf                            0x0800379f   Thumb Code    12  dretinf.o(x$fpl$dretinf)
    __aeabi_f2d                              0x080037ad   Thumb Code     0  f2d.o(x$fpl$f2d)
    _f2d                                     0x080037ad   Thumb Code    86  f2d.o(x$fpl$f2d)
    __aeabi_fadd                             0x08003805   Thumb Code     0  faddsub_clz.o(x$fpl$fadd)
    _fadd                                    0x08003805   Thumb Code   196  faddsub_clz.o(x$fpl$fadd)
    __aeabi_fdiv                             0x080038c9   Thumb Code     0  fdiv.o(x$fpl$fdiv)
    _fdiv                                    0x080038c9   Thumb Code   384  fdiv.o(x$fpl$fdiv)
    __aeabi_f2iz                             0x08003a4d   Thumb Code     0  ffix.o(x$fpl$ffix)
    _ffix                                    0x08003a4d   Thumb Code    54  ffix.o(x$fpl$ffix)
    __aeabi_f2uiz                            0x08003a85   Thumb Code     0  ffixu.o(x$fpl$ffixu)
    _ffixu                                   0x08003a85   Thumb Code    62  ffixu.o(x$fpl$ffixu)
    __aeabi_i2f                              0x08003ac5   Thumb Code     0  fflt_clz.o(x$fpl$fflt)
    _fflt                                    0x08003ac5   Thumb Code    48  fflt_clz.o(x$fpl$fflt)
    __aeabi_ui2f                             0x08003af5   Thumb Code     0  fflt_clz.o(x$fpl$ffltu)
    _ffltu                                   0x08003af5   Thumb Code    38  fflt_clz.o(x$fpl$ffltu)
    __aeabi_fmul                             0x08003b1d   Thumb Code     0  fmul.o(x$fpl$fmul)
    _fmul                                    0x08003b1d   Thumb Code   258  fmul.o(x$fpl$fmul)
    __fpl_fnaninf                            0x08003c1f   Thumb Code   140  fnaninf.o(x$fpl$fnaninf)
    __fpl_fretinf                            0x08003cab   Thumb Code    10  fretinf.o(x$fpl$fretinf)
    __aeabi_frsub                            0x08003cb5   Thumb Code     0  faddsub_clz.o(x$fpl$frsb)
    _frsb                                    0x08003cb5   Thumb Code    20  faddsub_clz.o(x$fpl$frsb)
    __aeabi_fsub                             0x08003cc9   Thumb Code     0  faddsub_clz.o(x$fpl$fsub)
    _fsub                                    0x08003cc9   Thumb Code   234  faddsub_clz.o(x$fpl$fsub)
    _printf_fp_dec                           0x08003db3   Thumb Code     4  printf1.o(x$fpl$printf1)
    __I$use$fp                               0x08003db6   Number         0  usenofp.o(x$fpl$usenofp)
    Region$$Table$$Base                      0x08003e90   Number         0  anon$$obj.o(Region$$Table)
    Region$$Table$$Limit                     0x08003eb0   Number         0  anon$$obj.o(Region$$Table)
    __ctype                                  0x08003ed9   Data           0  lc_ctype_c.o(locale$$data)
    SHT$$INIT_ARRAY$$Base                    0x08003fdc   Number         0  dma.o(.init_array)
    SHT$$INIT_ARRAY$$Limit                   0x08003fe8   Number         0  init_aeabi.o(.init_array)
    spwm_i                                   0x20000000   Data           4  main.o(.data)
    spwm_buf_n                               0x20000004   Data           4  main.o(.data)
    spwm_buf                                 0x20000008   Data           4  main.o(.data)
    enable_ch                                0x2000000c   Data           1  main.o(.data)
    melody                                   0x20000010   Data          32  main.o(.data)
    noteDurations                            0x20000030   Data          32  main.o(.data)
    buf_len                                  0x20000050   Data           1  main.o(.data)
    t                                        0x20000054   Data           4  main.o(.data)
    servo1                                   0x20000058   Data           8  main.o(.data)
    default_priority                         0x20000060   Data           3  basic.o(.data)
    default_priority_H                       0x20000063   Data           3  basic.o(.data)
    sys_ms                                   0x20000068   Data           4  basic.o(.data)
    sys_clock                                0x2000006c   Data           1  basic.o(.data)
    sys_clock_pll                            0x2000006d   Data           1  basic.o(.data)
    wwdg_cnt                                 0x2000006e   Data           1  wdg.o(.data)
    tim1_pin                                 0x20000070   Data          80  timer.o(.data)
    tim2_pin                                 0x200000c0   Data         160  timer.o(.data)
    tim3_pin                                 0x20000160   Data         120  timer.o(.data)
    tim4_pin                                 0x200001d8   Data          80  timer.o(.data)
    tim5_pin                                 0x20000228   Data          40  timer.o(.data)
    led0                                     0x20000250   Data           8  led.o(.data)
    led1                                     0x20000258   Data           8  led.o(.data)
    key                                      0x20000260   Data          32  key.o(.data)
    uart1_pin                                0x20000280   Data          32  usart.o(.data)
    uart2_pin                                0x200002a0   Data          32  usart.o(.data)
    uart3_pin                                0x200002c0   Data          48  usart.o(.data)
    itr                                      0x200002f4   Data          64  exti.o(.bss)
    dma1_1                                   0x20000334   Data          12  dma.o(.bss)
    dma1_2                                   0x20000340   Data          12  dma.o(.bss)
    dma1_3                                   0x2000034c   Data          12  dma.o(.bss)
    dma1_4                                   0x20000358   Data          12  dma.o(.bss)
    dma1_5                                   0x20000364   Data          12  dma.o(.bss)
    dma1_6                                   0x20000370   Data          12  dma.o(.bss)
    dma1_7                                   0x2000037c   Data          12  dma.o(.bss)
    dma2_1                                   0x20000388   Data          12  dma.o(.bss)
    dma2_2                                   0x20000394   Data          12  dma.o(.bss)
    dma2_3                                   0x200003a0   Data          12  dma.o(.bss)
    dma2_4                                   0x200003ac   Data          12  dma.o(.bss)
    dma2_5                                   0x200003b8   Data          12  dma.o(.bss)
    tim1                                     0x200003c4   Data          28  timer.o(.bss)
    tim2                                     0x200003e0   Data          28  timer.o(.bss)
    tim3                                     0x200003fc   Data          28  timer.o(.bss)
    tim4                                     0x20000418   Data          28  timer.o(.bss)
    tim5                                     0x20000434   Data          28  timer.o(.bss)
    tim6                                     0x20000450   Data          28  timer.o(.bss)
    tim7                                     0x2000046c   Data          28  timer.o(.bss)
    tim8                                     0x20000488   Data          28  timer.o(.bss)
    uart1                                    0x200004a4   Data         432  usart.o(.bss)
    uart2                                    0x20000654   Data         432  usart.o(.bss)
    uart3                                    0x20000804   Data         432  usart.o(.bss)
    uart4                                    0x200009b4   Data         432  usart.o(.bss)
    uart5                                    0x20000b64   Data         432  usart.o(.bss)
    __libspace_start                         0x20000d14   Data          96  libspace.o(.bss)
    __temporary_stack_top$libspace           0x20000d74   Data           0  libspace.o(.bss)



==============================================================================

Memory Map of the image

  Image Entry point : 0x08000131

  Load Region LR_IROM1 (Base: 0x08000000, Size: 0x000042dc, Max: 0x00080000, ABSOLUTE, COMPRESSED[0x000040d4])

    Execution Region ER_IROM1 (Exec base: 0x08000000, Load base: 0x08000000, Size: 0x00003fe8, Max: 0x00080000, ABSOLUTE)

    Exec Addr    Load Addr    Size         Type   Attr      Idx    E Section Name        Object

    0x08000000   0x08000000   0x00000130   Data   RO            3    RESET               startup_stm32f10x_hd.o
    0x08000130   0x08000130   0x00000008   Code   RO         1304  * !!!main             c_w.l(__main.o)
    0x08000138   0x08000138   0x00000034   Code   RO         1676    !!!scatter          c_w.l(__scatter.o)
    0x0800016c   0x0800016c   0x00000064   Code   RO         1674    !!dclz77c           c_w.l(__dclz77c.o)
    0x080001d0   0x080001d0   0x0000001c   Code   RO         1678    !!handler_zi        c_w.l(__scatter_zi.o)
    0x080001ec   0x080001ec   0x00000000   Code   RO         1434    .ARM.Collect$$_printf_percent$$00000000  c_w.l(_printf_percent.o)
    0x080001ec   0x080001ec   0x00000006   Code   RO         1423    .ARM.Collect$$_printf_percent$$00000001  c_w.l(_printf_n.o)
    0x080001f2   0x080001f2   0x00000006   Code   RO         1425    .ARM.Collect$$_printf_percent$$00000002  c_w.l(_printf_p.o)
    0x080001f8   0x080001f8   0x00000006   Code   RO         1430    .ARM.Collect$$_printf_percent$$00000003  c_w.l(_printf_f.o)
    0x080001fe   0x080001fe   0x00000006   Code   RO         1431    .ARM.Collect$$_printf_percent$$00000004  c_w.l(_printf_e.o)
    0x08000204   0x08000204   0x00000006   Code   RO         1432    .ARM.Collect$$_printf_percent$$00000005  c_w.l(_printf_g.o)
    0x0800020a   0x0800020a   0x00000006   Code   RO         1433    .ARM.Collect$$_printf_percent$$00000006  c_w.l(_printf_a.o)
    0x08000210   0x08000210   0x0000000a   Code   RO         1438    .ARM.Collect$$_printf_percent$$00000007  c_w.l(_printf_ll.o)
    0x0800021a   0x0800021a   0x00000006   Code   RO         1427    .ARM.Collect$$_printf_percent$$00000008  c_w.l(_printf_i.o)
    0x08000220   0x08000220   0x00000006   Code   RO         1428    .ARM.Collect$$_printf_percent$$00000009  c_w.l(_printf_d.o)
    0x08000226   0x08000226   0x00000006   Code   RO         1429    .ARM.Collect$$_printf_percent$$0000000A  c_w.l(_printf_u.o)
    0x0800022c   0x0800022c   0x00000006   Code   RO         1426    .ARM.Collect$$_printf_percent$$0000000B  c_w.l(_printf_o.o)
    0x08000232   0x08000232   0x00000006   Code   RO         1424    .ARM.Collect$$_printf_percent$$0000000C  c_w.l(_printf_x.o)
    0x08000238   0x08000238   0x00000006   Code   RO         1435    .ARM.Collect$$_printf_percent$$0000000D  c_w.l(_printf_lli.o)
    0x0800023e   0x0800023e   0x00000006   Code   RO         1436    .ARM.Collect$$_printf_percent$$0000000E  c_w.l(_printf_lld.o)
    0x08000244   0x08000244   0x00000006   Code   RO         1437    .ARM.Collect$$_printf_percent$$0000000F  c_w.l(_printf_llu.o)
    0x0800024a   0x0800024a   0x00000006   Code   RO         1442    .ARM.Collect$$_printf_percent$$00000010  c_w.l(_printf_llo.o)
    0x08000250   0x08000250   0x00000006   Code   RO         1443    .ARM.Collect$$_printf_percent$$00000011  c_w.l(_printf_llx.o)
    0x08000256   0x08000256   0x0000000a   Code   RO         1439    .ARM.Collect$$_printf_percent$$00000012  c_w.l(_printf_l.o)
    0x08000260   0x08000260   0x00000006   Code   RO         1421    .ARM.Collect$$_printf_percent$$00000013  c_w.l(_printf_c.o)
    0x08000266   0x08000266   0x00000006   Code   RO         1422    .ARM.Collect$$_printf_percent$$00000014  c_w.l(_printf_s.o)
    0x0800026c   0x0800026c   0x00000006   Code   RO         1440    .ARM.Collect$$_printf_percent$$00000015  c_w.l(_printf_lc.o)
    0x08000272   0x08000272   0x00000006   Code   RO         1441    .ARM.Collect$$_printf_percent$$00000016  c_w.l(_printf_ls.o)
    0x08000278   0x08000278   0x00000004   Code   RO         1529    .ARM.Collect$$_printf_percent$$00000017  c_w.l(_printf_percent_end.o)
    0x0800027c   0x0800027c   0x00000002   Code   RO         1588    .ARM.Collect$$libinit$$00000000  c_w.l(libinit.o)
    0x0800027e   0x0800027e   0x00000000   Code   RO         1445    .ARM.Collect$$libinit$$00000002  c_w.l(libinit2.o)
    0x0800027e   0x0800027e   0x00000000   Code   RO         1447    .ARM.Collect$$libinit$$00000004  c_w.l(libinit2.o)
    0x0800027e   0x0800027e   0x00000000   Code   RO         1450    .ARM.Collect$$libinit$$0000000A  c_w.l(libinit2.o)
    0x0800027e   0x0800027e   0x00000000   Code   RO         1452    .ARM.Collect$$libinit$$0000000C  c_w.l(libinit2.o)
    0x0800027e   0x0800027e   0x00000000   Code   RO         1454    .ARM.Collect$$libinit$$0000000E  c_w.l(libinit2.o)
    0x0800027e   0x0800027e   0x00000006   Code   RO         1455    .ARM.Collect$$libinit$$0000000F  c_w.l(libinit2.o)
    0x08000284   0x08000284   0x00000000   Code   RO         1457    .ARM.Collect$$libinit$$00000011  c_w.l(libinit2.o)
    0x08000284   0x08000284   0x0000000c   Code   RO         1458    .ARM.Collect$$libinit$$00000012  c_w.l(libinit2.o)
    0x08000290   0x08000290   0x00000000   Code   RO         1459    .ARM.Collect$$libinit$$00000013  c_w.l(libinit2.o)
    0x08000290   0x08000290   0x00000000   Code   RO         1461    .ARM.Collect$$libinit$$00000015  c_w.l(libinit2.o)
    0x08000290   0x08000290   0x0000000a   Code   RO         1462    .ARM.Collect$$libinit$$00000016  c_w.l(libinit2.o)
    0x0800029a   0x0800029a   0x00000000   Code   RO         1463    .ARM.Collect$$libinit$$00000017  c_w.l(libinit2.o)
    0x0800029a   0x0800029a   0x00000000   Code   RO         1465    .ARM.Collect$$libinit$$00000019  c_w.l(libinit2.o)
    0x0800029a   0x0800029a   0x00000000   Code   RO         1467    .ARM.Collect$$libinit$$0000001B  c_w.l(libinit2.o)
    0x0800029a   0x0800029a   0x00000000   Code   RO         1469    .ARM.Collect$$libinit$$0000001D  c_w.l(libinit2.o)
    0x0800029a   0x0800029a   0x00000000   Code   RO         1471    .ARM.Collect$$libinit$$0000001F  c_w.l(libinit2.o)
    0x0800029a   0x0800029a   0x00000000   Code   RO         1473    .ARM.Collect$$libinit$$00000021  c_w.l(libinit2.o)
    0x0800029a   0x0800029a   0x00000000   Code   RO         1475    .ARM.Collect$$libinit$$00000023  c_w.l(libinit2.o)
    0x0800029a   0x0800029a   0x00000000   Code   RO         1477    .ARM.Collect$$libinit$$00000025  c_w.l(libinit2.o)
    0x0800029a   0x0800029a   0x00000000   Code   RO         1481    .ARM.Collect$$libinit$$0000002C  c_w.l(libinit2.o)
    0x0800029a   0x0800029a   0x00000000   Code   RO         1483    .ARM.Collect$$libinit$$0000002E  c_w.l(libinit2.o)
    0x0800029a   0x0800029a   0x00000000   Code   RO         1485    .ARM.Collect$$libinit$$00000030  c_w.l(libinit2.o)
    0x0800029a   0x0800029a   0x00000004   Code   RO         1486    .ARM.Collect$$libinit$$00000031  c_w.l(libinit2.o)
    0x0800029e   0x0800029e   0x00000000   Code   RO         1487    .ARM.Collect$$libinit$$00000032  c_w.l(libinit2.o)
    0x0800029e   0x0800029e   0x00000002   Code   RO         1488    .ARM.Collect$$libinit$$00000033  c_w.l(libinit2.o)
    0x080002a0   0x080002a0   0x00000002   Code   RO         1635    .ARM.Collect$$libshutdown$$00000000  c_w.l(libshutdown.o)
    0x080002a2   0x080002a2   0x00000000   Code   RO         1641    .ARM.Collect$$libshutdown$$00000002  c_w.l(libshutdown2.o)
    0x080002a2   0x080002a2   0x00000000   Code   RO         1643    .ARM.Collect$$libshutdown$$00000004  c_w.l(libshutdown2.o)
    0x080002a2   0x080002a2   0x00000000   Code   RO         1646    .ARM.Collect$$libshutdown$$00000007  c_w.l(libshutdown2.o)
    0x080002a2   0x080002a2   0x00000000   Code   RO         1649    .ARM.Collect$$libshutdown$$0000000A  c_w.l(libshutdown2.o)
    0x080002a2   0x080002a2   0x00000000   Code   RO         1651    .ARM.Collect$$libshutdown$$0000000C  c_w.l(libshutdown2.o)
    0x080002a2   0x080002a2   0x00000000   Code   RO         1654    .ARM.Collect$$libshutdown$$0000000F  c_w.l(libshutdown2.o)
    0x080002a2   0x080002a2   0x00000002   Code   RO         1655    .ARM.Collect$$libshutdown$$00000010  c_w.l(libshutdown2.o)
    0x080002a4   0x080002a4   0x00000000   Code   RO         1352    .ARM.Collect$$rtentry$$00000000  c_w.l(__rtentry.o)
    0x080002a4   0x080002a4   0x00000000   Code   RO         1503    .ARM.Collect$$rtentry$$00000002  c_w.l(__rtentry2.o)
    0x080002a4   0x080002a4   0x00000006   Code   RO         1515    .ARM.Collect$$rtentry$$00000004  c_w.l(__rtentry4.o)
    0x080002aa   0x080002aa   0x00000000   Code   RO         1505    .ARM.Collect$$rtentry$$00000009  c_w.l(__rtentry2.o)
    0x080002aa   0x080002aa   0x00000004   Code   RO         1506    .ARM.Collect$$rtentry$$0000000A  c_w.l(__rtentry2.o)
    0x080002ae   0x080002ae   0x00000000   Code   RO         1508    .ARM.Collect$$rtentry$$0000000C  c_w.l(__rtentry2.o)
    0x080002ae   0x080002ae   0x00000008   Code   RO         1509    .ARM.Collect$$rtentry$$0000000D  c_w.l(__rtentry2.o)
    0x080002b6   0x080002b6   0x00000002   Code   RO         1598    .ARM.Collect$$rtexit$$00000000  c_w.l(rtexit.o)
    0x080002b8   0x080002b8   0x00000000   Code   RO         1615    .ARM.Collect$$rtexit$$00000002  c_w.l(rtexit2.o)
    0x080002b8   0x080002b8   0x00000004   Code   RO         1616    .ARM.Collect$$rtexit$$00000003  c_w.l(rtexit2.o)
    0x080002bc   0x080002bc   0x00000006   Code   RO         1617    .ARM.Collect$$rtexit$$00000004  c_w.l(rtexit2.o)
    0x080002c2   0x080002c2   0x00000002   PAD
    0x080002c4   0x080002c4   0x00000034   Code   RO            4    .text               startup_stm32f10x_hd.o
    0x080002f8   0x080002f8   0x00000024   Code   RO         1298    .text               c_w.l(c89vsprintf.o)
    0x0800031c   0x0800031c   0x00000064   Code   RO         1300    .text               c_w.l(rt_memcpy_w.o)
    0x08000380   0x08000380   0x00000006   Code   RO         1302    .text               c_w.l(heapauxi.o)
    0x08000386   0x08000386   0x00000002   PAD
    0x08000388   0x08000388   0x00000024   Code   RO         1309    .text               c_w.l(init_aeabi.o)
    0x080003ac   0x080003ac   0x0000004e   Code   RO         1355    .text               c_w.l(_printf_pad.o)
    0x080003fa   0x080003fa   0x00000024   Code   RO         1357    .text               c_w.l(_printf_truncate.o)
    0x0800041e   0x0800041e   0x00000052   Code   RO         1359    .text               c_w.l(_printf_str.o)
    0x08000470   0x08000470   0x00000078   Code   RO         1361    .text               c_w.l(_printf_dec.o)
    0x080004e8   0x080004e8   0x00000028   Code   RO         1363    .text               c_w.l(_printf_charcount.o)
    0x08000510   0x08000510   0x00000030   Code   RO         1365    .text               c_w.l(_printf_char_common.o)
    0x08000540   0x08000540   0x0000000a   Code   RO         1367    .text               c_w.l(_sputc.o)
    0x0800054a   0x0800054a   0x00000002   PAD
    0x0800054c   0x0800054c   0x000000bc   Code   RO         1369    .text               c_w.l(_printf_wctomb.o)
    0x08000608   0x08000608   0x0000007c   Code   RO         1372    .text               c_w.l(_printf_longlong_dec.o)
    0x08000684   0x08000684   0x00000070   Code   RO         1378    .text               c_w.l(_printf_oct_int_ll.o)
    0x080006f4   0x080006f4   0x00000094   Code   RO         1398    .text               c_w.l(_printf_hex_int_ll_ptr.o)
    0x08000788   0x08000788   0x00000188   Code   RO         1418    .text               c_w.l(__printf_flags_ss_wp.o)
    0x08000910   0x08000910   0x0000008a   Code   RO         1517    .text               c_w.l(lludiv10.o)
    0x0800099a   0x0800099a   0x000000b2   Code   RO         1519    .text               c_w.l(_printf_intcommon.o)
    0x08000a4c   0x08000a4c   0x0000041e   Code   RO         1521    .text               c_w.l(_printf_fp_dec.o)
    0x08000e6a   0x08000e6a   0x0000002c   Code   RO         1525    .text               c_w.l(_printf_char.o)
    0x08000e96   0x08000e96   0x0000002c   Code   RO         1527    .text               c_w.l(_printf_wchar.o)
    0x08000ec2   0x08000ec2   0x00000040   Code   RO         1530    .text               c_w.l(_wcrtomb.o)
    0x08000f02   0x08000f02   0x0000004a   Code   RO         1538    .text               c_w.l(sys_stackheap_outer.o)
    0x08000f4c   0x08000f4c   0x00000010   Code   RO         1540    .text               c_w.l(rt_ctype_table.o)
    0x08000f5c   0x08000f5c   0x00000008   Code   RO         1545    .text               c_w.l(rt_locale_intlibspace.o)
    0x08000f64   0x08000f64   0x00000080   Code   RO         1547    .text               c_w.l(_printf_fp_infnan.o)
    0x08000fe4   0x08000fe4   0x000000e4   Code   RO         1549    .text               c_w.l(bigflt0.o)
    0x080010c8   0x080010c8   0x00000012   Code   RO         1577    .text               c_w.l(exit.o)
    0x080010da   0x080010da   0x00000002   PAD
    0x080010dc   0x080010dc   0x00000008   Code   RO         1595    .text               c_w.l(libspace.o)
    0x080010e4   0x080010e4   0x00000080   Code   RO         1609    .text               c_w.l(strcmpv7m.o)
    0x08001164   0x08001164   0x00000002   Code   RO         1611    .text               c_w.l(use_no_semi.o)
    0x08001166   0x08001166   0x00000000   Code   RO         1613    .text               c_w.l(indicate_semi.o)
    0x08001166   0x08001166   0x00000002   PAD
    0x08001168   0x08001168   0x0000000c   Code   RO         1627    .text               c_w.l(sys_exit.o)
    0x08001174   0x08001174   0x0000003e   Code   RO         1552    CL$$btod_d2e        c_w.l(btod.o)
    0x080011b2   0x080011b2   0x00000046   Code   RO         1554    CL$$btod_d2e_denorm_low  c_w.l(btod.o)
    0x080011f8   0x080011f8   0x00000060   Code   RO         1553    CL$$btod_d2e_norm_op1  c_w.l(btod.o)
    0x08001258   0x08001258   0x00000338   Code   RO         1562    CL$$btod_div_common  c_w.l(btod.o)
    0x08001590   0x08001590   0x000000dc   Code   RO         1559    CL$$btod_e2e        c_w.l(btod.o)
    0x0800166c   0x0800166c   0x0000002a   Code   RO         1556    CL$$btod_ediv       c_w.l(btod.o)
    0x08001696   0x08001696   0x0000002a   Code   RO         1555    CL$$btod_emul       c_w.l(btod.o)
    0x080016c0   0x080016c0   0x00000244   Code   RO         1561    CL$$btod_mult_common  c_w.l(btod.o)
    0x08001904   0x08001904   0x00000010   Code   RO          468    i.DMA1_Channel1_IRQHandler  dma.o
    0x08001914   0x08001914   0x00000010   Code   RO          469    i.DMA1_Channel2_IRQHandler  dma.o
    0x08001924   0x08001924   0x00000010   Code   RO          470    i.DMA1_Channel3_IRQHandler  dma.o
    0x08001934   0x08001934   0x00000010   Code   RO          471    i.DMA1_Channel4_IRQHandler  dma.o
    0x08001944   0x08001944   0x00000010   Code   RO          472    i.DMA1_Channel5_IRQHandler  dma.o
    0x08001954   0x08001954   0x00000010   Code   RO          473    i.DMA1_Channel6_IRQHandler  dma.o
    0x08001964   0x08001964   0x00000010   Code   RO          474    i.DMA1_Channel7_IRQHandler  dma.o
    0x08001974   0x08001974   0x00000010   Code   RO          475    i.DMA2_Channel1_IRQHandler  dma.o
    0x08001984   0x08001984   0x00000010   Code   RO          476    i.DMA2_Channel2_IRQHandler  dma.o
    0x08001994   0x08001994   0x00000010   Code   RO          477    i.DMA2_Channel3_IRQHandler  dma.o
    0x080019a4   0x080019a4   0x00000018   Code   RO          478    i.DMA2_Channel4_5_IRQHandler  dma.o
    0x080019bc   0x080019bc   0x00000020   Code   RO          353    i.EXTI0_IRQHandler  exti.o
    0x080019dc   0x080019dc   0x00000030   Code   RO          354    i.EXTI15_10_IRQHandler  exti.o
    0x08001a0c   0x08001a0c   0x00000020   Code   RO          355    i.EXTI1_IRQHandler  exti.o
    0x08001a2c   0x08001a2c   0x00000020   Code   RO          356    i.EXTI2_IRQHandler  exti.o
    0x08001a4c   0x08001a4c   0x00000020   Code   RO          357    i.EXTI3_IRQHandler  exti.o
    0x08001a6c   0x08001a6c   0x00000020   Code   RO          358    i.EXTI4_IRQHandler  exti.o
    0x08001a8c   0x08001a8c   0x00000030   Code   RO          359    i.EXTI9_5_IRQHandler  exti.o
    0x08001abc   0x08001abc   0x00000078   Code   RO          148    i.MY_NVIC_Init      sys.o
    0x08001b34   0x08001b34   0x00000028   Code   RO          149    i.MY_NVIC_PriorityGroupConfig  sys.o
    0x08001b5c   0x08001b5c   0x00000014   Code   RO          150    i.MY_NVIC_SetVectorTable  sys.o
    0x08001b70   0x08001b70   0x00000090   Code   RO          151    i.Stm32_Clock_Init  sys.o
    0x08001c00   0x08001c00   0x00000010   Code   RO          237    i.SysTick_Handler   basic.o
    0x08001c10   0x08001c10   0x00000010   Code   RO          621    i.TIM1_CC_IRQHandler  timer.o
    0x08001c20   0x08001c20   0x00000010   Code   RO          622    i.TIM1_TRG_COM_IRQHandler  timer.o
    0x08001c30   0x08001c30   0x00000010   Code   RO          623    i.TIM1_UP_IRQHandler  timer.o
    0x08001c40   0x08001c40   0x00000010   Code   RO          624    i.TIM2_IRQHandler   timer.o
    0x08001c50   0x08001c50   0x00000010   Code   RO          625    i.TIM3_IRQHandler   timer.o
    0x08001c60   0x08001c60   0x00000010   Code   RO          626    i.TIM4_IRQHandler   timer.o
    0x08001c70   0x08001c70   0x00000010   Code   RO          627    i.TIM5_IRQHandler   timer.o
    0x08001c80   0x08001c80   0x00000010   Code   RO          628    i.TIM6_IRQHandler   timer.o
    0x08001c90   0x08001c90   0x00000010   Code   RO          629    i.TIM7_IRQHandler   timer.o
    0x08001ca0   0x08001ca0   0x00000010   Code   RO          630    i.TIM8_CC_IRQHandler  timer.o
    0x08001cb0   0x08001cb0   0x00000010   Code   RO          631    i.TIM8_TRG_COM_IRQHandler  timer.o
    0x08001cc0   0x08001cc0   0x00000010   Code   RO          632    i.TIM8_UP_IRQHandler  timer.o
    0x08001cd0   0x08001cd0   0x00000010   Code   RO         1131    i.UART4_IRQHandler  usart.o
    0x08001ce0   0x08001ce0   0x00000010   Code   RO         1132    i.UART5_IRQHandler  usart.o
    0x08001cf0   0x08001cf0   0x00000010   Code   RO         1133    i.USART1_IRQHandler  usart.o
    0x08001d00   0x08001d00   0x00000010   Code   RO         1134    i.USART2_IRQHandler  usart.o
    0x08001d10   0x08001d10   0x00000010   Code   RO         1135    i.USART3_IRQHandler  usart.o
    0x08001d20   0x08001d20   0x0000001c   Code   RO          421    i.WWDG_IRQHandler   wdg.o
    0x08001d3c   0x08001d3c   0x00000068   Code   RO          155    i._Z12MYRCC_DeInitv  sys.o
    0x08001da4   0x08001da4   0x00000018   Code   RO         1136    i._Z16rdma1_IRQHandlerv  usart.o
    0x08001dbc   0x08001dbc   0x00000018   Code   RO         1137    i._Z16rdma2_IRQHandlerv  usart.o
    0x08001dd4   0x08001dd4   0x00000018   Code   RO         1138    i._Z16rdma3_IRQHandlerv  usart.o
    0x08001dec   0x08001dec   0x00000010   Code   RO         1139    i._Z16tdma1_IRQHandlerv  usart.o
    0x08001dfc   0x08001dfc   0x00000010   Code   RO         1140    i._Z16tdma2_IRQHandlerv  usart.o
    0x08001e0c   0x08001e0c   0x00000010   Code   RO         1141    i._Z16tdma3_IRQHandlerv  usart.o
    0x08001e1c   0x08001e1c   0x00000048   Code   RO         1110    i._Z3mapfffff       servo.o
    0x08001e64   0x08001e64   0x00000018   Code   RO          239    i._Z5delayj         basic.o
    0x08001e7c   0x08001e7c   0x0000001a   Code   RO          327    i._Z5put16jhj       basic.o
    0x08001e96   0x08001e96   0x00000002   PAD
    0x08001e98   0x08001e98   0x0000002c   Code   RO          241    i._Z6microsv        basic.o
    0x08001ec4   0x08001ec4   0x0000000c   Code   RO          242    i._Z6millisv        basic.o
    0x08001ed0   0x08001ed0   0x00000070   Code   RO          244    i._Z7pinMode3pin7IO_mode8IO_level  basic.o
    0x08001f40   0x08001f40   0x00000044   Code   RO          245    i._Z8delay_usj      basic.o
    0x08001f84   0x08001f84   0x00000040   Code   RO         1015    i._Z8key_initv      key.o
    0x08001fc4   0x08001fc4   0x00000024   Code   RO          996    i._Z8led_initv      led.o
    0x08001fe8   0x08001fe8   0x0000007c   Code   RO          246    i._Z8sys_inithh     basic.o
    0x08002064   0x08002064   0x00000018   Code   RO          248    i._Z9NVIC_inith13NVIC_priority  basic.o
    0x0800207c   0x0800207c   0x00000050   Code   RO           13    i._Z9led1_flipv     main.o
    0x080020cc   0x080020cc   0x00000178   Code   RO         1142    i._ZN4UART10IRQHandlerEv  usart.o
    0x08002244   0x08002244   0x00000486   Code   RO         1147    i._ZN4UART6enableEh9recv_mode4io_tS1_j8parity_e  usart.o
    0x080026ca   0x080026ca   0x00000002   PAD
    0x080026cc   0x080026cc   0x000000f0   Code   RO         1148    i._ZN4UART6printfEPKcz  usart.o
    0x080027bc   0x080027bc   0x00000070   Code   RO         1151    i._ZN4UARTC1EP13USART_TypeDef  usart.o
    0x0800282c   0x0800282c   0x000000a4   Code   RO         1090    i._ZN5Servo4initER5timer7TIM_CHxh  servo.o
    0x080028d0   0x080028d0   0x00000084   Code   RO          633    i._ZN5timer10IRQHandlerEv  timer.o
    0x08002954   0x08002954   0x000000fc   Code   RO          634    i._ZN5timer10attach_ITREPFvvE9tim_event13NVIC_priority  timer.o
    0x08002a50   0x08002a50   0x0000002c   Code   RO          638    i._ZN5timer13set_frequencyEj  timer.o
    0x08002a7c   0x08002a7c   0x0000000a   Code   RO          639    i._ZN5timer13set_frequencyEtt  timer.o
    0x08002a86   0x08002a86   0x00000016   Code   RO          640    i._ZN5timer14enable_channelE7TIM_CHx  timer.o
    0x08002a9c   0x08002a9c   0x00000320   Code   RO          644    i._ZN5timer16set_channel_modeE7TIM_CHx16tim_channel_modehh  timer.o
    0x08002dbc   0x08002dbc   0x00000060   Code   RO          646    i._ZN5timer4initE8tim_mode  timer.o
    0x08002e1c   0x08002e1c   0x0000000e   Code   RO          647    i._ZN5timer6enableEv  timer.o
    0x08002e2a   0x08002e2a   0x00000024   Code   RO          651    i._ZN5timerC1EP11TIM_TypeDef  timer.o
    0x08002e4e   0x08002e4e   0x00000002   PAD
    0x08002e50   0x08002e50   0x0000009c   Code   RO          479    i._ZN6DMA_CH10IRQHandlerEv  dma.o
    0x08002eec   0x08002eec   0x00000124   Code   RO          480    i._ZN6DMA_CH10attach_ITREPFvvE13NVIC_priority  dma.o
    0x08003010   0x08003010   0x00000090   Code   RO          483    i._ZN6DMA_CH4initEjj7dma_dirthh9data_sizeS1_hh12dma_priority  dma.o
    0x080030a0   0x080030a0   0x0000000e   Code   RO          484    i._ZN6DMA_CH6configEjjt  dma.o
    0x080030ae   0x080030ae   0x00000024   Code   RO          486    i._ZN6DMA_CH6enableEv  dma.o
    0x080030d2   0x080030d2   0x00000008   Code   RO          488    i._ZN6DMA_CHC1EP19DMA_Channel_TypeDef  dma.o
    0x080030da   0x080030da   0x00000028   Code   RO         1591    i.__ARM_fpclassify  m_ws.l(fpclassify.o)
    0x08003102   0x08003102   0x00000002   PAD
    0x08003104   0x08003104   0x000000b0   Code   RO          489    i.__sti___7_dma_cpp_dma1_1  dma.o
    0x080031b4   0x080031b4   0x00000084   Code   RO          652    i.__sti___9_timer_cpp_tim1  timer.o
    0x08003238   0x08003238   0x00000054   Code   RO         1152    i.__sti___9_usart_cpp_eed3c6e7  usart.o
    0x0800328c   0x0800328c   0x0000000e   Code   RO         1411    i._is_digit         c_w.l(__printf_wp.o)
    0x0800329a   0x0800329a   0x00000002   PAD
    0x0800329c   0x0800329c   0x00000100   Code   RO           17    i.main              main.o
    0x0800339c   0x0800339c   0x0000002c   Code   RO         1575    locale$$code        c_w.l(lc_numeric_c.o)
    0x080033c8   0x080033c8   0x0000002c   Code   RO         1603    locale$$code        c_w.l(lc_ctype_c.o)
    0x080033f4   0x080033f4   0x000002b0   Code   RO         1315    x$fpl$ddiv          fz_ws.l(ddiv.o)
    0x080036a4   0x080036a4   0x0000005e   Code   RO         1318    x$fpl$dfix          fz_ws.l(dfix.o)
    0x08003702   0x08003702   0x0000009c   Code   RO         1489    x$fpl$dnaninf       fz_ws.l(dnaninf.o)
    0x0800379e   0x0800379e   0x0000000c   Code   RO         1491    x$fpl$dretinf       fz_ws.l(dretinf.o)
    0x080037aa   0x080037aa   0x00000002   PAD
    0x080037ac   0x080037ac   0x00000056   Code   RO         1322    x$fpl$f2d           fz_ws.l(f2d.o)
    0x08003802   0x08003802   0x00000002   PAD
    0x08003804   0x08003804   0x000000c4   Code   RO         1324    x$fpl$fadd          fz_ws.l(faddsub_clz.o)
    0x080038c8   0x080038c8   0x00000184   Code   RO         1331    x$fpl$fdiv          fz_ws.l(fdiv.o)
    0x08003a4c   0x08003a4c   0x00000036   Code   RO         1334    x$fpl$ffix          fz_ws.l(ffix.o)
    0x08003a82   0x08003a82   0x00000002   PAD
    0x08003a84   0x08003a84   0x0000003e   Code   RO         1338    x$fpl$ffixu         fz_ws.l(ffixu.o)
    0x08003ac2   0x08003ac2   0x00000002   PAD
    0x08003ac4   0x08003ac4   0x00000030   Code   RO         1343    x$fpl$fflt          fz_ws.l(fflt_clz.o)
    0x08003af4   0x08003af4   0x00000026   Code   RO         1342    x$fpl$ffltu         fz_ws.l(fflt_clz.o)
    0x08003b1a   0x08003b1a   0x00000002   PAD
    0x08003b1c   0x08003b1c   0x00000102   Code   RO         1348    x$fpl$fmul          fz_ws.l(fmul.o)
    0x08003c1e   0x08003c1e   0x0000008c   Code   RO         1495    x$fpl$fnaninf       fz_ws.l(fnaninf.o)
    0x08003caa   0x08003caa   0x0000000a   Code   RO         1497    x$fpl$fretinf       fz_ws.l(fretinf.o)
    0x08003cb4   0x08003cb4   0x00000014   Code   RO         1325    x$fpl$frsb          fz_ws.l(faddsub_clz.o)
    0x08003cc8   0x08003cc8   0x000000ea   Code   RO         1326    x$fpl$fsub          fz_ws.l(faddsub_clz.o)
    0x08003db2   0x08003db2   0x00000004   Code   RO         1499    x$fpl$printf1       fz_ws.l(printf1.o)
    0x08003db6   0x08003db6   0x00000000   Code   RO         1501    x$fpl$usenofp       fz_ws.l(usenofp.o)
    0x08003db6   0x08003db6   0x00000002   PAD
    0x08003db8   0x08003db8   0x00000008   Data   RO         1370    .constdata          c_w.l(_printf_wctomb.o)
    0x08003dc0   0x08003dc0   0x00000028   Data   RO         1399    .constdata          c_w.l(_printf_hex_int_ll_ptr.o)
    0x08003de8   0x08003de8   0x00000011   Data   RO         1419    .constdata          c_w.l(__printf_flags_ss_wp.o)
    0x08003df9   0x08003df9   0x00000003   PAD
    0x08003dfc   0x08003dfc   0x00000094   Data   RO         1550    .constdata          c_w.l(bigflt0.o)
    0x08003e90   0x08003e90   0x00000020   Data   RO         1672    Region$$Table       anon$$obj.o
    0x08003eb0   0x08003eb0   0x0000001c   Data   RO         1574    locale$$data        c_w.l(lc_numeric_c.o)
    0x08003ecc   0x08003ecc   0x00000110   Data   RO         1602    locale$$data        c_w.l(lc_ctype_c.o)
    0x08003fdc   0x08003fdc   0x00000004   Data   RO          513    .init_array         dma.o
    0x08003fe0   0x08003fdc   0x00000004   Data   RO          687    .init_array         timer.o
    0x08003fe4   0x08003fdc   0x00000004   Data   RO         1177    .init_array         usart.o
    0x08003fe8   0x08003fdc   0x00000000   Data   RO         1307    .init_array         c_w.l(init_aeabi.o)


    Execution Region RW_IRAM1 (Exec base: 0x20000000, Load base: 0x08003fe8, Size: 0x00001178, Max: 0x00010000, ABSOLUTE, COMPRESSED[0x000000ec])

    Exec Addr    Load Addr    Size         Type   Attr      Idx    E Section Name        Object

    0x20000000   COMPRESSED   0x00000060   Data   RW           27    .data               main.o
    0x20000060   COMPRESSED   0x0000000e   Data   RW          261    .data               basic.o
    0x2000006e   COMPRESSED   0x00000001   Data   RW          431    .data               wdg.o
    0x2000006f   COMPRESSED   0x00000001   PAD
    0x20000070   COMPRESSED   0x000001e0   Data   RW          686    .data               timer.o
    0x20000250   COMPRESSED   0x00000010   Data   RW          998    .data               led.o
    0x20000260   COMPRESSED   0x00000020   Data   RW         1017    .data               key.o
    0x20000280   COMPRESSED   0x00000074   Data   RW         1176    .data               usart.o
    0x200002f4        -       0x00000040   Zero   RW          369    .bss                exti.o
    0x20000334        -       0x00000090   Zero   RW          512    .bss                dma.o
    0x200003c4        -       0x000000e0   Zero   RW          685    .bss                timer.o
    0x200004a4        -       0x00000870   Zero   RW         1175    .bss                usart.o
    0x20000d14        -       0x00000060   Zero   RW         1596    .bss                c_w.l(libspace.o)
    0x20000d74   COMPRESSED   0x00000004   PAD
    0x20000d78        -       0x00000000   Zero   RW            2    HEAP                startup_stm32f10x_hd.o
    0x20000d78        -       0x00000400   Zero   RW            1    STACK               startup_stm32f10x_hd.o


==============================================================================

Image component sizes


      Code (inc. data)   RO Data    RW Data    ZI Data      Debug   Object Name

       450         56          0         14          0      21734   basic.o
      1010        158          4          0        144      10525   dma.o
       256         66          0          0         64       3845   exti.o
        64          6          0         32          0        969   key.o
        36          8          0         16          0        679   led.o
       336         48          0         96          0     215474   main.o
       236         18          0          0          0       5628   servo.o
        52         18        304          0       1024        804   startup_stm32f10x_hd.o
       428         44          0          0          0       2836   sys.o
      1730        204          4        480        224      13907   timer.o
      2170        228          4        116       2160      13854   usart.o
        28         10          0          1          0        641   wdg.o

    ----------------------------------------------------------------------
      6802        864        348        756       3616     290896   Object Totals
         0          0         32          0          0          0   (incl. Generated)
         6          0          0          1          0          0   (incl. Padding)

    ----------------------------------------------------------------------

      Code (inc. data)   RO Data    RW Data    ZI Data      Debug   Library Member Name

       100          0          0          0          0          0   __dclz77c.o
         8          0          0          0          0         68   __main.o
       392          4         17          0          0         92   __printf_flags_ss_wp.o
        14          0          0          0          0         68   __printf_wp.o
         0          0          0          0          0          0   __rtentry.o
        12          0          0          0          0          0   __rtentry2.o
         6          0          0          0          0          0   __rtentry4.o
        52          8          0          0          0          0   __scatter.o
        28          0          0          0          0          0   __scatter_zi.o
         6          0          0          0          0          0   _printf_a.o
         6          0          0          0          0          0   _printf_c.o
        44          0          0          0          0        108   _printf_char.o
        48          6          0          0          0         96   _printf_char_common.o
        40          0          0          0          0         68   _printf_charcount.o
         6          0          0          0          0          0   _printf_d.o
       120         16          0          0          0         92   _printf_dec.o
         6          0          0          0          0          0   _printf_e.o
         6          0          0          0          0          0   _printf_f.o
      1054          0          0          0          0        216   _printf_fp_dec.o
       128         16          0          0          0         84   _printf_fp_infnan.o
         6          0          0          0          0          0   _printf_g.o
       148          4         40          0          0        160   _printf_hex_int_ll_ptr.o
         6          0          0          0          0          0   _printf_i.o
       178          0          0          0          0         88   _printf_intcommon.o
        10          0          0          0          0          0   _printf_l.o
         6          0          0          0          0          0   _printf_lc.o
        10          0          0          0          0          0   _printf_ll.o
         6          0          0          0          0          0   _printf_lld.o
         6          0          0          0          0          0   _printf_lli.o
         6          0          0          0          0          0   _printf_llo.o
         6          0          0          0          0          0   _printf_llu.o
         6          0          0          0          0          0   _printf_llx.o
       124         16          0          0          0         92   _printf_longlong_dec.o
         6          0          0          0          0          0   _printf_ls.o
         6          0          0          0          0          0   _printf_n.o
         6          0          0          0          0          0   _printf_o.o
       112         10          0          0          0        124   _printf_oct_int_ll.o
         6          0          0          0          0          0   _printf_p.o
        78          0          0          0          0        108   _printf_pad.o
         0          0          0          0          0          0   _printf_percent.o
         4          0          0          0          0          0   _printf_percent_end.o
         6          0          0          0          0          0   _printf_s.o
        82          0          0          0          0         80   _printf_str.o
        36          0          0          0          0         84   _printf_truncate.o
         6          0          0          0          0          0   _printf_u.o
        44          0          0          0          0        108   _printf_wchar.o
       188          6          8          0          0         92   _printf_wctomb.o
         6          0          0          0          0          0   _printf_x.o
        10          0          0          0          0         68   _sputc.o
        64          0          0          0          0         92   _wcrtomb.o
       228          4        148          0          0         96   bigflt0.o
      1936        128          0          0          0        672   btod.o
        36          4          0          0          0         76   c89vsprintf.o
        18          0          0          0          0         80   exit.o
         6          0          0          0          0        152   heapauxi.o
         0          0          0          0          0          0   indicate_semi.o
        36         10          0          0          0         80   init_aeabi.o
        44         10        272          0          0         76   lc_ctype_c.o
        44         10         28          0          0         76   lc_numeric_c.o
         2          0          0          0          0          0   libinit.o
        34          0          0          0          0          0   libinit2.o
         2          0          0          0          0          0   libshutdown.o
         2          0          0          0          0          0   libshutdown2.o
         8          4          0          0         96         68   libspace.o
       138          0          0          0          0         80   lludiv10.o
        16          4          0          0          0         76   rt_ctype_table.o
         8          4          0          0          0         68   rt_locale_intlibspace.o
       100          0          0          0          0         80   rt_memcpy_w.o
         2          0          0          0          0          0   rtexit.o
        10          0          0          0          0          0   rtexit2.o
       128          0          0          0          0         68   strcmpv7m.o
        12          4          0          0          0         68   sys_exit.o
        74          0          0          0          0         80   sys_stackheap_outer.o
         2          0          0          0          0         68   use_no_semi.o
       688        140          0          0          0        208   ddiv.o
        94          4          0          0          0         92   dfix.o
       156          4          0          0          0         92   dnaninf.o
        12          0          0          0          0         68   dretinf.o
        86          4          0          0          0         84   f2d.o
       450          8          0          0          0        236   faddsub_clz.o
       388         76          0          0          0         96   fdiv.o
        54          4          0          0          0         84   ffix.o
        62          4          0          0          0         84   ffixu.o
        86          0          0          0          0        136   fflt_clz.o
       258          4          0          0          0         84   fmul.o
       140          4          0          0          0         84   fnaninf.o
        10          0          0          0          0         68   fretinf.o
         4          0          0          0          0         68   printf1.o
         0          0          0          0          0          0   usenofp.o
        40          0          0          0          0         68   fpclassify.o

    ----------------------------------------------------------------------
      8694        520        516          0        100       5504   Library Totals
        26          0          3          0          4          0   (incl. Padding)

    ----------------------------------------------------------------------

      Code (inc. data)   RO Data    RW Data    ZI Data      Debug   Library Name

      6140        268        513          0         96       3952   c_w.l
      2488        252          0          0          0       1484   fz_ws.l
        40          0          0          0          0         68   m_ws.l

    ----------------------------------------------------------------------
      8694        520        516          0        100       5504   Library Totals

    ----------------------------------------------------------------------

==============================================================================


      Code (inc. data)   RO Data    RW Data    ZI Data      Debug   

     15496       1384        864        756       3716     289168   Grand Totals
     15496       1384        864        236       3716     289168   ELF Image Totals (compressed)
     15496       1384        864        236          0          0   ROM Totals

==============================================================================

    Total RO  Size (Code + RO Data)                16360 (  15.98kB)
    Total RW  Size (RW Data + ZI Data)              4472 (   4.37kB)
    Total ROM Size (Code + RO Data + RW Data)      16596 (  16.21kB)

==============================================================================

